Component: Arm Compiler for Embedded 6.19 Tool: armlink [5e73cb00]

==============================================================================

Section Cross References

    startup_stm32f429xx.o(STACK) refers (Special) to heapauxi.o(.text) for __use_two_region_memory
    startup_stm32f429xx.o(HEAP) refers (Special) to heapauxi.o(.text) for __use_two_region_memory
    startup_stm32f429xx.o(RESET) refers (Special) to heapauxi.o(.text) for __use_two_region_memory
    startup_stm32f429xx.o(RESET) refers to startup_stm32f429xx.o(STACK) for __initial_sp
    startup_stm32f429xx.o(RESET) refers to startup_stm32f429xx.o(.text) for Reset_Handler
    startup_stm32f429xx.o(RESET) refers to stm32f4xx_it.o(.text.NMI_Handler) for NMI_Handler
    startup_stm32f429xx.o(RESET) refers to stm32f4xx_it.o(.text.HardFault_Handler) for HardFault_Handler
    startup_stm32f429xx.o(RESET) refers to stm32f4xx_it.o(.text.MemManage_Handler) for MemManage_Handler
    startup_stm32f429xx.o(RESET) refers to stm32f4xx_it.o(.text.BusFault_Handler) for BusFault_Handler
    startup_stm32f429xx.o(RESET) refers to stm32f4xx_it.o(.text.UsageFault_Handler) for UsageFault_Handler
    startup_stm32f429xx.o(RESET) refers to port.o(.text.SVC_Handler) for SVC_Handler
    startup_stm32f429xx.o(RESET) refers to stm32f4xx_it.o(.text.DebugMon_Handler) for DebugMon_Handler
    startup_stm32f429xx.o(RESET) refers to port.o(.text.PendSV_Handler) for PendSV_Handler
    startup_stm32f429xx.o(RESET) refers to cmsis_os2.o(.text.SysTick_Handler) for SysTick_Handler
    startup_stm32f429xx.o(RESET) refers to stm32f4xx_it.o(.text.EXTI3_IRQHandler) for EXTI3_IRQHandler
    startup_stm32f429xx.o(RESET) refers to stm32f4xx_it.o(.text.EXTI4_IRQHandler) for EXTI4_IRQHandler
    startup_stm32f429xx.o(RESET) refers to stm32f4xx_it.o(.text.EXTI9_5_IRQHandler) for EXTI9_5_IRQHandler
    startup_stm32f429xx.o(RESET) refers to stm32f4xx_it.o(.text.TIM1_UP_TIM10_IRQHandler) for TIM1_UP_TIM10_IRQHandler
    startup_stm32f429xx.o(RESET) refers to stm32f4xx_it.o(.text.TIM2_IRQHandler) for TIM2_IRQHandler
    startup_stm32f429xx.o(RESET) refers to stm32f4xx_it.o(.text.USART2_IRQHandler) for USART2_IRQHandler
    startup_stm32f429xx.o(.text) refers (Special) to heapauxi.o(.text) for __use_two_region_memory
    startup_stm32f429xx.o(.text) refers to system_stm32f4xx.o(.text.SystemInit) for SystemInit
    startup_stm32f429xx.o(.text) refers to __main.o(!!!main) for __main
    startup_stm32f429xx.o(.text) refers to startup_stm32f429xx.o(HEAP) for Heap_Mem
    startup_stm32f429xx.o(.text) refers to startup_stm32f429xx.o(STACK) for Stack_Mem
    main.o(.text) refers (Special) to _printf_percent.o(.ARM.Collect$$_printf_percent$$00000000) for _printf_percent
    main.o(.text) refers (Special) to _printf_s.o(.ARM.Collect$$_printf_percent$$00000014) for _printf_s
    main.o(.text) refers (Special) to _printf_d.o(.ARM.Collect$$_printf_percent$$00000009) for _printf_d
    main.o(.text) refers (Special) to _printf_f.o(.ARM.Collect$$_printf_percent$$00000003) for _printf_f
    main.o(.text) refers (Special) to _printf_dec.o(.text) for _printf_int_dec
    main.o(.text) refers (Special) to printf1.o(x$fpl$printf1) for _printf_fp_dec
    main.o(.text) refers (Special) to _printf_str.o(.text) for _printf_str
    main.o(.text.taskDHT11) refers (Special) to _printf_percent.o(.ARM.Collect$$_printf_percent$$00000000) for _printf_percent
    main.o(.text.taskDHT11) refers (Special) to _printf_s.o(.ARM.Collect$$_printf_percent$$00000014) for _printf_s
    main.o(.text.taskDHT11) refers (Special) to _printf_d.o(.ARM.Collect$$_printf_percent$$00000009) for _printf_d
    main.o(.text.taskDHT11) refers (Special) to _printf_f.o(.ARM.Collect$$_printf_percent$$00000003) for _printf_f
    main.o(.text.taskDHT11) refers (Special) to _printf_dec.o(.text) for _printf_int_dec
    main.o(.text.taskDHT11) refers (Special) to printf1.o(x$fpl$printf1) for _printf_fp_dec
    main.o(.text.taskDHT11) refers (Special) to _printf_str.o(.text) for _printf_str
    main.o(.text.taskDHT11) refers to main.o(.bss..L_MergedGlobals) for .L_MergedGlobals
    main.o(.text.taskDHT11) refers to stm32f4xx_hal_gpio.o(.text.HAL_GPIO_WritePin) for HAL_GPIO_WritePin
    main.o(.text.taskDHT11) refers to tasks.o(.text.vTaskDelay) for vTaskDelay
    main.o(.text.taskDHT11) refers to puts.o(.text) for puts
    main.o(.text.taskDHT11) refers to dht11.o(.text.DHT11GetData) for DHT11GetData
    main.o(.text.taskDHT11) refers to f2d.o(x$fpl$f2d) for __aeabi_f2d
    main.o(.text.taskDHT11) refers to noretval__2printf.o(.text) for __2printf
    main.o(.ARM.exidx.text.taskDHT11) refers (Special) to _printf_percent.o(.ARM.Collect$$_printf_percent$$00000000) for _printf_percent
    main.o(.ARM.exidx.text.taskDHT11) refers (Special) to _printf_s.o(.ARM.Collect$$_printf_percent$$00000014) for _printf_s
    main.o(.ARM.exidx.text.taskDHT11) refers (Special) to _printf_d.o(.ARM.Collect$$_printf_percent$$00000009) for _printf_d
[...]
    __aeabi_memclr4                          0x0800071b   Thumb Code     0  rt_memclr_w.o(.text)
    __aeabi_memclr8                          0x0800071b   Thumb Code     0  rt_memclr_w.o(.text)
    __rt_memclr_w                            0x0800071b   Thumb Code     0  rt_memclr_w.o(.text)
    _memset_w                                0x0800071f   Thumb Code    74  rt_memclr_w.o(.text)
    __use_two_region_memory                  0x08000769   Thumb Code     2  heapauxi.o(.text)
    __rt_heap_escrow                         0x0800076b   Thumb Code     2  heapauxi.o(.text)
    __rt_heap_expand                         0x0800076d   Thumb Code     2  heapauxi.o(.text)
    _printf_int_common                       0x0800076f   Thumb Code   178  _printf_intcommon.o(.text)
    _printf_fp_dec_real                      0x080009d1   Thumb Code   620  _printf_fp_dec.o(.text)
    _printf_char_common                      0x08000c47   Thumb Code    32  _printf_char_common.o(.text)
    _sputc                                   0x08000c6d   Thumb Code    10  _sputc.o(.text)
    _snputc                                  0x08000c77   Thumb Code    16  _snputc.o(.text)
    _printf_cs_common                        0x08000c87   Thumb Code    20  _printf_char.o(.text)
    _printf_char                             0x08000c9b   Thumb Code    16  _printf_char.o(.text)
    _printf_string                           0x08000cab   Thumb Code     8  _printf_char.o(.text)
    _printf_char_file                        0x08000cb5   Thumb Code    32  _printf_char_file.o(.text)
    _scanf_really_real                       0x08000f25   Thumb Code   684  scanf_fp.o(.text)
    __vfscanf_char                           0x080011dd   Thumb Code    24  scanf_char.o(.text)
    _sgetc                                   0x080011fd   Thumb Code    30  _sgetc.o(.text)
    _sbackspace                              0x0800121b   Thumb Code    34  _sgetc.o(.text)
    __aeabi_memcpy4                          0x0800123d   Thumb Code     0  rt_memcpy_w.o(.text)
    __aeabi_memcpy8                          0x0800123d   Thumb Code     0  rt_memcpy_w.o(.text)
    __rt_memcpy_w                            0x0800123d   Thumb Code   100  rt_memcpy_w.o(.text)
    _memcpy_lastbytes_aligned                0x08001285   Thumb Code     0  rt_memcpy_w.o(.text)
    __rt_locale                              0x080012a1   Thumb Code     8  rt_locale_intlibspace.o(.text)
    __aeabi_errno_addr                       0x080012a9   Thumb Code     8  rt_errno_addr_intlibspace.o(.text)
    __errno$intlibspace                      0x080012a9   Thumb Code     0  rt_errno_addr_intlibspace.o(.text)
    __rt_errno_addr$intlibspace              0x080012a9   Thumb Code     0  rt_errno_addr_intlibspace.o(.text)
    __aeabi_llsl                             0x080012b1   Thumb Code     0  llshl.o(.text)
    _ll_shift_l                              0x080012b1   Thumb Code    38  llshl.o(.text)
    _ll_udiv10                               0x080012d7   Thumb Code   138  lludiv10.o(.text)
    isspace                                  0x08001361   Thumb Code    18  isspace.o(.text)
    _printf_fp_infnan                        0x08001375   Thumb Code   112  _printf_fp_infnan.o(.text)
    __vfscanf                                0x080013f5   Thumb Code   878  _scanf.o(.text)
    _btod_etento                             0x08001769   Thumb Code   224  bigflt0.o(.text)
    ferror                                   0x0800184d   Thumb Code     8  ferror.o(.text)
    _initio                                  0x08001855   Thumb Code   210  initio.o(.text)
    _terminateio                             0x08001927   Thumb Code    56  initio.o(.text)
    strlen                                   0x0800198d   Thumb Code    62  strlen.o(.text)
    __user_libspace                          0x080019cd   Thumb Code     8  libspace.o(.text)
    __user_perproc_libspace                  0x080019cd   Thumb Code     0  libspace.o(.text)
    __user_perthread_libspace                0x080019cd   Thumb Code     0  libspace.o(.text)
    __user_setup_stackheap                   0x080019d5   Thumb Code    74  sys_stackheap_outer.o(.text)
    __rt_ctype_table                         0x08001a21   Thumb Code    16  rt_ctype_table.o(.text)
    free                                     0x08001a31   Thumb Code    78  h1_free.o(.text)
    __read_errno                             0x08001a7f   Thumb Code    10  _rserrno.o(.text)
    __set_errno                              0x08001a89   Thumb Code    12  _rserrno.o(.text)
    _scanf_really_hex_real                   0x08001a95   Thumb Code   786  scanf_hexfp.o(.text)
    _scanf_really_infnan                     0x08001db5   Thumb Code   292  scanf_infnan.o(.text)
    setvbuf                                  0x08001ee9   Thumb Code    70  setvbuf.o(.text)
    freopen                                  0x08001f31   Thumb Code   160  fopen.o(.text)
    fopen                                    0x08001fd1   Thumb Code    74  fopen.o(.text)
    _fclose_internal                         0x08002021   Thumb Code    76  fclose.o(.text)
    fclose                                   0x08002021   Thumb Code     0  fclose.o(.text)
    exit                                     0x0800206d   Thumb Code    18  exit.o(.text)
    __rt_SIGRTRED                            0x0800207f   Thumb Code    14  defsig_rtred_outer.o(.text)
    strcmp                                   0x08002091   Thumb Code   124  strcmpv7em.o(.text)
    _sys_open                                0x0800210d   Thumb Code    20  sys_io.o(.text)
    _sys_close                               0x08002121   Thumb Code    12  sys_io.o(.text)
    _sys_write                               0x0800212d   Thumb Code    16  sys_io.o(.text)
    _sys_read                                0x0800213d   Thumb Code    14  sys_io.o(.text)
    _sys_istty                               0x0800214b   Thumb Code    12  sys_io.o(.text)
    _sys_seek                                0x08002157   Thumb Code    14  sys_io.o(.text)
    _sys_ensure                              0x08002165   Thumb Code     2  sys_io.o(.text)
    _sys_flen                                0x08002167   Thumb Code    12  sys_io.o(.text)
    __rt_heap_descriptor                     0x08002175   Thumb Code     8  rt_heap_descriptor_intlibspace.o(.text)
    __use_no_heap                            0x0800217d   Thumb Code     2  hguard.o(.text)
    __heap$guard                             0x0800217f   Thumb Code     2  hguard.o(.text)
    _terminate_user_alloc                    0x08002181   Thumb Code     2  init_alloc.o(.text)
    _init_user_alloc                         0x08002183   Thumb Code     2  init_alloc.o(.text)
    __Heap_Full                              0x08002185   Thumb Code    34  init_alloc.o(.text)
    __Heap_Broken                            0x080021a7   Thumb Code     6  init_alloc.o(.text)
    _init_alloc                              0x080021ad   Thumb Code    94  init_alloc.o(.text)
    malloc                                   0x0800220b   Thumb Code    94  h1_alloc.o(.text)
    _chval                                   0x08002269   Thumb Code    28  _chval.o(.text)
    _fseek                                   0x08002285   Thumb Code   242  fseek.o(.text)
    fseek                                    0x08002285   Thumb Code     0  fseek.o(.text)
    _seterr                                  0x0800237d   Thumb Code    20  stdio.o(.text)
    _writebuf                                0x08002391   Thumb Code   108  stdio.o(.text)
    _fflush                                  0x080023fd   Thumb Code    70  stdio.o(.text)
    _deferredlazyseek                        0x08002443   Thumb Code    60  stdio.o(.text)
    __sig_exit                               0x08002485   Thumb Code    10  defsig_exit.o(.text)
    __rt_SIGRTRED_inner                      0x08002491   Thumb Code    14  defsig_rtred_inner.o(.text)
    _sys_exit                                0x080024c5   Thumb Code     8  sys_exit.o(.text)
    __I$use$semihosting                      0x080024d1   Thumb Code     0  use_no_semi.o(.text)
    __use_no_semihosting_swi                 0x080024d1   Thumb Code     2  use_no_semi.o(.text)
    __Heap_Initialize                        0x080024d3   Thumb Code    10  h1_init.o(.text)
    __semihosting_library_function           0x080024d3   Thumb Code     0  indicate_semi.o(.text)
    _maybe_terminate_alloc                   0x080024d3   Thumb Code     0  maybetermalloc1.o(.text)
    __Heap_DescSize                          0x080024dd   Thumb Code     4  h1_init.o(.text)
    __Heap_ProvideMemory                     0x080024e1   Thumb Code    52  h1_extend.o(.text)
    _ftell_internal                          0x08002515   Thumb Code    66  ftell.o(.text)
    ftell                                    0x08002515   Thumb Code     0  ftell.o(.text)
    __default_signal_display                 0x08002557   Thumb Code    50  defsig_general.o(.text)
    __rt_SIGRTMEM                            0x08002589   Thumb Code    14  defsig_rtmem_outer.o(.text)
    _ttywrch                                 0x08002597   Thumb Code    14  sys_wrch.o(.text)
    __rt_SIGRTMEM_inner                      0x080025a5   Thumb Code    22  defsig_rtmem_inner.o(.text)
    BusFault_Handler                         0x080025f5   Thumb Code     2  stm32f4xx_it.o(.text.BusFault_Handler)
    DHT11GetData                             0x080025f9   Thumb Code   898  dht11.o(.text.DHT11GetData)
    DebugMon_Handler                         0x0800297d   Thumb Code     2  stm32f4xx_it.o(.text.DebugMon_Handler)
    EXTI3_IRQHandler                         0x08002981   Thumb Code     6  stm32f4xx_it.o(.text.EXTI3_IRQHandler)
    EXTI4_IRQHandler                         0x08002989   Thumb Code     6  stm32f4xx_it.o(.text.EXTI4_IRQHandler)
    EXTI9_5_IRQHandler                       0x08002991   Thumb Code     6  stm32f4xx_it.o(.text.EXTI9_5_IRQHandler)
    Error_Handler                            0x08002999   Thumb Code    10  main.o(.text.Error_Handler)
    HAL_DMA_Abort                            0x080029a5   Thumb Code   142  stm32f4xx_hal_dma.o(.text.HAL_DMA_Abort)
    HAL_DMA_Abort_IT                         0x08002a35   Thumb Code    36  stm32f4xx_hal_dma.o(.text.HAL_DMA_Abort_IT)
    HAL_Delay                                0x08002a59   Thumb Code    40  stm32f4xx_hal.o(.text.HAL_Delay)
    HAL_GPIO_EXTI_Callback                   0x08002a81   Thumb Code   152  main.o(.text.HAL_GPIO_EXTI_Callback)
    HAL_GPIO_EXTI_IRQHandler                 0x08002b59   Thumb Code    22  stm32f4xx_hal_gpio.o(.text.HAL_GPIO_EXTI_IRQHandler)
    HAL_GPIO_Init                            0x08002b71   Thumb Code   422  stm32f4xx_hal_gpio.o(.text.HAL_GPIO_Init)
    HAL_GPIO_ReadPin                         0x08002d19   Thumb Code    10  stm32f4xx_hal_gpio.o(.text.HAL_GPIO_ReadPin)
    HAL_GPIO_WritePin                        0x08002d25   Thumb Code    10  stm32f4xx_hal_gpio.o(.text.HAL_GPIO_WritePin)
    HAL_GetTick                              0x08002d31   Thumb Code    12  stm32f4xx_hal.o(.text.HAL_GetTick)
    HAL_I2CEx_ConfigAnalogFilter             0x08002d3d   Thumb Code    60  stm32f4xx_hal_i2c_ex.o(.text.HAL_I2CEx_ConfigAnalogFilter)
    HAL_I2CEx_ConfigDigitalFilter            0x08002d79   Thumb Code    64  stm32f4xx_hal_i2c_ex.o(.text.HAL_I2CEx_ConfigDigitalFilter)
    HAL_I2C_Init                             0x08002db9   Thumb Code   374  stm32f4xx_hal_i2c.o(.text.HAL_I2C_Init)
    HAL_I2C_MspInit                          0x08002f31   Thumb Code   108  i2c.o(.text.HAL_I2C_MspInit)
    HAL_IncTick                              0x08002f9d   Thumb Code    26  stm32f4xx_hal.o(.text.HAL_IncTick)
    HAL_Init                                 0x08002fb9   Thumb Code    54  stm32f4xx_hal.o(.text.HAL_Init)
    HAL_InitTick                             0x08002ff1   Thumb Code   180  stm32f4xx_hal_timebase_tim.o(.text.HAL_InitTick)
    HAL_MspInit                              0x080030a5   Thumb Code    66  stm32f4xx_hal_msp.o(.text.HAL_MspInit)
    HAL_NVIC_EnableIRQ                       0x080030e9   Thumb Code    38  stm32f4xx_hal_cortex.o(.text.HAL_NVIC_EnableIRQ)
    HAL_NVIC_SetPriority                     0x08003111   Thumb Code    86  stm32f4xx_hal_cortex.o(.text.HAL_NVIC_SetPriority)
    HAL_NVIC_SetPriorityGrouping             0x08003169   Thumb Code    32  stm32f4xx_hal_cortex.o(.text.HAL_NVIC_SetPriorityGrouping)
    HAL_RCC_ClockConfig                      0x08003189   Thumb Code   352  stm32f4xx_hal_rcc.o(.text.HAL_RCC_ClockConfig)
    HAL_RCC_GetClockConfig                   0x080032e9   Thumb Code    62  stm32f4xx_hal_rcc.o(.text.HAL_RCC_GetClockConfig)
    HAL_RCC_GetPCLK1Freq                     0x08003329   Thumb Code    38  stm32f4xx_hal_rcc.o(.text.HAL_RCC_GetPCLK1Freq)
    HAL_RCC_GetPCLK2Freq                     0x08003351   Thumb Code    38  stm32f4xx_hal_rcc.o(.text.HAL_RCC_GetPCLK2Freq)
    HAL_RCC_GetSysClockFreq                  0x08003379   Thumb Code   108  stm32f4xx_hal_rcc.o(.text.HAL_RCC_GetSysClockFreq)
    HAL_RCC_OscConfig                        0x080033e5   Thumb Code   884  stm32f4xx_hal_rcc.o(.text.HAL_RCC_OscConfig)
    HAL_TIMEx_BreakCallback                  0x08003759   Thumb Code     2  stm32f4xx_hal_tim_ex.o(.text.HAL_TIMEx_BreakCallback)
    HAL_TIMEx_CommutCallback                 0x0800375d   Thumb Code     2  stm32f4xx_hal_tim_ex.o(.text.HAL_TIMEx_CommutCallback)
    HAL_TIMEx_MasterConfigSynchronization    0x08003761   Thumb Code   182  stm32f4xx_hal_tim_ex.o(.text.HAL_TIMEx_MasterConfigSynchronization)
    HAL_TIM_Base_Init                        0x08003819   Thumb Code    90  stm32f4xx_hal_tim.o(.text.HAL_TIM_Base_Init)
    HAL_TIM_Base_MspInit                     0x08003875   Thumb Code    68  tim.o(.text.HAL_TIM_Base_MspInit)
    HAL_TIM_Base_Start_IT                    0x080038b9   Thumb Code   170  stm32f4xx_hal_tim.o(.text.HAL_TIM_Base_Start_IT)
    HAL_TIM_ConfigClockSource                0x08003965   Thumb Code   412  stm32f4xx_hal_tim.o(.text.HAL_TIM_ConfigClockSource)
    HAL_TIM_IC_CaptureCallback               0x08003b01   Thumb Code     2  stm32f4xx_hal_tim.o(.text.HAL_TIM_IC_CaptureCallback)
    HAL_TIM_IRQHandler                       0x08003b05   Thumb Code   368  stm32f4xx_hal_tim.o(.text.HAL_TIM_IRQHandler)
    HAL_TIM_OC_DelayElapsedCallback          0x08003c75   Thumb Code     2  stm32f4xx_hal_tim.o(.text.HAL_TIM_OC_DelayElapsedCallback)
    HAL_TIM_PWM_PulseFinishedCallback        0x08003c79   Thumb Code     2  stm32f4xx_hal_tim.o(.text.HAL_TIM_PWM_PulseFinishedCallback)
    HAL_TIM_PeriodElapsedCallback            0x08003c7d   Thumb Code    18  main.o(.text.HAL_TIM_PeriodElapsedCallback)
    HAL_TIM_TriggerCallback                  0x08003c91   Thumb Code     2  stm32f4xx_hal_tim.o(.text.HAL_TIM_TriggerCallback)
    HAL_UARTEx_RxEventCallback               0x08003c95   Thumb Code     2  stm32f4xx_hal_uart.o(.text.HAL_UARTEx_RxEventCallback)
    HAL_UART_ErrorCallback                   0x08003c99   Thumb Code     2  stm32f4xx_hal_uart.o(.text.HAL_UART_ErrorCallback)
    HAL_UART_IRQHandler                      0x08003c9d   Thumb Code  1380  stm32f4xx_hal_uart.o(.text.HAL_UART_IRQHandler)
    HAL_UART_Init                            0x08004201   Thumb Code    94  stm32f4xx_hal_uart.o(.text.HAL_UART_Init)
    HAL_UART_MspInit                         0x08004261   Thumb Code   230  usart.o(.text.HAL_UART_MspInit)
    HAL_UART_Receive_IT                      0x08004349   Thumb Code    94  stm32f4xx_hal_uart.o(.text.HAL_UART_Receive_IT)
    HAL_UART_RxCpltCallback                  0x080043a9   Thumb Code    80  main.o(.text.HAL_UART_RxCpltCallback)
    HAL_UART_TxCpltCallback                  0x080043f9   Thumb Code     2  stm32f4xx_hal_uart.o(.text.HAL_UART_TxCpltCallback)
    HardFault_Handler                        0x080043fd   Thumb Code     2  stm32f4xx_it.o(.text.HardFault_Handler)
    LCD_Address_Set                          0x08004401   Thumb Code   304  lcd_init.o(.text.LCD_Address_Set)
    LCD_Fill                                 0x08004531   Thumb Code    72  lcd.o(.text.LCD_Fill)
    LCD_Init                                 0x08004579   Thumb Code  2088  lcd_init.o(.text.LCD_Init)
    LCD_ShowPicture                          0x08004da1   Thumb Code    56  lcd.o(.text.LCD_ShowPicture)
    LCD_WR_DATA                              0x08004dd9   Thumb Code    46  lcd_init.o(.text.LCD_WR_DATA)
    LCD_WR_DATA8                             0x08004e09   Thumb Code    40  lcd_init.o(.text.LCD_WR_DATA8)
    LCD_Writ_Bus                             0x08004e31   Thumb Code   270  lcd_init.o(.text.LCD_Writ_Bus)
    MX_FREERTOS_Init                         0x08004f41   Thumb Code    36  freertos.o(.text.MX_FREERTOS_Init)
    MX_GPIO_Init                             0x08004f65   Thumb Code   380  gpio.o(.text.MX_GPIO_Init)
    MX_I2C1_Init                             0x080050e1   Thumb Code   110  i2c.o(.text.MX_I2C1_Init)
    MX_TIM2_Init                             0x08005151   Thumb Code   112  tim.o(.text.MX_TIM2_Init)
    MX_USART2_UART_Init                      0x080051c1   Thumb Code    60  usart.o(.text.MX_USART2_UART_Init)
    MX_USART3_UART_Init                      0x080051fd   Thumb Code    60  usart.o(.text.MX_USART3_UART_Init)
    MemManage_Handler                        0x08005239   Thumb Code     2  stm32f4xx_it.o(.text.MemManage_Handler)
    NMI_Handler                              0x0800523d   Thumb Code     2  stm32f4xx_it.o(.text.NMI_Handler)
    PendSV_Handler                           0x08005241   Thumb Code   100  port.o(.text.PendSV_Handler)
    SVC_Handler                              0x080052b1   Thumb Code    36  port.o(.text.SVC_Handler)
    StartDefaultTask                         0x080052d5   Thumb Code     8  freertos.o(.text.StartDefaultTask)
    SysTick_Handler                          0x080052dd   Thumb Code    30  cmsis_os2.o(.text.SysTick_Handler)
    SystemClock_Config                       0x080052fd   Thumb Code   176  main.o(.text.SystemClock_Config)
    SystemInit                               0x080053ad   Thumb Code    18  system_stm32f4xx.o(.text.SystemInit)
    TIM1_UP_TIM10_IRQHandler                 0x080053c1   Thumb Code    12  stm32f4xx_it.o(.text.TIM1_UP_TIM10_IRQHandler)
    TIM2_IRQHandler                          0x080053cd   Thumb Code    12  stm32f4xx_it.o(.text.TIM2_IRQHandler)
    TIM_Base_SetConfig                       0x080053d9   Thumb Code   316  stm32f4xx_hal_tim.o(.text.TIM_Base_SetConfig)
    USART2_IRQHandler                        0x08005711   Thumb Code    12  stm32f4xx_it.o(.text.USART2_IRQHandler)
    UsageFault_Handler                       0x0800571d   Thumb Code     2  stm32f4xx_it.o(.text.UsageFault_Handler)
    dht11RstCheck                            0x08005721   Thumb Code   510  dht11.o(.text.dht11RstCheck)
    fputc                                    0x08005921   Thumb Code    40  usart.o(.text.fputc)
    main                                     0x08005949   Thumb Code   196  main.o(.text.main)
    osDelay                                  0x08005a45   Thumb Code    32  cmsis_os2.o(.text.osDelay)
    osKernelInitialize                       0x08005a65   Thumb Code    40  cmsis_os2.o(.text.osKernelInitialize)
    osKernelStart                            0x08005a8d   Thumb Code    60  cmsis_os2.o(.text.osKernelStart)
    osThreadNew                              0x08005ac9   Thumb Code   174  cmsis_os2.o(.text.osThreadNew)
    pvPortMalloc                             0x0800641d   Thumb Code   522  heap_4.o(.text.pvPortMalloc)
    pxPortInitialiseStack                    0x08006629   Thumb Code    40  port.o(.text.pxPortInitialiseStack)
    taskDHT11                                0x08006651   Thumb Code   192  main.o(.text.taskDHT11)
    taskST7789                               0x08006711   Thumb Code   160  main.o(.text.taskST7789)
    taskYL38                                 0x080067c9   Thumb Code    60  main.o(.text.taskYL38)
    uxListRemove                             0x0800681d   Thumb Code    36  list.o(.text.uxListRemove)
    vApplicationGetIdleTaskMemory            0x08006841   Thumb Code    26  cmsis_os2.o(.text.vApplicationGetIdleTaskMemory)
    vApplicationGetTimerTaskMemory           0x0800685d   Thumb Code    28  cmsis_os2.o(.text.vApplicationGetTimerTaskMemory)
    vListInitialise                          0x08006879   Thumb Code    22  list.o(.text.vListInitialise)
    vListInitialiseItem                      0x08006891   Thumb Code     6  list.o(.text.vListInitialiseItem)
    vListInsert                              0x08006899   Thumb Code    98  list.o(.text.vListInsert)
    vListInsertEnd                           0x080068fd   Thumb Code    28  list.o(.text.vListInsertEnd)
    vPortEnterCritical                       0x0800692d   Thumb Code    70  port.o(.text.vPortEnterCritical)
    vPortExitCritical                        0x08006975   Thumb Code    46  port.o(.text.vPortExitCritical)
    vPortFree                                0x080069a5   Thumb Code   212  heap_4.o(.text.vPortFree)
    vPortSetupTimerInterrupt                 0x08006a79   Thumb Code    52  port.o(.text.vPortSetupTimerInterrupt)
    vPortValidateInterruptPriority           0x08006aad   Thumb Code    94  port.o(.text.vPortValidateInterruptPriority)
    vQueueAddToRegistry                      0x08006b0d   Thumb Code   176  queue.o(.text.vQueueAddToRegistry)
    vQueueWaitForMessageRestricted           0x08006bbd   Thumb Code    82  queue.o(.text.vQueueWaitForMessageRestricted)
    vTaskDelay                               0x08006c11   Thumb Code   128  tasks.o(.text.vTaskDelay)
    vTaskInternalSetTimeOutState             0x08006c91   Thumb Code    18  tasks.o(.text.vTaskInternalSetTimeOutState)
    vTaskMissedYield                         0x08006ca5   Thumb Code    14  tasks.o(.text.vTaskMissedYield)
    vTaskPlaceOnEventList                    0x08006cb5   Thumb Code   116  tasks.o(.text.vTaskPlaceOnEventList)
    vTaskPlaceOnEventListRestricted          0x08006d29   Thumb Code   122  tasks.o(.text.vTaskPlaceOnEventListRestricted)
    vTaskStartScheduler                      0x08006da5   Thumb Code   232  tasks.o(.text.vTaskStartScheduler)
    vTaskSuspendAll                          0x08006e95   Thumb Code    16  tasks.o(.text.vTaskSuspendAll)
    vTaskSwitchContext                       0x08006ea5   Thumb Code   188  tasks.o(.text.vTaskSwitchContext)
    xPortStartScheduler                      0x08006f61   Thumb Code   388  port.o(.text.xPortStartScheduler)
    xPortSysTickHandler                      0x080070e5   Thumb Code    46  port.o(.text.xPortSysTickHandler)
    xQueueGenericCreate                      0x08007115   Thumb Code   134  queue.o(.text.xQueueGenericCreate)
    xQueueGenericCreateStatic                0x0800719d   Thumb Code   222  queue.o(.text.xQueueGenericCreateStatic)
    xQueueGenericSend                        0x0800727d   Thumb Code   554  queue.o(.text.xQueueGenericSend)
    xQueueGenericSendFromISR                 0x080074a9   Thumb Code   344  queue.o(.text.xQueueGenericSendFromISR)
    xQueueReceive                            0x08007601   Thumb Code   418  queue.o(.text.xQueueReceive)
    xTaskCheckForTimeOut                     0x080077a5   Thumb Code   162  tasks.o(.text.xTaskCheckForTimeOut)
    xTaskCreate                              0x08007849   Thumb Code    96  tasks.o(.text.xTaskCreate)
    xTaskCreateStatic                        0x080078a9   Thumb Code   118  tasks.o(.text.xTaskCreateStatic)
    xTaskGetSchedulerState                   0x08007921   Thumb Code    30  tasks.o(.text.xTaskGetSchedulerState)
    xTaskGetTickCount                        0x08007941   Thumb Code    12  tasks.o(.text.xTaskGetTickCount)
    xTaskIncrementTick                       0x0800794d   Thumb Code   260  tasks.o(.text.xTaskIncrementTick)
    xTaskPriorityDisinherit                  0x08007a51   Thumb Code   138  tasks.o(.text.xTaskPriorityDisinherit)
    xTaskRemoveFromEventList                 0x08007add   Thumb Code   114  tasks.o(.text.xTaskRemoveFromEventList)
    xTaskResumeAll                           0x08007b51   Thumb Code   238  tasks.o(.text.xTaskResumeAll)
    xTimerCreateTimerTask                    0x08007c41   Thumb Code   172  timers.o(.text.xTimerCreateTimerTask)
    _btod_d2e                                0x08007cf5   Thumb Code    62  btod.o(CL$$btod_d2e)
    _d2e_denorm_low                          0x08007d33   Thumb Code    70  btod.o(CL$$btod_d2e_denorm_low)
    _d2e_norm_op1                            0x08007d79   Thumb Code    96  btod.o(CL$$btod_d2e_norm_op1)
    __btod_div_common                        0x08007dd9   Thumb Code   696  btod.o(CL$$btod_div_common)
    _e2d                                     0x08008111   Thumb Code   122  btod.o(CL$$btod_e2d)
    _e2e                                     0x08008195   Thumb Code   220  btod.o(CL$$btod_e2e)
    _btod_ediv                               0x08008271   Thumb Code    42  btod.o(CL$$btod_ediv)
    _btod_edivd                              0x0800829b   Thumb Code    42  btod.o(CL$$btod_edivd)
    _btod_emul                               0x080082c5   Thumb Code    42  btod.o(CL$$btod_emul)
    _btod_emuld                              0x080082ef   Thumb Code    42  btod.o(CL$$btod_emuld)
    __btod_mult_common                       0x08008319   Thumb Code   580  btod.o(CL$$btod_mult_common)
    __ARM_fpclassify                         0x0800855d   Thumb Code    48  fpclassify.o(i.__ARM_fpclassify)
    __hardfp___mathlib_tofloat               0x08008591   Thumb Code   232  narrow.o(i.__hardfp___mathlib_tofloat)
    __hardfp_ldexp                           0x08008689   Thumb Code   200  ldexp.o(i.__hardfp_ldexp)
    __mathlib_dbl_overflow                   0x08008759   Thumb Code    24  dunder.o(i.__mathlib_dbl_overflow)
    __mathlib_dbl_underflow                  0x08008779   Thumb Code    24  dunder.o(i.__mathlib_dbl_underflow)
    __mathlib_narrow                         0x08008799   Thumb Code    18  narrow.o(i.__mathlib_narrow)
    __support_ldexp                          0x080087ab   Thumb Code    20  ldexp.o(i.__support_ldexp)
    _is_digit                                0x080087bf   Thumb Code    14  __printf_wp.o(i._is_digit)
    frexp                                    0x080087d1   Thumb Code   118  frexp.o(i.frexp)
    _get_lc_numeric                          0x0800885d   Thumb Code    44  lc_numeric_c.o(locale$$code)
    _get_lc_ctype                            0x08008889   Thumb Code    44  lc_ctype_c.o(locale$$code)
    __aeabi_d2f                              0x080088b5   Thumb Code     0  d2f.o(x$fpl$d2f)
    _d2f                                     0x080088b5   Thumb Code    98  d2f.o(x$fpl$d2f)
    __fpl_dcheck_NaN1                        0x08008919   Thumb Code    10  dcheck1.o(x$fpl$dcheck1)
    __fpl_dcmp_Inf                           0x08008929   Thumb Code    24  dcmpi.o(x$fpl$dcmpinf)
    __aeabi_cdcmpeq                          0x08008941   Thumb Code     0  deqf.o(x$fpl$deqf)
    _dcmpeq                                  0x08008941   Thumb Code   120  deqf.o(x$fpl$deqf)
    __aeabi_cdcmple                          0x080089b9   Thumb Code     0  dleqf.o(x$fpl$dleqf)
    _dcmple                                  0x080089b9   Thumb Code   120  dleqf.o(x$fpl$dleqf)
    __fpl_dcmple_InfNaN                      0x08008a1b   Thumb Code     0  dleqf.o(x$fpl$dleqf)
    __aeabi_dmul                             0x08008a31   Thumb Code     0  dmul.o(x$fpl$dmul)
    _dmul                                    0x08008a31   Thumb Code   332  dmul.o(x$fpl$dmul)
    __fpl_dnaninf                            0x08008b85   Thumb Code   156  dnaninf.o(x$fpl$dnaninf)
    __fpl_dretinf                            0x08008c21   Thumb Code    12  dretinf.o(x$fpl$dretinf)
    __aeabi_cdrcmple                         0x08008c2d   Thumb Code     0  drleqf.o(x$fpl$drleqf)
    _drcmple                                 0x08008c2d   Thumb Code   108  drleqf.o(x$fpl$drleqf)
    __aeabi_f2d                              0x08008c99   Thumb Code     0  f2d.o(x$fpl$f2d)
    _f2d                                     0x08008c99   Thumb Code    86  f2d.o(x$fpl$f2d)
    __fpl_fnaninf                            0x08008cef   Thumb Code   140  fnaninf.o(x$fpl$fnaninf)
    _fp_init                                 0x08008d7b   Thumb Code    26  fpinit.o(x$fpl$fpinit)
    __fplib_config_fpu_vfp                   0x08008d93   Thumb Code     0  fpinit.o(x$fpl$fpinit)
    __fplib_config_pureend_doubles           0x08008d93   Thumb Code     0  fpinit.o(x$fpl$fpinit)
    __fpl_fretinf                            0x08008d95   Thumb Code    10  fretinf.o(x$fpl$fretinf)
    __ieee_status                            0x08008d9f   Thumb Code     6  istatus.o(x$fpl$ieeestatus)
    _printf_fp_dec                           0x08008da5   Thumb Code     4  printf1.o(x$fpl$printf1)
    __fpl_return_NaN                         0x08008da9   Thumb Code   100  retnan.o(x$fpl$retnan)
    __ARM_scalbn                             0x08008e0d   Thumb Code    92  scalbn.o(x$fpl$scalbn)
    _scanf_real                              0x08008e69   Thumb Code     4  scanf1.o(x$fpl$scanf1)
    _scanf_hex_real                          0x08008e6d   Thumb Code     4  scanf2.o(x$fpl$scanf2)
    _scanf_infnan                            0x08008e71   Thumb Code     4  scanf2.o(x$fpl$scanf2)
    __fpl_cmpreturn                          0x08008e75   Thumb Code    48  trapv.o(x$fpl$trapveneer)
    __I$use$fp                               0x08008ea4   Number         0  usenofp.o(x$fpl$usenofp)
    __stdin_name                             0x08008f38   Data           4  sys_io_names.o(.constdata)
    __stdout_name                            0x08008f3c   Data           4  sys_io_names.o(.constdata)
    __stderr_name                            0x08008f40   Data           4  sys_io_names.o(.constdata)
    AHBPrescTable                            0x08008f44   Data          16  system_stm32f4xx.o(.rodata.AHBPrescTable)
    APBPrescTable                            0x08008f54   Data           8  system_stm32f4xx.o(.rodata.APBPrescTable)
    defaultTask_attributes                   0x08008f5c   Data          36  freertos.o(.rodata.defaultTask_attributes)
    gImage_tree_1                            0x08008f80   Data       115208  main.o(.rodata.gImage_tree_1)
    gImage_tree_2                            0x08025188   Data       115208  main.o(.rodata.gImage_tree_2)
    gImage_tree_3                            0x08041390   Data       115208  main.o(.rodata.gImage_tree_3)
    Region$$Table$$Base                      0x0805d5b4   Number         0  anon$$obj.o(Region$$Table)
    Region$$Table$$Limit                     0x0805d5d4   Number         0  anon$$obj.o(Region$$Table)
    __aeabi_HUGE_VAL                         0x0805d5d4   Data           0  fpconst.o(c$$dinf)
    __aeabi_HUGE_VALL                        0x0805d5d4   Data           0  fpconst.o(c$$dinf)
    __aeabi_INFINITY                         0x0805d5d4   Data           0  fpconst.o(c$$dinf)
    __dInf                                   0x0805d5d4   Data           0  fpconst.o(c$$dinf)
    __huge_val                               0x0805d5d4   Data           0  fpconst.o(c$$dinf)
    __dbl_max                                0x0805d5dc   Data           0  fpconst.o(c$$dmax)
    __ctype                                  0x0805d60d   Data           0  lc_ctype_c.o(locale$$data)
    __aeabi_stdin                            0x20000000   Data           4  stdio_streams.o(.data)
    __aeabi_stdout                           0x20000004   Data           4  stdio_streams.o(.data)
    __aeabi_stderr                           0x20000008   Data           4  stdio_streams.o(.data)
    uwTickFreq                               0x2000000c   Data           1  stm32f4xx_hal.o(.data..L_MergedGlobals)
    uwTickPrio                               0x20000010   Data           4  stm32f4xx_hal.o(.data..L_MergedGlobals)
    SystemCoreClock                          0x20000014   Data           4  system_stm32f4xx.o(.data.SystemCoreClock)
    __stdin                                  0x20000020   Data          84  stdio_streams.o(.bss)
    __stdout                                 0x20000074   Data          84  stdio_streams.o(.bss)
    __stderr                                 0x200000c8   Data          84  stdio_streams.o(.bss)
    __libspace_start                         0x2000011c   Data          96  libspace.o(.bss)
    __temporary_stack_top$libspace           0x2000017c   Data           0  libspace.o(.bss)
    uart_data_ready                          0x2000017c   Data           1  main.o(.bss..L_MergedGlobals)
    uart_rx_data                             0x2000017d   Data           1  main.o(.bss..L_MergedGlobals)
    uart_rx_index                            0x2000017e   Data           2  main.o(.bss..L_MergedGlobals)
    env_points                               0x20000180   Data           4  main.o(.bss..L_MergedGlobals)
    queueMode                                0x20000184   Data           4  main.o(.bss..L_MergedGlobals)
    handleST7789                             0x20000188   Data           4  main.o(.bss..L_MergedGlobals)
    handleDHT11                              0x2000018c   Data           4  main.o(.bss..L_MergedGlobals)
    handleYL38                               0x20000190   Data           4  main.o(.bss..L_MergedGlobals)
    dht11DATA                                0x20000194   Data           8  main.o(.bss..L_MergedGlobals)
    pxCurrentTCB                             0x2000019c   Data           4  tasks.o(.bss..L_MergedGlobals)
    defaultTaskHandle                        0x200002a4   Data           4  freertos.o(.bss.defaultTaskHandle)
    hi2c1                                    0x200002a8   Data          84  i2c.o(.bss.hi2c1)
    htim1                                    0x200002fc   Data          72  stm32f4xx_hal_timebase_tim.o(.bss.htim1)
    htim2                                    0x20000344   Data          72  tim.o(.bss.htim2)
    huart2                                   0x2000038c   Data          68  usart.o(.bss.huart2)
    huart3                                   0x200003d0   Data          68  usart.o(.bss.huart3)
    uart_rx_buffer                           0x20000964   Data         256  main.o(.bss.uart_rx_buffer)
    uwTick                                   0x20004664   Data           4  stm32f4xx_hal.o(.bss.uwTick)
    xQueueRegistry                           0x20004d20   Data          64  queue.o(.bss.xQueueRegistry)



==============================================================================

Memory Map of the image

  Image Entry point : 0x080001ad

  Load Region LR_IROM1 (Base: 0x08000000, Size: 0x0005d730, Max: 0x00200000, ABSOLUTE)

    Execution Region ER_IROM1 (Exec base: 0x08000000, Load base: 0x08000000, Size: 0x0005d710, Max: 0x00200000, ABSOLUTE)

    Exec Addr    Load Addr    Size         Type   Attr      Idx    E Section Name        Object

    0x08000000   0x08000000   0x000001ac   Data   RO            3    RESET               startup_stm32f429xx.o
    0x080001ac   0x080001ac   0x00000008   Code   RO         1873  * !!!main             c_w.l(__main.o)
    0x080001b4   0x080001b4   0x00000034   Code   RO         2392    !!!scatter          c_w.l(__scatter.o)
    0x080001e8   0x080001e8   0x0000001a   Code   RO         2394    !!handler_copy      c_w.l(__scatter_copy.o)
    0x08000202   0x08000202   0x00000002   PAD
    0x08000204   0x08000204   0x0000001c   Code   RO         2396    !!handler_zi        c_w.l(__scatter_zi.o)
    0x08000220   0x08000220   0x00000000   Code   RO         1856    .ARM.Collect$$_printf_percent$$00000000  c_w.l(_printf_percent.o)
    0x08000220   0x08000220   0x00000006   Code   RO         1855    .ARM.Collect$$_printf_percent$$00000003  c_w.l(_printf_f.o)
    0x08000226   0x08000226   0x00000006   Code   RO         1854    .ARM.Collect$$_printf_percent$$00000009  c_w.l(_printf_d.o)
    0x0800022c   0x0800022c   0x00000006   Code   RO         1853    .ARM.Collect$$_printf_percent$$00000014  c_w.l(_printf_s.o)
    0x08000232   0x08000232   0x00000004   Code   RO         1902    .ARM.Collect$$_printf_percent$$00000017  c_w.l(_printf_percent_end.o)
    0x08000236   0x08000236   0x00000002   Code   RO         2132    .ARM.Collect$$libinit$$00000000  c_w.l(libinit.o)
    0x08000238   0x08000238   0x00000004   Code   RO         2133    .ARM.Collect$$libinit$$00000001  c_w.l(libinit2.o)
    0x0800023c   0x0800023c   0x00000000   Code   RO         2136    .ARM.Collect$$libinit$$00000004  c_w.l(libinit2.o)
    0x0800023c   0x0800023c   0x00000000   Code   RO         2138    .ARM.Collect$$libinit$$00000006  c_w.l(libinit2.o)
    0x0800023c   0x0800023c   0x00000008   Code   RO         2139    .ARM.Collect$$libinit$$00000007  c_w.l(libinit2.o)
    0x08000244   0x08000244   0x00000000   Code   RO         2141    .ARM.Collect$$libinit$$0000000C  c_w.l(libinit2.o)
    0x08000244   0x08000244   0x00000000   Code   RO         2143    .ARM.Collect$$libinit$$0000000E  c_w.l(libinit2.o)
    0x08000244   0x08000244   0x00000000   Code   RO         2145    .ARM.Collect$$libinit$$00000010  c_w.l(libinit2.o)
    0x08000244   0x08000244   0x00000006   Code   RO         2146    .ARM.Collect$$libinit$$00000011  c_w.l(libinit2.o)
    0x0800024a   0x0800024a   0x00000000   Code   RO         2148    .ARM.Collect$$libinit$$00000013  c_w.l(libinit2.o)
    0x0800024a   0x0800024a   0x0000000c   Code   RO         2149    .ARM.Collect$$libinit$$00000014  c_w.l(libinit2.o)
    0x08000256   0x08000256   0x00000000   Code   RO         2150    .ARM.Collect$$libinit$$00000015  c_w.l(libinit2.o)
    0x08000256   0x08000256   0x00000000   Code   RO         2152    .ARM.Collect$$libinit$$00000017  c_w.l(libinit2.o)
    0x08000256   0x08000256   0x0000000a   Code   RO         2153    .ARM.Collect$$libinit$$00000018  c_w.l(libinit2.o)
    0x08000260   0x08000260   0x00000000   Code   RO         2154    .ARM.Collect$$libinit$$00000019  c_w.l(libinit2.o)
    0x08000260   0x08000260   0x00000000   Code   RO         2156    .ARM.Collect$$libinit$$0000001B  c_w.l(libinit2.o)
    0x08000260   0x08000260   0x00000000   Code   RO         2158    .ARM.Collect$$libinit$$0000001D  c_w.l(libinit2.o)
    0x08000260   0x08000260   0x00000000   Code   RO         2160    .ARM.Collect$$libinit$$0000001F  c_w.l(libinit2.o)
    0x08000260   0x08000260   0x00000000   Code   RO         2162    .ARM.Collect$$libinit$$00000021  c_w.l(libinit2.o)
    0x08000260   0x08000260   0x00000000   Code   RO         2164    .ARM.Collect$$libinit$$00000023  c_w.l(libinit2.o)
    0x08000260   0x08000260   0x00000000   Code   RO         2166    .ARM.Collect$$libinit$$00000025  c_w.l(libinit2.o)
    0x08000260   0x08000260   0x00000004   Code   RO         2167    .ARM.Collect$$libinit$$00000026  c_w.l(libinit2.o)
    0x08000264   0x08000264   0x00000000   Code   RO         2168    .ARM.Collect$$libinit$$00000027  c_w.l(libinit2.o)
    0x08000264   0x08000264   0x00000000   Code   RO         2172    .ARM.Collect$$libinit$$0000002E  c_w.l(libinit2.o)
    0x08000264   0x08000264   0x00000000   Code   RO         2174    .ARM.Collect$$libinit$$00000030  c_w.l(libinit2.o)
    0x08000264   0x08000264   0x00000000   Code   RO         2176    .ARM.Collect$$libinit$$00000032  c_w.l(libinit2.o)
    0x08000264   0x08000264   0x00000000   Code   RO         2178    .ARM.Collect$$libinit$$00000034  c_w.l(libinit2.o)
    0x08000264   0x08000264   0x00000002   Code   RO         2179    .ARM.Collect$$libinit$$00000035  c_w.l(libinit2.o)
    0x08000266   0x08000266   0x00000002   Code   RO         2357    .ARM.Collect$$libshutdown$$00000000  c_w.l(libshutdown.o)
    0x08000268   0x08000268   0x00000000   Code   RO         2181    .ARM.Collect$$libshutdown$$00000002  c_w.l(libshutdown2.o)
    0x08000268   0x08000268   0x00000004   Code   RO         2182    .ARM.Collect$$libshutdown$$00000003  c_w.l(libshutdown2.o)
    0x0800026c   0x0800026c   0x00000000   Code   RO         2183    .ARM.Collect$$libshutdown$$00000004  c_w.l(libshutdown2.o)
    0x0800026c   0x0800026c   0x00000000   Code   RO         2186    .ARM.Collect$$libshutdown$$00000007  c_w.l(libshutdown2.o)
    0x0800026c   0x0800026c   0x00000000   Code   RO         2189    .ARM.Collect$$libshutdown$$0000000A  c_w.l(libshutdown2.o)
    0x0800026c   0x0800026c   0x00000000   Code   RO         2191    .ARM.Collect$$libshutdown$$0000000C  c_w.l(libshutdown2.o)
    0x0800026c   0x0800026c   0x00000000   Code   RO         2194    .ARM.Collect$$libshutdown$$0000000F  c_w.l(libshutdown2.o)
    0x0800026c   0x0800026c   0x00000002   Code   RO         2195    .ARM.Collect$$libshutdown$$00000010  c_w.l(libshutdown2.o)
    0x0800026e   0x0800026e   0x00000000   Code   RO         1881    .ARM.Collect$$rtentry$$00000000  c_w.l(__rtentry.o)
    0x0800026e   0x0800026e   0x00000000   Code   RO         1925    .ARM.Collect$$rtentry$$00000002  c_w.l(__rtentry2.o)
    0x0800026e   0x0800026e   0x00000006   Code   RO         1937    .ARM.Collect$$rtentry$$00000004  c_w.l(__rtentry4.o)
    0x08000274   0x08000274   0x00000000   Code   RO         1927    .ARM.Collect$$rtentry$$00000009  c_w.l(__rtentry2.o)
    0x08000274   0x08000274   0x00000004   Code   RO         1928    .ARM.Collect$$rtentry$$0000000A  c_w.l(__rtentry2.o)
    0x08000278   0x08000278   0x00000000   Code   RO         1930    .ARM.Collect$$rtentry$$0000000C  c_w.l(__rtentry2.o)
    0x08000278   0x08000278   0x00000008   Code   RO         1931    .ARM.Collect$$rtentry$$0000000D  c_w.l(__rtentry2.o)
    0x08000280   0x08000280   0x00000002   Code   RO         2212    .ARM.Collect$$rtexit$$00000000  c_w.l(rtexit.o)
    0x08000282   0x08000282   0x00000000   Code   RO         2288    .ARM.Collect$$rtexit$$00000002  c_w.l(rtexit2.o)
    0x08000282   0x08000282   0x00000004   Code   RO         2289    .ARM.Collect$$rtexit$$00000003  c_w.l(rtexit2.o)
    0x08000286   0x08000286   0x00000006   Code   RO         2290    .ARM.Collect$$rtexit$$00000004  c_w.l(rtexit2.o)
    0x0800028c   0x0800028c   0x00000040   Code   RO            4    .text               startup_stm32f429xx.o
    0x080002cc   0x080002cc   0x000000f0   Code   RO         1813    .text               c_w.l(lludivv7m.o)
    0x080003bc   0x080003bc   0x00000018   Code   RO         1821    .text               c_w.l(noretval__2printf.o)
    0x080003d4   0x080003d4   0x00000028   Code   RO         1823    .text               c_w.l(noretval__2sprintf.o)
    0x080003fc   0x080003fc   0x00000040   Code   RO         1825    .text               c_w.l(noretval__2snprintf.o)
    0x0800043c   0x0800043c   0x00000052   Code   RO         1829    .text               c_w.l(_printf_str.o)
    0x0800048e   0x0800048e   0x00000002   PAD
    0x08000490   0x08000490   0x00000078   Code   RO         1831    .text               c_w.l(_printf_dec.o)
    0x08000508   0x08000508   0x0000010e   Code   RO         1841    .text               c_w.l(__printf_wp.o)
    0x08000616   0x08000616   0x00000002   PAD
    0x08000618   0x08000618   0x0000003c   Code   RO         1857    .text               c_w.l(__0sscanf.o)
    0x08000654   0x08000654   0x0000002c   Code   RO         1859    .text               c_w.l(puts.o)
    0x08000680   0x08000680   0x0000008a   Code   RO         1861    .text               c_w.l(rt_memcpy_v6.o)
    0x0800070a   0x0800070a   0x00000010   Code   RO         1865    .text               c_w.l(aeabi_memset4.o)
    0x0800071a   0x0800071a   0x0000004e   Code   RO         1869    .text               c_w.l(rt_memclr_w.o)
    0x08000768   0x08000768   0x00000006   Code   RO         1871    .text               c_w.l(heapauxi.o)
    0x0800076e   0x0800076e   0x000000b2   Code   RO         1886    .text               c_w.l(_printf_intcommon.o)
    0x08000820   0x08000820   0x0000041c   Code   RO         1888    .text               c_w.l(_printf_fp_dec.o)
    0x08000c3c   0x08000c3c   0x00000030   Code   RO         1892    .text               c_w.l(_printf_char_common.o)
    0x08000c6c   0x08000c6c   0x0000000a   Code   RO         1894    .text               c_w.l(_sputc.o)
    0x08000c76   0x08000c76   0x00000010   Code   RO         1896    .text               c_w.l(_snputc.o)
    0x08000c86   0x08000c86   0x0000002c   Code   RO         1898    .text               c_w.l(_printf_char.o)
    0x08000cb2   0x08000cb2   0x00000002   PAD
    0x08000cb4   0x08000cb4   0x00000024   Code   RO         1900    .text               c_w.l(_printf_char_file.o)
    0x08000cd8   0x08000cd8   0x000004f8   Code   RO         1903    .text               c_w.l(scanf_fp.o)
    0x080011d0   0x080011d0   0x0000002c   Code   RO         1907    .text               c_w.l(scanf_char.o)
    0x080011fc   0x080011fc   0x00000040   Code   RO         1909    .text               c_w.l(_sgetc.o)
    0x0800123c   0x0800123c   0x00000064   Code   RO         1917    .text               c_w.l(rt_memcpy_w.o)
    0x080012a0   0x080012a0   0x00000008   Code   RO         1944    .text               c_w.l(rt_locale_intlibspace.o)
    0x080012a8   0x080012a8   0x00000008   Code   RO         1949    .text               c_w.l(rt_errno_addr_intlibspace.o)
    0x080012b0   0x080012b0   0x00000026   Code   RO         1951    .text               c_w.l(llshl.o)
    0x080012d6   0x080012d6   0x0000008a   Code   RO         1953    .text               c_w.l(lludiv10.o)
    0x08001360   0x08001360   0x00000012   Code   RO         1955    .text               c_w.l(isspace.o)
    0x08001372   0x08001372   0x00000002   PAD
    0x08001374   0x08001374   0x00000080   Code   RO         1957    .text               c_w.l(_printf_fp_infnan.o)
    0x080013f4   0x080013f4   0x00000374   Code   RO         1961    .text               c_w.l(_scanf.o)
    0x08001768   0x08001768   0x000000e4   Code   RO         1963    .text               c_w.l(bigflt0.o)
    0x0800184c   0x0800184c   0x00000008   Code   RO         1993    .text               c_w.l(ferror.o)
    0x08001854   0x08001854   0x00000138   Code   RO         1995    .text               c_w.l(initio.o)
    0x0800198c   0x0800198c   0x0000003e   Code   RO         2004    .text               c_w.l(strlen.o)
    0x080019ca   0x080019ca   0x00000002   PAD
    0x080019cc   0x080019cc   0x00000008   Code   RO         2031    .text               c_w.l(libspace.o)
    0x080019d4   0x080019d4   0x0000004a   Code   RO         2036    .text               c_w.l(sys_stackheap_outer.o)
    0x08001a1e   0x08001a1e   0x00000002   PAD
    0x08001a20   0x08001a20   0x00000010   Code   RO         2038    .text               c_w.l(rt_ctype_table.o)
    0x08001a30   0x08001a30   0x0000004e   Code   RO         2042    .text               c_w.l(h1_free.o)
    0x08001a7e   0x08001a7e   0x00000016   Code   RO         2096    .text               c_w.l(_rserrno.o)
    0x08001a94   0x08001a94   0x00000320   Code   RO         2098    .text               c_w.l(scanf_hexfp.o)
    0x08001db4   0x08001db4   0x00000134   Code   RO         2100    .text               c_w.l(scanf_infnan.o)
    0x08001ee8   0x08001ee8   0x00000046   Code   RO         2104    .text               c_w.l(setvbuf.o)
    0x08001f2e   0x08001f2e   0x00000002   PAD
    0x08001f30   0x08001f30   0x000000f0   Code   RO         2107    .text               c_w.l(fopen.o)
    0x08002020   0x08002020   0x0000004c   Code   RO         2109    .text               c_w.l(fclose.o)
    0x0800206c   0x0800206c   0x00000012   Code   RO         2115    .text               c_w.l(exit.o)
    0x0800207e   0x0800207e   0x0000000e   Code   RO         2121    .text               c_w.l(defsig_rtred_outer.o)
    0x0800208c   0x0800208c   0x00000004   PAD
    0x08002090   0x08002090   0x0000007c   Code   RO         2125    .text               c_w.l(strcmpv7em.o)
    0x0800210c   0x0800210c   0x00000066   Code   RO         2208    .text               c_w.l(sys_io.o)
    0x08002172   0x08002172   0x00000002   PAD
    0x08002174   0x08002174   0x00000008   Code   RO         2219    .text               c_w.l(rt_heap_descriptor_intlibspace.o)
    0x0800217c   0x0800217c   0x00000004   Code   RO         2221    .text               c_w.l(hguard.o)
    0x08002180   0x08002180   0x0000008a   Code   RO         2223    .text               c_w.l(init_alloc.o)
    0x0800220a   0x0800220a   0x0000005e   Code   RO         2229    .text               c_w.l(h1_alloc.o)
    0x08002268   0x08002268   0x0000001c   Code   RO         2243    .text               c_w.l(_chval.o)
    0x08002284   0x08002284   0x000000f8   Code   RO         2245    .text               c_w.l(fseek.o)
    0x0800237c   0x0800237c   0x00000108   Code   RO         2247    .text               c_w.l(stdio.o)
    0x08002484   0x08002484   0x0000000a   Code   RO         2252    .text               c_w.l(defsig_exit.o)
    0x0800248e   0x0800248e   0x00000002   PAD
    0x08002490   0x08002490   0x00000034   Code   RO         2256    .text               c_w.l(defsig_rtred_inner.o)
    0x080024c4   0x080024c4   0x0000000c   Code   RO         2280    .text               c_w.l(sys_exit.o)
    0x080024d0   0x080024d0   0x00000002   Code   RO         2284    .text               c_w.l(use_no_semi.o)
    0x080024d2   0x080024d2   0x00000000   Code   RO         2286    .text               c_w.l(indicate_semi.o)
    0x080024d2   0x080024d2   0x00000000   Code   RO         2294    .text               c_w.l(maybetermalloc1.o)
    0x080024d2   0x080024d2   0x0000000e   Code   RO         2296    .text               c_w.l(h1_init.o)
    0x080024e0   0x080024e0   0x00000034   Code   RO         2298    .text               c_w.l(h1_extend.o)
    0x08002514   0x08002514   0x00000042   Code   RO         2304    .text               c_w.l(ftell.o)
    0x08002556   0x08002556   0x00000032   Code   RO         2308    .text               c_w.l(defsig_general.o)
    0x08002588   0x08002588   0x0000000e   Code   RO         2310    .text               c_w.l(defsig_rtmem_outer.o)
    0x08002596   0x08002596   0x0000000e   Code   RO         2339    .text               c_w.l(sys_wrch.o)
    0x080025a4   0x080025a4   0x00000050   Code   RO         2351    .text               c_w.l(defsig_rtmem_inner.o)
    0x080025f4   0x080025f4   0x00000002   Code   RO          127    .text.BusFault_Handler  stm32f4xx_it.o
    0x080025f6   0x080025f6   0x00000002   PAD
    0x080025f8   0x080025f8   0x00000382   Code   RO         1759    .text.DHT11GetData  dht11.o
    0x0800297a   0x0800297a   0x00000002   PAD
    0x0800297c   0x0800297c   0x00000002   Code   RO          131    .text.DebugMon_Handler  stm32f4xx_it.o
    0x0800297e   0x0800297e   0x00000002   PAD
    0x08002980   0x08002980   0x00000006   Code   RO          133    .text.EXTI3_IRQHandler  stm32f4xx_it.o
    0x08002986   0x08002986   0x00000002   PAD
    0x08002988   0x08002988   0x00000006   Code   RO          135    .text.EXTI4_IRQHandler  stm32f4xx_it.o
    0x0800298e   0x0800298e   0x00000002   PAD
    0x08002990   0x08002990   0x00000006   Code   RO          137    .text.EXTI9_5_IRQHandler  stm32f4xx_it.o
    0x08002996   0x08002996   0x00000002   PAD
    0x08002998   0x08002998   0x0000000a   Code   RO           27    .text.Error_Handler  main.o
    0x080029a2   0x080029a2   0x00000002   PAD
    0x080029a4   0x080029a4   0x0000008e   Code   RO          346    .text.HAL_DMA_Abort  stm32f4xx_hal_dma.o
    0x08002a32   0x08002a32   0x00000002   PAD
    0x08002a34   0x08002a34   0x00000024   Code   RO          348    .text.HAL_DMA_Abort_IT  stm32f4xx_hal_dma.o
    0x08002a58   0x08002a58   0x00000028   Code   RO          505    .text.HAL_Delay     stm32f4xx_hal.o
    0x08002a80   0x08002a80   0x000000d8   Code   RO           19    .text.HAL_GPIO_EXTI_Callback  main.o
    0x08002b58   0x08002b58   0x00000016   Code   RO          312    .text.HAL_GPIO_EXTI_IRQHandler  stm32f4xx_hal_gpio.o
    0x08002b6e   0x08002b6e   0x00000002   PAD
    0x08002b70   0x08002b70   0x000001a6   Code   RO          300    .text.HAL_GPIO_Init  stm32f4xx_hal_gpio.o
    0x08002d16   0x08002d16   0x00000002   PAD
    0x08002d18   0x08002d18   0x0000000a   Code   RO          304    .text.HAL_GPIO_ReadPin  stm32f4xx_hal_gpio.o
    0x08002d22   0x08002d22   0x00000002   PAD
    0x08002d24   0x08002d24   0x0000000a   Code   RO          306    .text.HAL_GPIO_WritePin  stm32f4xx_hal_gpio.o
    0x08002d2e   0x08002d2e   0x00000002   PAD
    0x08002d30   0x08002d30   0x0000000c   Code   RO          497    .text.HAL_GetTick   stm32f4xx_hal.o
    0x08002d3c   0x08002d3c   0x0000003c   Code   RO          713    .text.HAL_I2CEx_ConfigAnalogFilter  stm32f4xx_hal_i2c_ex.o
    0x08002d78   0x08002d78   0x00000040   Code   RO          715    .text.HAL_I2CEx_ConfigDigitalFilter  stm32f4xx_hal_i2c_ex.o
    0x08002db8   0x08002db8   0x00000176   Code   RO          579    .text.HAL_I2C_Init  stm32f4xx_hal_i2c.o
    0x08002f2e   0x08002f2e   0x00000002   PAD
    0x08002f30   0x08002f30   0x0000006c   Code   RO           73    .text.HAL_I2C_MspInit  i2c.o
    0x08002f9c   0x08002f9c   0x0000001a   Code   RO          495    .text.HAL_IncTick   stm32f4xx_hal.o
    0x08002fb6   0x08002fb6   0x00000002   PAD
    0x08002fb8   0x08002fb8   0x00000036   Code   RO          485    .text.HAL_Init      stm32f4xx_hal.o
    0x08002fee   0x08002fee   0x00000002   PAD
    0x08002ff0   0x08002ff0   0x000000b4   Code   RO          161    .text.HAL_InitTick  stm32f4xx_hal_timebase_tim.o
    0x080030a4   0x080030a4   0x00000042   Code   RO          152    .text.HAL_MspInit   stm32f4xx_hal_msp.o
    0x080030e6   0x080030e6   0x00000002   PAD
    0x080030e8   0x080030e8   0x00000026   Code   RO          443    .text.HAL_NVIC_EnableIRQ  stm32f4xx_hal_cortex.o
    0x0800310e   0x0800310e   0x00000002   PAD
    0x08003110   0x08003110   0x00000056   Code   RO          441    .text.HAL_NVIC_SetPriority  stm32f4xx_hal_cortex.o
    0x08003166   0x08003166   0x00000002   PAD
    0x08003168   0x08003168   0x00000020   Code   RO          439    .text.HAL_NVIC_SetPriorityGrouping  stm32f4xx_hal_cortex.o
    0x08003188   0x08003188   0x00000160   Code   RO          180    .text.HAL_RCC_ClockConfig  stm32f4xx_hal_rcc.o
    0x080032e8   0x080032e8   0x0000003e   Code   RO          198    .text.HAL_RCC_GetClockConfig  stm32f4xx_hal_rcc.o
    0x08003326   0x08003326   0x00000002   PAD
    0x08003328   0x08003328   0x00000026   Code   RO          192    .text.HAL_RCC_GetPCLK1Freq  stm32f4xx_hal_rcc.o
    0x0800334e   0x0800334e   0x00000002   PAD
    0x08003350   0x08003350   0x00000026   Code   RO          194    .text.HAL_RCC_GetPCLK2Freq  stm32f4xx_hal_rcc.o
    0x08003376   0x08003376   0x00000002   PAD
    0x08003378   0x08003378   0x0000006c   Code   RO          182    .text.HAL_RCC_GetSysClockFreq  stm32f4xx_hal_rcc.o
    0x080033e4   0x080033e4   0x00000374   Code   RO          178    .text.HAL_RCC_OscConfig  stm32f4xx_hal_rcc.o
    0x08003758   0x08003758   0x00000002   Code   RO         1030    .text.HAL_TIMEx_BreakCallback  stm32f4xx_hal_tim_ex.o
    0x0800375a   0x0800375a   0x00000002   PAD
    0x0800375c   0x0800375c   0x00000002   Code   RO         1026    .text.HAL_TIMEx_CommutCallback  stm32f4xx_hal_tim_ex.o
    0x0800375e   0x0800375e   0x00000002   PAD
    0x08003760   0x08003760   0x000000b6   Code   RO         1020    .text.HAL_TIMEx_MasterConfigSynchronization  stm32f4xx_hal_tim_ex.o
    0x08003816   0x08003816   0x00000002   PAD
    0x08003818   0x08003818   0x0000005a   Code   RO          725    .text.HAL_TIM_Base_Init  stm32f4xx_hal_tim.o
    0x08003872   0x08003872   0x00000002   PAD
    0x08003874   0x08003874   0x00000044   Code   RO           88    .text.HAL_TIM_Base_MspInit  tim.o
    0x080038b8   0x080038b8   0x000000aa   Code   RO          739    .text.HAL_TIM_Base_Start_IT  stm32f4xx_hal_tim.o
    0x08003962   0x08003962   0x00000002   PAD
    0x08003964   0x08003964   0x0000019c   Code   RO          905    .text.HAL_TIM_ConfigClockSource  stm32f4xx_hal_tim.o
    0x08003b00   0x08003b00   0x00000002   Code   RO          861    .text.HAL_TIM_IC_CaptureCallback  stm32f4xx_hal_tim.o
    0x08003b02   0x08003b02   0x00000002   PAD
    0x08003b04   0x08003b04   0x00000170   Code   RO          859    .text.HAL_TIM_IRQHandler  stm32f4xx_hal_tim.o
    0x08003c74   0x08003c74   0x00000002   Code   RO          863    .text.HAL_TIM_OC_DelayElapsedCallback  stm32f4xx_hal_tim.o
    0x08003c76   0x08003c76   0x00000002   PAD
    0x08003c78   0x08003c78   0x00000002   Code   RO          865    .text.HAL_TIM_PWM_PulseFinishedCallback  stm32f4xx_hal_tim.o
    0x08003c7a   0x08003c7a   0x00000002   PAD
    0x08003c7c   0x08003c7c   0x00000012   Code   RO           29    .text.HAL_TIM_PeriodElapsedCallback  main.o
    0x08003c8e   0x08003c8e   0x00000002   PAD
    0x08003c90   0x08003c90   0x00000002   Code   RO          869    .text.HAL_TIM_TriggerCallback  stm32f4xx_hal_tim.o
    0x08003c92   0x08003c92   0x00000002   PAD
    0x08003c94   0x08003c94   0x00000002   Code   RO         1128    .text.HAL_UARTEx_RxEventCallback  stm32f4xx_hal_uart.o
    0x08003c96   0x08003c96   0x00000002   PAD
    0x08003c98   0x08003c98   0x00000002   Code   RO         1126    .text.HAL_UART_ErrorCallback  stm32f4xx_hal_uart.o
    0x08003c9a   0x08003c9a   0x00000002   PAD
    0x08003c9c   0x08003c9c   0x00000564   Code   RO         1120    .text.HAL_UART_IRQHandler  stm32f4xx_hal_uart.o
    0x08004200   0x08004200   0x0000005e   Code   RO         1044    .text.HAL_UART_Init  stm32f4xx_hal_uart.o
    0x0800425e   0x0800425e   0x00000002   PAD
    0x08004260   0x08004260   0x000000e6   Code   RO          105    .text.HAL_UART_MspInit  usart.o
    0x08004346   0x08004346   0x00000002   PAD
    0x08004348   0x08004348   0x0000005e   Code   RO         1066    .text.HAL_UART_Receive_IT  stm32f4xx_hal_uart.o
    0x080043a6   0x080043a6   0x00000002   PAD
    0x080043a8   0x080043a8   0x00000050   Code   RO           21    .text.HAL_UART_RxCpltCallback  main.o
    0x080043f8   0x080043f8   0x00000002   Code   RO         1130    .text.HAL_UART_TxCpltCallback  stm32f4xx_hal_uart.o
    0x080043fa   0x080043fa   0x00000002   PAD
    0x080043fc   0x080043fc   0x00000002   Code   RO          123    .text.HardFault_Handler  stm32f4xx_it.o
    0x080043fe   0x080043fe   0x00000002   PAD
    0x08004400   0x08004400   0x00000130   Code   RO         1800    .text.LCD_Address_Set  lcd_init.o
    0x08004530   0x08004530   0x00000048   Code   RO         1770    .text.LCD_Fill      lcd.o
    0x08004578   0x08004578   0x00000828   Code   RO         1802    .text.LCD_Init      lcd_init.o
    0x08004da0   0x08004da0   0x00000038   Code   RO         1778    .text.LCD_ShowPicture  lcd.o
    0x08004dd8   0x08004dd8   0x0000002e   Code   RO         1796    .text.LCD_WR_DATA   lcd_init.o
    0x08004e06   0x08004e06   0x00000002   PAD
    0x08004e08   0x08004e08   0x00000028   Code   RO         1794    .text.LCD_WR_DATA8  lcd_init.o
    0x08004e30   0x08004e30   0x0000010e   Code   RO         1792    .text.LCD_Writ_Bus  lcd_init.o
    0x08004f3e   0x08004f3e   0x00000002   PAD
    0x08004f40   0x08004f40   0x00000024   Code   RO           57    .text.MX_FREERTOS_Init  freertos.o
    0x08004f64   0x08004f64   0x0000017c   Code   RO           48    .text.MX_GPIO_Init  gpio.o
    0x080050e0   0x080050e0   0x0000006e   Code   RO           71    .text.MX_I2C1_Init  i2c.o
    0x0800514e   0x0800514e   0x00000002   PAD
    0x08005150   0x08005150   0x00000070   Code   RO           86    .text.MX_TIM2_Init  tim.o
    0x080051c0   0x080051c0   0x0000003c   Code   RO          101    .text.MX_USART2_UART_Init  usart.o
    0x080051fc   0x080051fc   0x0000003c   Code   RO          103    .text.MX_USART3_UART_Init  usart.o
    0x08005238   0x08005238   0x00000002   Code   RO          125    .text.MemManage_Handler  stm32f4xx_it.o
    0x0800523a   0x0800523a   0x00000002   PAD
    0x0800523c   0x0800523c   0x00000002   Code   RO          121    .text.NMI_Handler   stm32f4xx_it.o
    0x0800523e   0x0800523e   0x00000002   PAD
    0x08005240   0x08005240   0x00000064   Code   RO         1733    .text.PendSV_Handler  port.o
    0x080052a4   0x080052a4   0x0000000c   PAD
    0x080052b0   0x080052b0   0x00000024   Code   RO         1717    .text.SVC_Handler   port.o
    0x080052d4   0x080052d4   0x00000008   Code   RO           59    .text.StartDefaultTask  freertos.o
    0x080052dc   0x080052dc   0x0000001e   Code   RO         1528    .text.SysTick_Handler  cmsis_os2.o
    0x080052fa   0x080052fa   0x00000002   PAD
    0x080052fc   0x080052fc   0x000000b0   Code   RO           25    .text.SystemClock_Config  main.o
    0x080053ac   0x080053ac   0x00000012   Code   RO         1164    .text.SystemInit    system_stm32f4xx.o
    0x080053be   0x080053be   0x00000002   PAD
    0x080053c0   0x080053c0   0x0000000c   Code   RO          139    .text.TIM1_UP_TIM10_IRQHandler  stm32f4xx_it.o
    0x080053cc   0x080053cc   0x0000000c   Code   RO          141    .text.TIM2_IRQHandler  stm32f4xx_it.o
    0x080053d8   0x080053d8   0x0000013c   Code   RO          729    .text.TIM_Base_SetConfig  stm32f4xx_hal_tim.o
    0x08005514   0x08005514   0x0000000c   Code   RO         1124    .text.UART_DMAAbortOnError  stm32f4xx_hal_uart.o
    0x08005520   0x08005520   0x000000fe   Code   RO         1122    .text.UART_Receive_IT  stm32f4xx_hal_uart.o
    0x0800561e   0x0800561e   0x00000002   PAD
    0x08005620   0x08005620   0x000000ee   Code   RO         1048    .text.UART_SetConfig  stm32f4xx_hal_uart.o
    0x0800570e   0x0800570e   0x00000002   PAD
    0x08005710   0x08005710   0x0000000c   Code   RO          143    .text.USART2_IRQHandler  stm32f4xx_it.o
    0x0800571c   0x0800571c   0x00000002   Code   RO          129    .text.UsageFault_Handler  stm32f4xx_it.o
    0x0800571e   0x0800571e   0x00000002   PAD
    0x08005720   0x08005720   0x000001fe   Code   RO         1755    .text.dht11RstCheck  dht11.o
    0x0800591e   0x0800591e   0x00000002   PAD
    0x08005920   0x08005920   0x00000028   Code   RO          109    .text.fputc         usart.o
    0x08005948   0x08005948   0x000000fc   Code   RO           23    .text.main          main.o
    0x08005a44   0x08005a44   0x00000020   Code   RO         1588    .text.osDelay       cmsis_os2.o
    0x08005a64   0x08005a64   0x00000028   Code   RO         1530    .text.osKernelInitialize  cmsis_os2.o
    0x08005a8c   0x08005a8c   0x0000003c   Code   RO         1536    .text.osKernelStart  cmsis_os2.o
    0x08005ac8   0x08005ac8   0x000000ae   Code   RO         1552    .text.osThreadNew   cmsis_os2.o
    0x08005b76   0x08005b76   0x00000002   PAD
    0x08005b78   0x08005b78   0x0000028a   Code   RO         1363    .text.prvAddNewTaskToReadyList  tasks.o
    0x08005e02   0x08005e02   0x00000002   PAD
    0x08005e04   0x08005e04   0x00000086   Code   RO         1395    .text.prvIdleTask   tasks.o
    0x08005e8a   0x08005e8a   0x00000002   PAD
    0x08005e8c   0x08005e8c   0x00000128   Code   RO         1361    .text.prvInitialiseNewTask  tasks.o
    0x08005fb4   0x08005fb4   0x00000028   Code   RO         1725    .text.prvPortStartFirstTask  port.o
    0x08005fdc   0x08005fdc   0x0000003e   Code   RO         1715    .text.prvTaskExitError  port.o
    0x0800601a   0x0800601a   0x00000002   PAD
    0x0800601c   0x0800601c   0x0000038a   Code   RO         1480    .text.prvTimerTask  timers.o
    0x080063a6   0x080063a6   0x00000002   PAD
    0x080063a8   0x080063a8   0x00000074   Code   RO         1260    .text.prvUnlockQueue  queue.o
    0x0800641c   0x0800641c   0x0000020a   Code   RO         1691    .text.pvPortMalloc  heap_4.o
    0x08006626   0x08006626   0x00000002   PAD
    0x08006628   0x08006628   0x00000028   Code   RO         1713    .text.pxPortInitialiseStack  port.o
    0x08006650   0x08006650   0x000000c0   Code   RO           11    .text.taskDHT11     main.o
    0x08006710   0x08006710   0x000000b8   Code   RO           13    .text.taskST7789    main.o
    0x080067c8   0x080067c8   0x00000054   Code   RO           15    .text.taskYL38      main.o
    0x0800681c   0x0800681c   0x00000024   Code   RO         1224    .text.uxListRemove  list.o
    0x08006840   0x08006840   0x0000001a   Code   RO         1674    .text.vApplicationGetIdleTaskMemory  cmsis_os2.o
    0x0800685a   0x0800685a   0x00000002   PAD
    0x0800685c   0x0800685c   0x0000001c   Code   RO         1676    .text.vApplicationGetTimerTaskMemory  cmsis_os2.o
    0x08006878   0x08006878   0x00000016   Code   RO         1216    .text.vListInitialise  list.o
    0x0800688e   0x0800688e   0x00000002   PAD
    0x08006890   0x08006890   0x00000006   Code   RO         1218    .text.vListInitialiseItem  list.o
    0x08006896   0x08006896   0x00000002   PAD
    0x08006898   0x08006898   0x00000062   Code   RO         1222    .text.vListInsert   list.o
    0x080068fa   0x080068fa   0x00000002   PAD
    0x080068fc   0x080068fc   0x0000001c   Code   RO         1220    .text.vListInsertEnd  list.o
    0x08006918   0x08006918   0x00000014   Code   RO         1723    .text.vPortEnableVFP  port.o
    0x0800692c   0x0800692c   0x00000046   Code   RO         1729    .text.vPortEnterCritical  port.o
    0x08006972   0x08006972   0x00000002   PAD
    0x08006974   0x08006974   0x0000002e   Code   RO         1731    .text.vPortExitCritical  port.o
    0x080069a2   0x080069a2   0x00000002   PAD
    0x080069a4   0x080069a4   0x000000d4   Code   RO         1693    .text.vPortFree     heap_4.o
    0x08006a78   0x08006a78   0x00000034   Code   RO         1721    .text.vPortSetupTimerInterrupt  port.o
    0x08006aac   0x08006aac   0x0000005e   Code   RO         1737    .text.vPortValidateInterruptPriority  port.o
    0x08006b0a   0x08006b0a   0x00000002   PAD
    0x08006b0c   0x08006b0c   0x000000b0   Code   RO         1294    .text.vQueueAddToRegistry  queue.o
    0x08006bbc   0x08006bbc   0x00000052   Code   RO         1298    .text.vQueueWaitForMessageRestricted  queue.o
    0x08006c0e   0x08006c0e   0x00000002   PAD
    0x08006c10   0x08006c10   0x00000080   Code   RO         1375    .text.vTaskDelay    tasks.o
    0x08006c90   0x08006c90   0x00000012   Code   RO         1425    .text.vTaskInternalSetTimeOutState  tasks.o
    0x08006ca2   0x08006ca2   0x00000002   PAD
    0x08006ca4   0x08006ca4   0x0000000e   Code   RO         1429    .text.vTaskMissedYield  tasks.o
    0x08006cb2   0x08006cb2   0x00000002   PAD
    0x08006cb4   0x08006cb4   0x00000074   Code   RO         1413    .text.vTaskPlaceOnEventList  tasks.o
    0x08006d28   0x08006d28   0x0000007a   Code   RO         1417    .text.vTaskPlaceOnEventListRestricted  tasks.o
    0x08006da2   0x08006da2   0x00000002   PAD
    0x08006da4   0x08006da4   0x000000f0   Code   RO         1393    .text.vTaskStartScheduler  tasks.o
    0x08006e94   0x08006e94   0x00000010   Code   RO         1371    .text.vTaskSuspendAll  tasks.o
    0x08006ea4   0x08006ea4   0x000000bc   Code   RO         1387    .text.vTaskSwitchContext  tasks.o
    0x08006f60   0x08006f60   0x00000184   Code   RO         1719    .text.xPortStartScheduler  port.o
    0x080070e4   0x080070e4   0x0000002e   Code   RO         1735    .text.xPortSysTickHandler  port.o
    0x08007112   0x08007112   0x00000002   PAD
    0x08007114   0x08007114   0x00000086   Code   RO         1238    .text.xQueueGenericCreate  queue.o
    0x0800719a   0x0800719a   0x00000002   PAD
    0x0800719c   0x0800719c   0x000000de   Code   RO         1236    .text.xQueueGenericCreateStatic  queue.o
    0x0800727a   0x0800727a   0x00000002   PAD
    0x0800727c   0x0800727c   0x0000022a   Code   RO         1250    .text.xQueueGenericSend  queue.o
    0x080074a6   0x080074a6   0x00000002   PAD
    0x080074a8   0x080074a8   0x00000158   Code   RO         1262    .text.xQueueGenericSendFromISR  queue.o
    0x08007600   0x08007600   0x000001a2   Code   RO         1266    .text.xQueueReceive  queue.o
    0x080077a2   0x080077a2   0x00000002   PAD
    0x080077a4   0x080077a4   0x000000a2   Code   RO         1427    .text.xTaskCheckForTimeOut  tasks.o
    0x08007846   0x08007846   0x00000002   PAD
    0x08007848   0x08007848   0x00000060   Code   RO         1365    .text.xTaskCreate   tasks.o
    0x080078a8   0x080078a8   0x00000076   Code   RO         1359    .text.xTaskCreateStatic  tasks.o
    0x0800791e   0x0800791e   0x00000002   PAD
    0x08007920   0x08007920   0x0000001e   Code   RO         1441    .text.xTaskGetSchedulerState  tasks.o
    0x0800793e   0x0800793e   0x00000002   PAD
    0x08007940   0x08007940   0x0000000c   Code   RO         1401    .text.xTaskGetTickCount  tasks.o
    0x0800794c   0x0800794c   0x00000104   Code   RO         1399    .text.xTaskIncrementTick  tasks.o
    0x08007a50   0x08007a50   0x0000008a   Code   RO         1445    .text.xTaskPriorityDisinherit  tasks.o
    0x08007ada   0x08007ada   0x00000002   PAD
    0x08007adc   0x08007adc   0x00000072   Code   RO         1419    .text.xTaskRemoveFromEventList  tasks.o
    0x08007b4e   0x08007b4e   0x00000002   PAD
    0x08007b50   0x08007b50   0x000000ee   Code   RO         1373    .text.xTaskResumeAll  tasks.o
    0x08007c3e   0x08007c3e   0x00000002   PAD
    0x08007c40   0x08007c40   0x000000b4   Code   RO         1478    .text.xTimerCreateTimerTask  timers.o
    0x08007cf4   0x08007cf4   0x0000003e   Code   RO         1966    CL$$btod_d2e        c_w.l(btod.o)
    0x08007d32   0x08007d32   0x00000046   Code   RO         1968    CL$$btod_d2e_denorm_low  c_w.l(btod.o)
    0x08007d78   0x08007d78   0x00000060   Code   RO         1967    CL$$btod_d2e_norm_op1  c_w.l(btod.o)
    0x08007dd8   0x08007dd8   0x00000338   Code   RO         1976    CL$$btod_div_common  c_w.l(btod.o)
    0x08008110   0x08008110   0x00000084   Code   RO         1974    CL$$btod_e2d        c_w.l(btod.o)
    0x08008194   0x08008194   0x000000dc   Code   RO         1973    CL$$btod_e2e        c_w.l(btod.o)
    0x08008270   0x08008270   0x0000002a   Code   RO         1970    CL$$btod_ediv       c_w.l(btod.o)
    0x0800829a   0x0800829a   0x0000002a   Code   RO         1972    CL$$btod_edivd      c_w.l(btod.o)
    0x080082c4   0x080082c4   0x0000002a   Code   RO         1969    CL$$btod_emul       c_w.l(btod.o)
    0x080082ee   0x080082ee   0x0000002a   Code   RO         1971    CL$$btod_emuld      c_w.l(btod.o)
    0x08008318   0x08008318   0x00000244   Code   RO         1975    CL$$btod_mult_common  c_w.l(btod.o)
    0x0800855c   0x0800855c   0x00000030   Code   RO         2018    i.__ARM_fpclassify  m_wm.l(fpclassify.o)
    0x0800858c   0x0800858c   0x00000004   PAD
    0x08008590   0x08008590   0x000000f8   Code   RO         2020    i.__hardfp___mathlib_tofloat  m_wm.l(narrow.o)
    0x08008688   0x08008688   0x000000d0   Code   RO         2272    i.__hardfp_ldexp    m_wm.l(ldexp.o)
    0x08008758   0x08008758   0x00000020   Code   RO         2329    i.__mathlib_dbl_overflow  m_wm.l(dunder.o)
    0x08008778   0x08008778   0x00000020   Code   RO         2331    i.__mathlib_dbl_underflow  m_wm.l(dunder.o)
    0x08008798   0x08008798   0x00000012   Code   RO         2021    i.__mathlib_narrow  m_wm.l(narrow.o)
    0x080087aa   0x080087aa   0x00000014   Code   RO         2274    i.__support_ldexp   m_wm.l(ldexp.o)
    0x080087be   0x080087be   0x0000000e   Code   RO         1843    i._is_digit         c_w.l(__printf_wp.o)
    0x080087cc   0x080087cc   0x00000004   PAD
    0x080087d0   0x080087d0   0x0000008c   Code   RO         2204    i.frexp             m_wm.l(frexp.o)
    0x0800885c   0x0800885c   0x0000002c   Code   RO         2002    locale$$code        c_w.l(lc_numeric_c.o)
    0x08008888   0x08008888   0x0000002c   Code   RO         2250    locale$$code        c_w.l(lc_ctype_c.o)
    0x080088b4   0x080088b4   0x00000062   Code   RO         2196    x$fpl$d2f           fz_wm.l(d2f.o)
    0x08008916   0x08008916   0x00000002   PAD
    0x08008918   0x08008918   0x00000010   Code   RO         2364    x$fpl$dcheck1       fz_wm.l(dcheck1.o)
    0x08008928   0x08008928   0x00000018   Code   RO         2260    x$fpl$dcmpinf       fz_wm.l(dcmpi.o)
    0x08008940   0x08008940   0x00000078   Code   RO         2198    x$fpl$deqf          fz_wm.l(deqf.o)
    0x080089b8   0x080089b8   0x00000078   Code   RO         2262    x$fpl$dleqf         fz_wm.l(dleqf.o)
    0x08008a30   0x08008a30   0x00000154   Code   RO         2264    x$fpl$dmul          fz_wm.l(dmul.o)
    0x08008b84   0x08008b84   0x0000009c   Code   RO         2266    x$fpl$dnaninf       fz_wm.l(dnaninf.o)
    0x08008c20   0x08008c20   0x0000000c   Code   RO         1919    x$fpl$dretinf       fz_wm.l(dretinf.o)
    0x08008c2c   0x08008c2c   0x0000006c   Code   RO         2200    x$fpl$drleqf        fz_wm.l(drleqf.o)
    0x08008c98   0x08008c98   0x00000056   Code   RO         1875    x$fpl$f2d           fz_wm.l(f2d.o)
    0x08008cee   0x08008cee   0x0000008c   Code   RO         1921    x$fpl$fnaninf       fz_wm.l(fnaninf.o)
    0x08008d7a   0x08008d7a   0x0000001a   Code   RO         2268    x$fpl$fpinit        fz_wm.l(fpinit.o)
    0x08008d94   0x08008d94   0x0000000a   Code   RO         2270    x$fpl$fretinf       fz_wm.l(fretinf.o)
    0x08008d9e   0x08008d9e   0x00000006   Code   RO         2010    x$fpl$ieeestatus    fz_wm.l(istatus.o)
    0x08008da4   0x08008da4   0x00000004   Code   RO         1877    x$fpl$printf1       fz_wm.l(printf1.o)
    0x08008da8   0x08008da8   0x00000064   Code   RO         2386    x$fpl$retnan        fz_wm.l(retnan.o)
    0x08008e0c   0x08008e0c   0x0000005c   Code   RO         2323    x$fpl$scalbn        fz_wm.l(scalbn.o)
    0x08008e68   0x08008e68   0x00000004   Code   RO         1879    x$fpl$scanf1        fz_wm.l(scanf1.o)
    0x08008e6c   0x08008e6c   0x00000008   Code   RO         2012    x$fpl$scanf2        fz_wm.l(scanf2.o)
    0x08008e74   0x08008e74   0x00000030   Code   RO         2388    x$fpl$trapveneer    fz_wm.l(trapv.o)
    0x08008ea4   0x08008ea4   0x00000000   Code   RO         1923    x$fpl$usenofp       fz_wm.l(usenofp.o)
    0x08008ea4   0x08008ea4   0x00000094   Data   RO         1964    .constdata          c_w.l(bigflt0.o)
    0x08008f38   0x08008f38   0x00000004   Data   RO         2028    .constdata          c_w.l(sys_io_names.o)
    0x08008f3c   0x08008f3c   0x00000004   Data   RO         2029    .constdata          c_w.l(sys_io_names.o)
    0x08008f40   0x08008f40   0x00000004   Data   RO         2030    .constdata          c_w.l(sys_io_names.o)
    0x08008f44   0x08008f44   0x00000010   Data   RO         1169    .rodata.AHBPrescTable  system_stm32f4xx.o
    0x08008f54   0x08008f54   0x00000008   Data   RO         1170    .rodata.APBPrescTable  system_stm32f4xx.o
    0x08008f5c   0x08008f5c   0x00000024   Data   RO           62    .rodata.defaultTask_attributes  freertos.o
    0x08008f80   0x08008f80   0x0001c208   Data   RO           31    .rodata.gImage_tree_1  main.o
    0x08025188   0x08025188   0x0001c208   Data   RO           32    .rodata.gImage_tree_2  main.o
    0x08041390   0x08041390   0x0001c208   Data   RO           33    .rodata.gImage_tree_3  main.o
    0x0805d598   0x0805d598   0x0000000c   Data   RO           61    .rodata.str1.1      freertos.o
    0x0805d5a4   0x0805d5a4   0x00000005   Data   RO         1518    .rodata.str1.1      timers.o
    0x0805d5a9   0x0805d5a9   0x00000009   Data   RO         1761    .rodata.str1.1      dht11.o
    0x0805d5b2   0x0805d5b2   0x00000002   PAD
    0x0805d5b4   0x0805d5b4   0x00000020   Data   RO         2391    Region$$Table       anon$$obj.o
    0x0805d5d4   0x0805d5d4   0x00000008   Data   RO         2006    c$$dinf             fz_wm.l(fpconst.o)
    0x0805d5dc   0x0805d5dc   0x00000008   Data   RO         2009    c$$dmax             fz_wm.l(fpconst.o)
    0x0805d5e4   0x0805d5e4   0x0000001c   Data   RO         2001    locale$$data        c_w.l(lc_numeric_c.o)
    0x0805d600   0x0805d600   0x00000110   Data   RO         2249    locale$$data        c_w.l(lc_ctype_c.o)


    Execution Region RW_IRAM2 (Exec base: 0x10000000, Load base: 0x0805d730, Size: 0x00000000, Max: 0x00010000, ABSOLUTE)

    **** No section assigned to this execution region ****


    Execution Region RW_IRAM1 (Exec base: 0x20000000, Load base: 0x0805d710, Size: 0x00005360, Max: 0x00030000, ABSOLUTE)

    Exec Addr    Load Addr    Size         Type   Attr      Idx    E Section Name        Object

    0x20000000   0x0805d710   0x00000004   Data   RW         1914    .data               c_w.l(stdio_streams.o)
    0x20000004   0x0805d714   0x00000004   Data   RW         1915    .data               c_w.l(stdio_streams.o)
    0x20000008   0x0805d718   0x00000004   Data   RW         1916    .data               c_w.l(stdio_streams.o)
    0x2000000c   0x0805d71c   0x00000008   Data   RW          544    .data..L_MergedGlobals  stm32f4xx_hal.o
    0x20000014   0x0805d724   0x00000004   Data   RW         1168    .data.SystemCoreClock  system_stm32f4xx.o
    0x20000018   0x0805d728   0x00000004   Data   RW         1739    .data.uxCriticalNesting  port.o
    0x2000001c   0x0805d72c   0x00000004   PAD
    0x20000020        -       0x00000054   Zero   RW         1911    .bss                c_w.l(stdio_streams.o)
    0x20000074        -       0x00000054   Zero   RW         1912    .bss                c_w.l(stdio_streams.o)
    0x200000c8        -       0x00000054   Zero   RW         1913    .bss                c_w.l(stdio_streams.o)
    0x2000011c        -       0x00000060   Zero   RW         2032    .bss                c_w.l(libspace.o)
    0x2000017c        -       0x00000020   Zero   RW           39    .bss..L_MergedGlobals  main.o
    0x2000019c        -       0x00000078   Zero   RW         1468    .bss..L_MergedGlobals  tasks.o
    0x20000214        -       0x0000003c   Zero   RW         1519    .bss..L_MergedGlobals  timers.o
    0x20000250        -       0x00000020   Zero   RW         1704    .bss..L_MergedGlobals  heap_4.o
    0x20000270        -       0x00000008   Zero   RW         1740    .bss..L_MergedGlobals  port.o
    0x20000278        -       0x00000028   Zero   RW         1469    .bss..L_MergedGlobals.1  tasks.o
    0x200002a0        -       0x00000004   Zero   RW         1678    .bss.KernelState    cmsis_os2.o
    0x200002a4        -       0x00000004   Zero   RW           63    .bss.defaultTaskHandle  freertos.o
    0x200002a8        -       0x00000054   Zero   RW           77    .bss.hi2c1          i2c.o
    0x200002fc        -       0x00000048   Zero   RW          167    .bss.htim1          stm32f4xx_hal_timebase_tim.o
    0x20000344        -       0x00000048   Zero   RW           92    .bss.htim2          tim.o
    0x2000038c        -       0x00000044   Zero   RW          111    .bss.huart2         usart.o
    0x200003d0        -       0x00000044   Zero   RW          112    .bss.huart3         usart.o
    0x20000414        -       0x000000a0   Zero   RW         1517    .bss.prvCheckForValidListAndQueue.ucStaticTimerQueueStorage  timers.o
    0x200004b4        -       0x00000050   Zero   RW         1516    .bss.prvCheckForValidListAndQueue.xStaticTimerQueue  timers.o
    0x20000504        -       0x00000460   Zero   RW         1467    .bss.pxReadyTasksLists  tasks.o
    0x20000964        -       0x00000100   Zero   RW           34    .bss.uart_rx_buffer  main.o
    0x20000a64        -       0x00003c00   Zero   RW         1703    .bss.ucHeap         heap_4.o
    0x20004664        -       0x00000004   Zero   RW          543    .bss.uwTick         stm32f4xx_hal.o
    0x20004668        -       0x00000200   Zero   RW         1680    .bss.vApplicationGetIdleTaskMemory.Idle_Stack  cmsis_os2.o
    0x20004868        -       0x0000005c   Zero   RW         1679    .bss.vApplicationGetIdleTaskMemory.Idle_TCB  cmsis_os2.o
    0x200048c4        -       0x00000400   Zero   RW         1682    .bss.vApplicationGetTimerTaskMemory.Timer_Stack  cmsis_os2.o
    0x20004cc4        -       0x0000005c   Zero   RW         1681    .bss.vApplicationGetTimerTaskMemory.Timer_TCB  cmsis_os2.o
    0x20004d20        -       0x00000040   Zero   RW         1300    .bss.xQueueRegistry  queue.o
    0x20004d60        -       0x00000200   Zero   RW            2    HEAP                startup_stm32f429xx.o
    0x20004f60        -       0x00000400   Zero   RW            1    STACK               startup_stm32f429xx.o


==============================================================================

Image component sizes


      Code (inc. data)   RO Data    RW Data    ZI Data      Debug   Object Name

       390          0          0          0       1724      44741   cmsis_os2.o
      1408          0          9          0          0       5037   dht11.o
        44          0         48          0          4       2797   freertos.o
       380          0          0          0          0       4370   gpio.o
       734          0          0          0      15392       5594   heap_4.o
       218          0          0          0         84       5326   i2c.o
       128          0          0          0          0       5183   lcd.o
      2748          0          0          0          0       4926   lcd_init.o
       190          0          0          0          0       2318   list.o
      1212        212     345624          0        288      10400   main.o
       994         16          0          4          8       4177   port.o
      2046          0          0          0         64      28266   queue.o
        64         26        428          0       1536        836   startup_stm32f429xx.o
       132          0          0          8          4       7684   stm32f4xx_hal.o
       156          0          0          0          0      10676   stm32f4xx_hal_cortex.o
       178          0          0          0          0      10587   stm32f4xx_hal_dma.o
       464          0          0          0          0       5291   stm32f4xx_hal_gpio.o
       374          0          0          0          0      53701   stm32f4xx_hal_i2c.o
       124          0          0          0          0       4108   stm32f4xx_hal_i2c_ex.o
        66          0          0          0          0       3727   stm32f4xx_hal_msp.o
      1482          0          0          0          0       7456   stm32f4xx_hal_rcc.o
      1364          0          0          0          0      55024   stm32f4xx_hal_tim.o
       186          0          0          0          0      21229   stm32f4xx_hal_tim_ex.o
       180          0          0          0         72       7393   stm32f4xx_hal_timebase_tim.o
      2078          0          0          0          0      31706   stm32f4xx_hal_uart.o
        66          0          0          0          0       5823   stm32f4xx_it.o
        18          0         24          4          0       2681   system_stm32f4xx.o
      3090          8          0          0       1280      43035   tasks.o
       180          0          0          0         72       7402   tim.o
      1086         20          5          0        300      16113   timers.o
       390          0          0          0        136       7819   usart.o

    ----------------------------------------------------------------------
     22336        294     346172         16      20968     425426   Object Totals
         0          0         32          0          0          0   (incl. Generated)
       166         12          2          0          4          0   (incl. Padding)

    ----------------------------------------------------------------------

      Code (inc. data)   RO Data    RW Data    ZI Data      Debug   Library Member Name

        60          8          0          0          0         84   __0sscanf.o
         8          0          0          0          0         68   __main.o
       284          0          0          0          0        156   __printf_wp.o
         0          0          0          0          0          0   __rtentry.o
        12          0          0          0          0          0   __rtentry2.o
         6          0          0          0          0          0   __rtentry4.o
        52          8          0          0          0          0   __scatter.o
        26          0          0          0          0          0   __scatter_copy.o
        28          0          0          0          0          0   __scatter_zi.o
        28          0          0          0          0         68   _chval.o
        44          0          0          0          0        108   _printf_char.o
        48          6          0          0          0         96   _printf_char_common.o
        36          4          0          0          0         80   _printf_char_file.o
         6          0          0          0          0          0   _printf_d.o
       120         16          0          0          0         92   _printf_dec.o
         6          0          0          0          0          0   _printf_f.o
      1052          0          0          0          0        148   _printf_fp_dec.o
       128         16          0          0          0         84   _printf_fp_infnan.o
       178          0          0          0          0         88   _printf_intcommon.o
         0          0          0          0          0          0   _printf_percent.o
         4          0          0          0          0          0   _printf_percent_end.o
         6          0          0          0          0          0   _printf_s.o
        82          0          0          0          0         80   _printf_str.o
        22          0          0          0          0        100   _rserrno.o
       884          6          0          0          0        100   _scanf.o
        64          0          0          0          0         84   _sgetc.o
        16          0          0          0          0         68   _snputc.o
        10          0          0          0          0         68   _sputc.o
        16          0          0          0          0         68   aeabi_memset4.o
       228          4        148          0          0         96   bigflt0.o
      2152        136          0          0          0        956   btod.o
        10          0          0          0          0         68   defsig_exit.o
        50          0          0          0          0         88   defsig_general.o
        80         58          0          0          0         76   defsig_rtmem_inner.o
        14          0          0          0          0         80   defsig_rtmem_outer.o
        52         38          0          0          0         76   defsig_rtred_inner.o
        14          0          0          0          0         80   defsig_rtred_outer.o
        18          0          0          0          0         80   exit.o
        76          0          0          0          0         88   fclose.o
         8          0          0          0          0         68   ferror.o
       240          6          0          0          0        128   fopen.o
       248          6          0          0          0         84   fseek.o
        66          0          0          0          0         76   ftell.o
        94          0          0          0          0         80   h1_alloc.o
        52          0          0          0          0         68   h1_extend.o
        78          0          0          0          0         80   h1_free.o
        14          0          0          0          0         84   h1_init.o
         6          0          0          0          0        152   heapauxi.o
         4          0          0          0          0        136   hguard.o
         0          0          0          0          0          0   indicate_semi.o
       138          0          0          0          0        168   init_alloc.o
       312         46          0          0          0        112   initio.o
        18          0          0          0          0         76   isspace.o
        44         10        272          0          0         76   lc_ctype_c.o
        44         10         28          0          0         76   lc_numeric_c.o
         2          0          0          0          0          0   libinit.o
        46          0          0          0          0          0   libinit2.o
         2          0          0          0          0          0   libshutdown.o
         6          0          0          0          0          0   libshutdown2.o
         8          4          0          0         96         68   libspace.o
        38          0          0          0          0         68   llshl.o
       138          0          0          0          0         80   lludiv10.o
       240          0          0          0          0        100   lludivv7m.o
         0          0          0          0          0          0   maybetermalloc1.o
        24          4          0          0          0         84   noretval__2printf.o
        64          6          0          0          0         84   noretval__2snprintf.o
        40          6          0          0          0         84   noretval__2sprintf.o
        44          4          0          0          0         84   puts.o
        16          4          0          0          0         76   rt_ctype_table.o
         8          4          0          0          0         68   rt_errno_addr_intlibspace.o
         8          4          0          0          0         68   rt_heap_descriptor_intlibspace.o
         8          4          0          0          0         68   rt_locale_intlibspace.o
        78          0          0          0          0         80   rt_memclr_w.o
       138          0          0          0          0         68   rt_memcpy_v6.o
       100          0          0          0          0         80   rt_memcpy_w.o
         2          0          0          0          0          0   rtexit.o
        10          0          0          0          0          0   rtexit2.o
        44          8          0          0          0         84   scanf_char.o
      1272         16          0          0          0        168   scanf_fp.o
       800         14          0          0          0        100   scanf_hexfp.o
       308         16          0          0          0        100   scanf_infnan.o
        70          0          0          0          0         80   setvbuf.o
       264          6          0          0          0        160   stdio.o
         0          0          0         12        252          0   stdio_streams.o
       124          0          0          0          0         88   strcmpv7em.o
        62          0          0          0          0         76   strlen.o
        12          4          0          0          0         68   sys_exit.o
       102          0          0          0          0        240   sys_io.o
         0          0         12          0          0          0   sys_io_names.o
        74          0          0          0          0         80   sys_stackheap_outer.o
        14          0          0          0          0         76   sys_wrch.o
         2          0          0          0          0         68   use_no_semi.o
        98          4          0          0          0        140   d2f.o
        16          4          0          0          0        116   dcheck1.o
        24          0          0          0          0        116   dcmpi.o
       120          4          0          0          0        140   deqf.o
       120          4          0          0          0        140   dleqf.o
       340         12          0          0          0        152   dmul.o
       156          4          0          0          0        140   dnaninf.o
        12          0          0          0          0        116   dretinf.o
       108          0          0          0          0        128   drleqf.o
        86          4          0          0          0        132   f2d.o
       140          4          0          0          0        132   fnaninf.o
         0          0         16          0          0          0   fpconst.o
        26          0          0          0          0        116   fpinit.o
        10          0          0          0          0        116   fretinf.o
         6          0          0          0          0        116   istatus.o
         4          0          0          0          0        116   printf1.o
       100          0          0          0          0        116   retnan.o
        92          0          0          0          0        116   scalbn.o
         4          0          0          0          0        116   scanf1.o
         8          0          0          0          0        132   scanf2.o
        48          0          0          0          0        116   trapv.o
         0          0          0          0          0          0   usenofp.o
        64         16          0          0          0        248   dunder.o
        48          0          0          0          0        124   fpclassify.o
       140         22          0          0          0        132   frexp.o
       228          8          0          0          0        308   ldexp.o
       266         16          0          0          0        308   narrow.o

    ----------------------------------------------------------------------
     13752        584        476         12        348      10972   Library Totals
        34          0          0          0          0          0   (incl. Padding)

    ----------------------------------------------------------------------

      Code (inc. data)   RO Data    RW Data    ZI Data      Debug   Library Name

     11454        482        460         12        348       7340   c_w.l
      1518         40         16          0          0       2512   fz_wm.l
       746         62          0          0          0       1120   m_wm.l

    ----------------------------------------------------------------------
     13752        584        476         12        348      10972   Library Totals

    ----------------------------------------------------------------------

==============================================================================


      Code (inc. data)   RO Data    RW Data    ZI Data      Debug   

     36088        878     346648         28      21316     429110   Grand Totals
     36088        878     346648         28      21316     429110   ELF Image Totals
     36088        878     346648         28          0          0   ROM Totals

==============================================================================

    Total RO  Size (Code + RO Data)               382736 ( 373.77kB)
    Total RW  Size (RW Data + ZI Data)             21344 (  20.84kB)
    Total ROM Size (Code + RO Data + RW Data)     382764 ( 373.79kB)

==============================================================================

