Component: Arm Compiler for Embedded 6.19 Tool: armlink [5e73cb00]

==============================================================================

Section Cross References

    startup_stm32f429xx.o(STACK) refers (Special) to heapauxi.o(.text) for __use_two_region_memory
    startup_stm32f429xx.o(HEAP) refers (Special) to heapauxi.o(.text) for __use_two_region_memory
    startup_stm32f429xx.o(RESET) refers (Special) to heapauxi.o(.text) for __use_two_region_memory
    startup_stm32f429xx.o(RESET) refers to startup_stm32f429xx.o(STACK) for __initial_sp
    startup_stm32f429xx.o(RESET) refers to startup_stm32f429xx.o(.text) for Reset_Handler
    startup_stm32f429xx.o(RESET) refers to stm32f4xx_it.o(.text.NMI_Handler) for NMI_Handler
    startup_stm32f429xx.o(RESET) refers to stm32f4xx_it.o(.text.HardFault_Handler) for HardFault_Handler
    startup_stm32f429xx.o(RESET) refers to stm32f4xx_it.o(.text.MemManage_Handler) for MemManage_Handler
    startup_stm32f429xx.o(RESET) refers to stm32f4xx_it.o(.text.BusFault_Handler) for BusFault_Handler
    startup_stm32f429xx.o(RESET) refers to stm32f4xx_it.o(.text.UsageFault_Handler) for UsageFault_Handler
    startup_stm32f429xx.o(RESET) refers to port.o(.text.SVC_Handler) for SVC_Handler
    startup_stm32f429xx.o(RESET) refers to stm32f4xx_it.o(.text.DebugMon_Handler) for DebugMon_Handler
    startup_stm32f429xx.o(RESET) refers to port.o(.text.PendSV_Handler) for PendSV_Handler
    startup_stm32f429xx.o(RESET) refers to cmsis_os2.o(.text.SysTick_Handler) for SysTick_Handler
    startup_stm32f429xx.o(RESET) refers to stm32f4xx_it.o(.text.EXTI3_IRQHandler) for EXTI3_IRQHandler
    startup_stm32f429xx.o(RESET) refers to stm32f4xx_it.o(.text.EXTI4_IRQHandler) for EXTI4_IRQHandler
    startup_stm32f429xx.o(RESET) refers to stm32f4xx_it.o(.text.EXTI9_5_IRQHandler) for EXTI9_5_IRQHandler
    startup_stm32f429xx.o(RESET) refers to stm32f4xx_it.o(.text.TIM1_UP_TIM10_IRQHandler) for TIM1_UP_TIM10_IRQHandler
    startup_stm32f429xx.o(RESET) refers to stm32f4xx_it.o(.text.TIM2_IRQHandler) for TIM2_IRQHandler
    startup_stm32f429xx.o(RESET) refers to stm32f4xx_it.o(.text.USART2_IRQHandler) for USART2_IRQHandler
    startup_stm32f429xx.o(RESET) refers to stm32f4xx_it.o(.text.USART3_IRQHandler) for USART3_IRQHandler
    startup_stm32f429xx.o(RESET) refers to stm32f4xx_it.o(.text.EXTI15_10_IRQHandler) for EXTI15_10_IRQHandler
    startup_stm32f429xx.o(RESET) refers to stm32f4xx_it.o(.text.USART6_IRQHandler) for USART6_IRQHandler
    startup_stm32f429xx.o(.text) refers (Special) to heapauxi.o(.text) for __use_two_region_memory
    startup_stm32f429xx.o(.text) refers to system_stm32f4xx.o(.text.SystemInit) for SystemInit
    startup_stm32f429xx.o(.text) refers to __main.o(!!!main) for __main
    startup_stm32f429xx.o(.text) refers to startup_stm32f429xx.o(HEAP) for Heap_Mem
    startup_stm32f429xx.o(.text) refers to startup_stm32f429xx.o(STACK) for Stack_Mem
    main.o(.text) refers (Special) to _printf_percent.o(.ARM.Collect$$_printf_percent$$00000000) for _printf_percent
    main.o(.text) refers (Special) to _printf_d.o(.ARM.Collect$$_printf_percent$$00000009) for _printf_d
    main.o(.text) refers (Special) to _printf_f.o(.ARM.Collect$$_printf_percent$$00000003) for _printf_f
    main.o(.text) refers (Special) to _printf_dec.o(.text) for _printf_int_dec
    main.o(.text) refers (Special) to printf1.o(x$fpl$printf1) for _printf_fp_dec
    main.o(.text.taskST7789) refers (Special) to _printf_percent.o(.ARM.Collect$$_printf_percent$$00000000) for _printf_percent
    main.o(.text.taskST7789) refers (Special) to _printf_d.o(.ARM.Collect$$_printf_percent$$00000009) for _printf_d
    main.o(.text.taskST7789) refers (Special) to _printf_f.o(.ARM.Collect$$_printf_percent$$00000003) for _printf_f
    main.o(.text.taskST7789) refers (Special) to _printf_dec.o(.text) for _printf_int_dec
    main.o(.text.taskST7789) refers (Special) to printf1.o(x$fpl$printf1) for _printf_fp_dec
    main.o(.text.taskST7789) refers to lcd.o(.text.LCD_Fill) for LCD_Fill
    main.o(.text.taskST7789) refers to lcd.o(.text.LCD_ShowString) for LCD_ShowString
    main.o(.text.taskST7789) refers to tasks.o(.text.vTaskDelay) for vTaskDelay
    main.o(.ARM.exidx.text.taskST7789) refers (Special) to _printf_percent.o(.ARM.Collect$$_printf_percent$$00000000) for _printf_percent
    main.o(.ARM.exidx.text.taskST7789) refers (Special) to _printf_d.o(.ARM.Collect$$_printf_percent$$00000009) for _printf_d
    main.o(.ARM.exidx.text.taskST7789) refers (Special) to _printf_f.o(.ARM.Collect$$_printf_percent$$00000003) for _printf_f
    main.o(.ARM.exidx.text.taskST7789) refers (Special) to _printf_dec.o(.text) for _printf_int_dec
    main.o(.ARM.exidx.text.taskST7789) refers (Special) to printf1.o(x$fpl$printf1) for _printf_fp_dec
    main.o(.ARM.exidx.text.taskST7789) refers to main.o(.text.taskST7789) for [Anonymous Symbol]
[...]
    HAL_RCC_GetClockConfig                   0x080035f9   Thumb Code    62  stm32f4xx_hal_rcc.o(.text.HAL_RCC_GetClockConfig)
    HAL_RCC_GetPCLK1Freq                     0x08003639   Thumb Code    38  stm32f4xx_hal_rcc.o(.text.HAL_RCC_GetPCLK1Freq)
    HAL_RCC_GetPCLK2Freq                     0x08003661   Thumb Code    38  stm32f4xx_hal_rcc.o(.text.HAL_RCC_GetPCLK2Freq)
    HAL_RCC_GetSysClockFreq                  0x08003689   Thumb Code   108  stm32f4xx_hal_rcc.o(.text.HAL_RCC_GetSysClockFreq)
    HAL_RCC_OscConfig                        0x080036f5   Thumb Code   884  stm32f4xx_hal_rcc.o(.text.HAL_RCC_OscConfig)
    HAL_TIMEx_BreakCallback                  0x08003a69   Thumb Code     2  stm32f4xx_hal_tim_ex.o(.text.HAL_TIMEx_BreakCallback)
    HAL_TIMEx_CommutCallback                 0x08003a6d   Thumb Code     2  stm32f4xx_hal_tim_ex.o(.text.HAL_TIMEx_CommutCallback)
    HAL_TIMEx_MasterConfigSynchronization    0x08003a71   Thumb Code   182  stm32f4xx_hal_tim_ex.o(.text.HAL_TIMEx_MasterConfigSynchronization)
    HAL_TIM_Base_Init                        0x08003b29   Thumb Code    90  stm32f4xx_hal_tim.o(.text.HAL_TIM_Base_Init)
    HAL_TIM_Base_MspInit                     0x08003b85   Thumb Code    68  tim.o(.text.HAL_TIM_Base_MspInit)
    HAL_TIM_Base_Start_IT                    0x08003bc9   Thumb Code   170  stm32f4xx_hal_tim.o(.text.HAL_TIM_Base_Start_IT)
    HAL_TIM_ConfigClockSource                0x08003c75   Thumb Code   412  stm32f4xx_hal_tim.o(.text.HAL_TIM_ConfigClockSource)
    HAL_TIM_IC_CaptureCallback               0x08003e11   Thumb Code     2  stm32f4xx_hal_tim.o(.text.HAL_TIM_IC_CaptureCallback)
    HAL_TIM_IRQHandler                       0x08003e15   Thumb Code   368  stm32f4xx_hal_tim.o(.text.HAL_TIM_IRQHandler)
    HAL_TIM_OC_DelayElapsedCallback          0x08003f85   Thumb Code     2  stm32f4xx_hal_tim.o(.text.HAL_TIM_OC_DelayElapsedCallback)
    HAL_TIM_PWM_PulseFinishedCallback        0x08003f89   Thumb Code     2  stm32f4xx_hal_tim.o(.text.HAL_TIM_PWM_PulseFinishedCallback)
    HAL_TIM_PeriodElapsedCallback            0x08003f8d   Thumb Code    18  main.o(.text.HAL_TIM_PeriodElapsedCallback)
    HAL_TIM_TriggerCallback                  0x08003fa1   Thumb Code     2  stm32f4xx_hal_tim.o(.text.HAL_TIM_TriggerCallback)
    HAL_UARTEx_RxEventCallback               0x08003fa5   Thumb Code     2  stm32f4xx_hal_uart.o(.text.HAL_UARTEx_RxEventCallback)
    HAL_UART_ErrorCallback                   0x08003fa9   Thumb Code     2  stm32f4xx_hal_uart.o(.text.HAL_UART_ErrorCallback)
    HAL_UART_IRQHandler                      0x08003fad   Thumb Code  1380  stm32f4xx_hal_uart.o(.text.HAL_UART_IRQHandler)
    HAL_UART_Init                            0x08004511   Thumb Code    94  stm32f4xx_hal_uart.o(.text.HAL_UART_Init)
    HAL_UART_MspInit                         0x08004571   Thumb Code   292  usart.o(.text.HAL_UART_MspInit)
    HAL_UART_Receive_IT                      0x08004695   Thumb Code    94  stm32f4xx_hal_uart.o(.text.HAL_UART_Receive_IT)
    HAL_UART_RxCpltCallback                  0x080046f5   Thumb Code   116  main.o(.text.HAL_UART_RxCpltCallback)
    HAL_UART_Transmit                        0x08004769   Thumb Code   646  stm32f4xx_hal_uart.o(.text.HAL_UART_Transmit)
    HAL_UART_TxCpltCallback                  0x080049f1   Thumb Code     2  stm32f4xx_hal_uart.o(.text.HAL_UART_TxCpltCallback)
    HardFault_Handler                        0x080049f5   Thumb Code     2  stm32f4xx_it.o(.text.HardFault_Handler)
    LCD_Address_Set                          0x080049f9   Thumb Code   304  lcd_init.o(.text.LCD_Address_Set)
    LCD_Fill                                 0x08004b29   Thumb Code    72  lcd.o(.text.LCD_Fill)
    LCD_Init                                 0x08004b71   Thumb Code  2088  lcd_init.o(.text.LCD_Init)
    LCD_ShowChar                             0x08005399   Thumb Code   884  lcd.o(.text.LCD_ShowChar)
    LCD_ShowString                           0x0800570d   Thumb Code    70  lcd.o(.text.LCD_ShowString)
    LCD_WR_DATA                              0x08005755   Thumb Code    46  lcd_init.o(.text.LCD_WR_DATA)
    LCD_Writ_Bus                             0x08005785   Thumb Code   270  lcd_init.o(.text.LCD_Writ_Bus)
    MX_FREERTOS_Init                         0x08005895   Thumb Code    36  freertos.o(.text.MX_FREERTOS_Init)
    MX_GPIO_Init                             0x080058b9   Thumb Code   428  gpio.o(.text.MX_GPIO_Init)
    MX_I2C1_Init                             0x08005a65   Thumb Code   110  i2c.o(.text.MX_I2C1_Init)
    MX_I2C2_Init                             0x08005ad5   Thumb Code   110  i2c.o(.text.MX_I2C2_Init)
    MX_TIM2_Init                             0x08005b45   Thumb Code   112  tim.o(.text.MX_TIM2_Init)
    MX_USART2_UART_Init                      0x08005bb5   Thumb Code    60  usart.o(.text.MX_USART2_UART_Init)
    MX_USART3_UART_Init                      0x08005bf1   Thumb Code    60  usart.o(.text.MX_USART3_UART_Init)
    MX_USART6_UART_Init                      0x08005c2d   Thumb Code    60  usart.o(.text.MX_USART6_UART_Init)
    MemManage_Handler                        0x08005c69   Thumb Code     2  stm32f4xx_it.o(.text.MemManage_Handler)
    NEO6_Init                                0x08005c6d   Thumb Code    88  gps_neo6.o(.text.NEO6_Init)
    NEO6_IsFix                               0x08005cc5   Thumb Code     6  gps_neo6.o(.text.NEO6_IsFix)
    NEO6_ParseGPGGA                          0x08005ccd   Thumb Code   290  gps_neo6.o(.text.NEO6_ParseGPGGA)
    NEO6_ParseGPGSA                          0x08005df1   Thumb Code   470  gps_neo6.o(.text.NEO6_ParseGPGSA)
    NEO6_ParseGPRMC                          0x08005fc9   Thumb Code   520  gps_neo6.o(.text.NEO6_ParseGPRMC)
    NEO6_ParseGPVTG                          0x080061d1   Thumb Code   222  gps_neo6.o(.text.NEO6_ParseGPVTG)
    NEO6_ParseLine                           0x080062b1   Thumb Code   128  gps_neo6.o(.text.NEO6_ParseLine)
    NEO6_ReceiveUartChar                     0x08006351   Thumb Code    86  gps_neo6.o(.text.NEO6_ReceiveUartChar)
    NEO6_Task                                0x080063a9   Thumb Code    80  gps_neo6.o(.text.NEO6_Task)
    NMI_Handler                              0x080063f9   Thumb Code     2  stm32f4xx_it.o(.text.NMI_Handler)
    PendSV_Handler                           0x08006401   Thumb Code   100  port.o(.text.PendSV_Handler)
    SVC_Handler                              0x08006471   Thumb Code    36  port.o(.text.SVC_Handler)
    StartDefaultTask                         0x08006495   Thumb Code     8  freertos.o(.text.StartDefaultTask)
    SysTick_Handler                          0x0800649d   Thumb Code    30  cmsis_os2.o(.text.SysTick_Handler)
    SystemClock_Config                       0x080064bd   Thumb Code   176  main.o(.text.SystemClock_Config)
    SystemInit                               0x0800656d   Thumb Code    18  system_stm32f4xx.o(.text.SystemInit)
    TIM1_UP_TIM10_IRQHandler                 0x08006581   Thumb Code    12  stm32f4xx_it.o(.text.TIM1_UP_TIM10_IRQHandler)
    TIM2_IRQHandler                          0x0800658d   Thumb Code    12  stm32f4xx_it.o(.text.TIM2_IRQHandler)
    TIM_Base_SetConfig                       0x08006599   Thumb Code   316  stm32f4xx_hal_tim.o(.text.TIM_Base_SetConfig)
    USART2_IRQHandler                        0x080068d1   Thumb Code    12  stm32f4xx_it.o(.text.USART2_IRQHandler)
    USART3_IRQHandler                        0x080068dd   Thumb Code    12  stm32f4xx_it.o(.text.USART3_IRQHandler)
    USART6_IRQHandler                        0x080068e9   Thumb Code    12  stm32f4xx_it.o(.text.USART6_IRQHandler)
    UsageFault_Handler                       0x080068f5   Thumb Code     2  stm32f4xx_it.o(.text.UsageFault_Handler)
    _sys_close                               0x080068f9   Thumb Code    20  retarget_io.o(.text._sys_close)
    _sys_flen                                0x0800690d   Thumb Code     4  retarget_io.o(.text._sys_flen)
    _sys_istty                               0x08006911   Thumb Code    16  retarget_io.o(.text._sys_istty)
    _sys_open                                0x08006921   Thumb Code    98  retarget_io.o(.text._sys_open)
    _sys_seek                                0x08006985   Thumb Code     6  retarget_io.o(.text._sys_seek)
    _sys_write                               0x0800698d   Thumb Code    62  retarget_io.o(.text._sys_write)
    _ttywrch                                 0x080069cd   Thumb Code     4  retarget_io.o(.text._ttywrch)
    fputc                                    0x080069d1   Thumb Code    40  usart.o(.text.fputc)
    main                                     0x080069f9   Thumb Code   404  main.o(.text.main)
    max30102_clear_fifo                      0x08006c0d   Thumb Code   112  max30102_for_stm32_hal.o(.text.max30102_clear_fifo)
    max30102_has_interrupt                   0x08006c7d   Thumb Code     6  max30102_for_stm32_hal.o(.text.max30102_has_interrupt)
    max30102_init                            0x08006c85   Thumb Code    16  max30102_for_stm32_hal.o(.text.max30102_init)
    max30102_interrupt_handler               0x08006c95   Thumb Code   182  max30102_for_stm32_hal.o(.text.max30102_interrupt_handler)
    max30102_on_interrupt                    0x08006d4d   Thumb Code     8  max30102_for_stm32_hal.o(.text.max30102_on_interrupt)
    max30102_plot                            0x08006d55   Thumb Code     2  max30102_for_stm32_hal.o(.text.max30102_plot)
    max30102_read                            0x08006d59   Thumb Code    52  max30102_for_stm32_hal.o(.text.max30102_read)
    max30102_read_fifo                       0x08006d8d   Thumb Code   252  max30102_for_stm32_hal.o(.text.max30102_read_fifo)
    max30102_reset                           0x08006e89   Thumb Code    50  max30102_for_stm32_hal.o(.text.max30102_reset)
    max30102_set_adc_resolution              0x08006ebd   Thumb Code   110  max30102_for_stm32_hal.o(.text.max30102_set_adc_resolution)
    max30102_set_die_temp_en                 0x08006f2d   Thumb Code    56  max30102_for_stm32_hal.o(.text.max30102_set_die_temp_en)
    max30102_set_die_temp_rdy                0x08006f65   Thumb Code    56  max30102_for_stm32_hal.o(.text.max30102_set_die_temp_rdy)
    max30102_set_fifo_config                 0x08006f9d   Thumb Code    62  max30102_for_stm32_hal.o(.text.max30102_set_fifo_config)
    max30102_set_led_current_1               0x08006fe1   Thumb Code    88  max30102_for_stm32_hal.o(.text.max30102_set_led_current_1)
    max30102_set_led_current_2               0x08007039   Thumb Code    88  max30102_for_stm32_hal.o(.text.max30102_set_led_current_2)
    max30102_set_led_pulse_width             0x08007091   Thumb Code   110  max30102_for_stm32_hal.o(.text.max30102_set_led_pulse_width)
    max30102_set_mode                        0x08007101   Thumb Code   116  max30102_for_stm32_hal.o(.text.max30102_set_mode)
    max30102_set_sampling_rate               0x08007175   Thumb Code   110  max30102_for_stm32_hal.o(.text.max30102_set_sampling_rate)
    maxim_heart_rate_and_oxygen_saturation   0x080071e5   Thumb Code  4200  max30102_for_stm32_hal.o(.text.maxim_heart_rate_and_oxygen_saturation)
    maxim_remove_close_peaks                 0x0800824d   Thumb Code  1934  max30102_for_stm32_hal.o(.text.maxim_remove_close_peaks)
    nmea_to_decimal                          0x080089e1   Thumb Code   112  gps_neo6.o(.text.nmea_to_decimal)
    osDelay                                  0x08008a51   Thumb Code    32  cmsis_os2.o(.text.osDelay)
    osKernelInitialize                       0x08008a71   Thumb Code    40  cmsis_os2.o(.text.osKernelInitialize)
    osKernelStart                            0x08008a99   Thumb Code    60  cmsis_os2.o(.text.osKernelStart)
    osThreadNew                              0x08008ad5   Thumb Code   174  cmsis_os2.o(.text.osThreadNew)
    pvPortMalloc                             0x08009429   Thumb Code   522  heap_4.o(.text.pvPortMalloc)
    pxPortInitialiseStack                    0x08009635   Thumb Code    40  port.o(.text.pxPortInitialiseStack)
    taskGPSEval                              0x0800965d   Thumb Code    88  main.o(.text.taskGPSEval)
    taskGPSRecv                              0x08009701   Thumb Code    22  main.o(.text.taskGPSRecv)
    taskLora                                 0x08009719   Thumb Code   224  main.o(.text.taskLora)
    taskMax30102                             0x08009815   Thumb Code   140  main.o(.text.taskMax30102)
    taskMax30102Int                          0x080098b9   Thumb Code    44  main.o(.text.taskMax30102Int)
    taskST7789                               0x080098f9   Thumb Code   182  main.o(.text.taskST7789)
    uxListRemove                             0x080099b1   Thumb Code    36  list.o(.text.uxListRemove)
    vApplicationGetIdleTaskMemory            0x080099d5   Thumb Code    26  cmsis_os2.o(.text.vApplicationGetIdleTaskMemory)
    vApplicationGetTimerTaskMemory           0x080099f1   Thumb Code    28  cmsis_os2.o(.text.vApplicationGetTimerTaskMemory)
    vListInitialise                          0x08009a0d   Thumb Code    22  list.o(.text.vListInitialise)
    vListInitialiseItem                      0x08009a25   Thumb Code     6  list.o(.text.vListInitialiseItem)
    vListInsert                              0x08009a2d   Thumb Code    98  list.o(.text.vListInsert)
    vListInsertEnd                           0x08009a91   Thumb Code    28  list.o(.text.vListInsertEnd)
    vPortEnterCritical                       0x08009ac1   Thumb Code    70  port.o(.text.vPortEnterCritical)
    vPortExitCritical                        0x08009b09   Thumb Code    46  port.o(.text.vPortExitCritical)
    vPortFree                                0x08009b39   Thumb Code   212  heap_4.o(.text.vPortFree)
    vPortSetupTimerInterrupt                 0x08009c0d   Thumb Code    52  port.o(.text.vPortSetupTimerInterrupt)
    vQueueAddToRegistry                      0x08009c41   Thumb Code   176  queue.o(.text.vQueueAddToRegistry)
    vQueueWaitForMessageRestricted           0x08009cf1   Thumb Code    82  queue.o(.text.vQueueWaitForMessageRestricted)
    vTaskDelay                               0x08009d45   Thumb Code   128  tasks.o(.text.vTaskDelay)
    vTaskInternalSetTimeOutState             0x08009dc5   Thumb Code    18  tasks.o(.text.vTaskInternalSetTimeOutState)
    vTaskMissedYield                         0x08009dd9   Thumb Code    14  tasks.o(.text.vTaskMissedYield)
    vTaskPlaceOnEventList                    0x08009de9   Thumb Code   116  tasks.o(.text.vTaskPlaceOnEventList)
    vTaskPlaceOnEventListRestricted          0x08009e5d   Thumb Code   122  tasks.o(.text.vTaskPlaceOnEventListRestricted)
    vTaskStartScheduler                      0x08009ed9   Thumb Code   232  tasks.o(.text.vTaskStartScheduler)
    vTaskSuspendAll                          0x08009fc9   Thumb Code    16  tasks.o(.text.vTaskSuspendAll)
    vTaskSwitchContext                       0x08009fd9   Thumb Code   188  tasks.o(.text.vTaskSwitchContext)
    xPortStartScheduler                      0x0800a095   Thumb Code   388  port.o(.text.xPortStartScheduler)
    xPortSysTickHandler                      0x0800a219   Thumb Code    46  port.o(.text.xPortSysTickHandler)
    xQueueGenericCreateStatic                0x0800a249   Thumb Code   222  queue.o(.text.xQueueGenericCreateStatic)
    xQueueGenericSend                        0x0800a329   Thumb Code   554  queue.o(.text.xQueueGenericSend)
    xQueueReceive                            0x0800a555   Thumb Code   418  queue.o(.text.xQueueReceive)
    xTaskCheckForTimeOut                     0x0800a6f9   Thumb Code   162  tasks.o(.text.xTaskCheckForTimeOut)
    xTaskCreate                              0x0800a79d   Thumb Code    96  tasks.o(.text.xTaskCreate)
    xTaskCreateStatic                        0x0800a7fd   Thumb Code   118  tasks.o(.text.xTaskCreateStatic)
    xTaskGetSchedulerState                   0x0800a875   Thumb Code    30  tasks.o(.text.xTaskGetSchedulerState)
    xTaskGetTickCount                        0x0800a895   Thumb Code    12  tasks.o(.text.xTaskGetTickCount)
    xTaskIncrementTick                       0x0800a8a1   Thumb Code   260  tasks.o(.text.xTaskIncrementTick)
    xTaskPriorityDisinherit                  0x0800a9a5   Thumb Code   138  tasks.o(.text.xTaskPriorityDisinherit)
    xTaskRemoveFromEventList                 0x0800aa31   Thumb Code   114  tasks.o(.text.xTaskRemoveFromEventList)
    xTaskResumeAll                           0x0800aaa5   Thumb Code   238  tasks.o(.text.xTaskResumeAll)
    xTimerCreateTimerTask                    0x0800ab95   Thumb Code   172  timers.o(.text.xTimerCreateTimerTask)
    _btod_d2e                                0x0800ac49   Thumb Code    62  btod.o(CL$$btod_d2e)
    _d2e_denorm_low                          0x0800ac87   Thumb Code    70  btod.o(CL$$btod_d2e_denorm_low)
    _d2e_norm_op1                            0x0800accd   Thumb Code    96  btod.o(CL$$btod_d2e_norm_op1)
    __btod_div_common                        0x0800ad2d   Thumb Code   696  btod.o(CL$$btod_div_common)
    _e2d                                     0x0800b065   Thumb Code   122  btod.o(CL$$btod_e2d)
    _e2e                                     0x0800b0e9   Thumb Code   220  btod.o(CL$$btod_e2e)
    _btod_ediv                               0x0800b1c5   Thumb Code    42  btod.o(CL$$btod_ediv)
    _btod_edivd                              0x0800b1ef   Thumb Code    42  btod.o(CL$$btod_edivd)
    _btod_emul                               0x0800b219   Thumb Code    42  btod.o(CL$$btod_emul)
    _btod_emuld                              0x0800b243   Thumb Code    42  btod.o(CL$$btod_emuld)
    __btod_mult_common                       0x0800b26d   Thumb Code   580  btod.o(CL$$btod_mult_common)
    __ARM_fpclassify                         0x0800b4b1   Thumb Code    48  fpclassify.o(i.__ARM_fpclassify)
    __hardfp___mathlib_tofloat               0x0800b4e1   Thumb Code   232  narrow.o(i.__hardfp___mathlib_tofloat)
    __hardfp_atof                            0x0800b5d9   Thumb Code    46  atof.o(i.__hardfp_atof)
    __hardfp_ldexp                           0x0800b611   Thumb Code   200  ldexp.o(i.__hardfp_ldexp)
    __mathlib_dbl_overflow                   0x0800b6e1   Thumb Code    24  dunder.o(i.__mathlib_dbl_overflow)
    __mathlib_dbl_underflow                  0x0800b701   Thumb Code    24  dunder.o(i.__mathlib_dbl_underflow)
    __mathlib_narrow                         0x0800b721   Thumb Code    18  narrow.o(i.__mathlib_narrow)
    __support_ldexp                          0x0800b733   Thumb Code    20  ldexp.o(i.__support_ldexp)
    _is_digit                                0x0800b747   Thumb Code    14  __printf_wp.o(i._is_digit)
    frexp                                    0x0800b759   Thumb Code   118  frexp.o(i.frexp)
    _get_lc_numeric                          0x0800b7e5   Thumb Code    44  lc_numeric_c.o(locale$$code)
    _get_lc_ctype                            0x0800b811   Thumb Code    44  lc_ctype_c.o(locale$$code)
    __aeabi_d2f                              0x0800b83d   Thumb Code     0  d2f.o(x$fpl$d2f)
    _d2f                                     0x0800b83d   Thumb Code    98  d2f.o(x$fpl$d2f)
    __aeabi_dadd                             0x0800b8a1   Thumb Code     0  daddsub_clz.o(x$fpl$dadd)
    _dadd                                    0x0800b8a1   Thumb Code   332  daddsub_clz.o(x$fpl$dadd)
    __fpl_dcheck_NaN1                        0x0800b9f1   Thumb Code    10  dcheck1.o(x$fpl$dcheck1)
    __fpl_dcmp_Inf                           0x0800ba01   Thumb Code    24  dcmpi.o(x$fpl$dcmpinf)
    __aeabi_ddiv                             0x0800ba19   Thumb Code     0  ddiv.o(x$fpl$ddiv)
    _ddiv                                    0x0800ba19   Thumb Code   556  ddiv.o(x$fpl$ddiv)
    __aeabi_cdcmpeq                          0x0800bccd   Thumb Code     0  deqf.o(x$fpl$deqf)
    _dcmpeq                                  0x0800bccd   Thumb Code   120  deqf.o(x$fpl$deqf)
    __aeabi_d2iz                             0x0800bd45   Thumb Code     0  dfix.o(x$fpl$dfix)
    _dfix                                    0x0800bd45   Thumb Code    94  dfix.o(x$fpl$dfix)
    __aeabi_i2d                              0x0800bda3   Thumb Code     0  dflt_clz.o(x$fpl$dflt)
    _dflt                                    0x0800bda3   Thumb Code    46  dflt_clz.o(x$fpl$dflt)
    __aeabi_cdcmple                          0x0800bdd1   Thumb Code     0  dleqf.o(x$fpl$dleqf)
    _dcmple                                  0x0800bdd1   Thumb Code   120  dleqf.o(x$fpl$dleqf)
    __fpl_dcmple_InfNaN                      0x0800be33   Thumb Code     0  dleqf.o(x$fpl$dleqf)
    __aeabi_dmul                             0x0800be49   Thumb Code     0  dmul.o(x$fpl$dmul)
    _dmul                                    0x0800be49   Thumb Code   332  dmul.o(x$fpl$dmul)
    __fpl_dnaninf                            0x0800bf9d   Thumb Code   156  dnaninf.o(x$fpl$dnaninf)
    __fpl_dretinf                            0x0800c039   Thumb Code    12  dretinf.o(x$fpl$dretinf)
    __aeabi_cdrcmple                         0x0800c045   Thumb Code     0  drleqf.o(x$fpl$drleqf)
    _drcmple                                 0x0800c045   Thumb Code   108  drleqf.o(x$fpl$drleqf)
    __aeabi_dsub                             0x0800c0b1   Thumb Code     0  daddsub_clz.o(x$fpl$dsub)
    _dsub                                    0x0800c0b1   Thumb Code   472  daddsub_clz.o(x$fpl$dsub)
    __aeabi_f2d                              0x0800c28d   Thumb Code     0  f2d.o(x$fpl$f2d)
    _f2d                                     0x0800c28d   Thumb Code    86  f2d.o(x$fpl$f2d)
    __fpl_fnaninf                            0x0800c2e3   Thumb Code   140  fnaninf.o(x$fpl$fnaninf)
    _fp_init                                 0x0800c36f   Thumb Code    26  fpinit.o(x$fpl$fpinit)
    __fplib_config_fpu_vfp                   0x0800c387   Thumb Code     0  fpinit.o(x$fpl$fpinit)
    __fplib_config_pureend_doubles           0x0800c387   Thumb Code     0  fpinit.o(x$fpl$fpinit)
    __fpl_fretinf                            0x0800c389   Thumb Code    10  fretinf.o(x$fpl$fretinf)
    __ieee_status                            0x0800c393   Thumb Code     6  istatus.o(x$fpl$ieeestatus)
    _printf_fp_dec                           0x0800c399   Thumb Code     4  printf1.o(x$fpl$printf1)
    __fpl_return_NaN                         0x0800c39d   Thumb Code   100  retnan.o(x$fpl$retnan)
    __ARM_scalbn                             0x0800c401   Thumb Code    92  scalbn.o(x$fpl$scalbn)
    _scanf_real                              0x0800c45d   Thumb Code     4  scanf1.o(x$fpl$scanf1)
    _scanf_hex_real                          0x0800c461   Thumb Code     4  scanf2.o(x$fpl$scanf2)
    _scanf_infnan                            0x0800c465   Thumb Code     4  scanf2.o(x$fpl$scanf2)
    __fpl_cmpreturn                          0x0800c469   Thumb Code    48  trapv.o(x$fpl$trapveneer)
    __I$use$fp                               0x0800c498   Number         0  usenofp.o(x$fpl$usenofp)
    AHBPrescTable                            0x0800c52c   Data          16  system_stm32f4xx.o(.rodata.AHBPrescTable)
    APBPrescTable                            0x0800c53c   Data           8  system_stm32f4xx.o(.rodata.APBPrescTable)
    __stderr_name                            0x0800c544   Data           8  retarget_io.o(.rodata.__stderr_name)
    __stdin_name                             0x0800c54c   Data           7  retarget_io.o(.rodata.__stdin_name)
    __stdout_name                            0x0800c553   Data           8  retarget_io.o(.rodata.__stdout_name)
    ascii_1206                               0x0800c55b   Data        1140  lcd.o(.rodata.ascii_1206)
    ascii_1608                               0x0800c9cf   Data        1520  lcd.o(.rodata.ascii_1608)
    ascii_2412                               0x0800cfbf   Data        4560  lcd.o(.rodata.ascii_2412)
    ascii_3216                               0x0800e18f   Data        6080  lcd.o(.rodata.ascii_3216)
    defaultTask_attributes                   0x0800f950   Data          36  freertos.o(.rodata.defaultTask_attributes)
    uch_spo2_table                           0x0800f985   Data         184  max30102_for_stm32_hal.o(.rodata.uch_spo2_table)
    Region$$Table$$Base                      0x0800fa40   Number         0  anon$$obj.o(Region$$Table)
    Region$$Table$$Limit                     0x0800fa60   Number         0  anon$$obj.o(Region$$Table)
    __aeabi_HUGE_VAL                         0x0800fa60   Data           0  fpconst.o(c$$dinf)
    __aeabi_HUGE_VALL                        0x0800fa60   Data           0  fpconst.o(c$$dinf)
    __aeabi_INFINITY                         0x0800fa60   Data           0  fpconst.o(c$$dinf)
    __dInf                                   0x0800fa60   Data           0  fpconst.o(c$$dinf)
    __huge_val                               0x0800fa60   Data           0  fpconst.o(c$$dinf)
    __dbl_max                                0x0800fa68   Data           0  fpconst.o(c$$dmax)
    __ctype                                  0x0800fa99   Data           0  lc_ctype_c.o(locale$$data)
    __aeabi_stdin                            0x20000000   Data           4  stdio_streams.o(.data)
    __aeabi_stdout                           0x20000004   Data           4  stdio_streams.o(.data)
    __aeabi_stderr                           0x20000008   Data           4  stdio_streams.o(.data)
    uwTickFreq                               0x2000000c   Data           1  stm32f4xx_hal.o(.data..L_MergedGlobals)
    uwTickPrio                               0x20000010   Data           4  stm32f4xx_hal.o(.data..L_MergedGlobals)
    SystemCoreClock                          0x20000014   Data           4  system_stm32f4xx.o(.data.SystemCoreClock)
    lora_tx_ready                            0x20000018   Data           1  main.o(.data.lora_tx_ready)
    __stdin                                  0x20000020   Data          84  stdio_streams.o(.bss)
    __stdout                                 0x20000074   Data          84  stdio_streams.o(.bss)
    __stderr                                 0x200000c8   Data          84  stdio_streams.o(.bss)
    __libspace_start                         0x2000011c   Data          96  libspace.o(.bss)
    __temporary_stack_top$libspace           0x2000017c   Data           0  libspace.o(.bss)
    uart_data_ready                          0x2000017c   Data           1  main.o(.bss..L_MergedGlobals)
    uart_rx_data                             0x2000017d   Data           1  main.o(.bss..L_MergedGlobals)
    uart_rx_index                            0x2000017e   Data           2  main.o(.bss..L_MergedGlobals)
    max_heart_rate                           0x20000180   Data           4  main.o(.bss..L_MergedGlobals)
    pxCurrentTCB                             0x20000184   Data           4  tasks.o(.bss..L_MergedGlobals)
    GpsData                                  0x20000288   Data         488  main.o(.bss.GpsData)
    UartReceivedChar                         0x20000474   Data           1  gps_neo6.o(.bss.UartReceivedChar)
    defaultTaskHandle                        0x20001bd8   Data           4  freertos.o(.bss.defaultTaskHandle)
    hi2c1                                    0x20001bdc   Data          84  i2c.o(.bss.hi2c1)
    hi2c2                                    0x20001c30   Data          84  i2c.o(.bss.hi2c2)
    htim1                                    0x20001c84   Data          72  stm32f4xx_hal_timebase_tim.o(.bss.htim1)
    htim2                                    0x20001ccc   Data          72  tim.o(.bss.htim2)
    huart2                                   0x20001d14   Data          68  usart.o(.bss.huart2)
    huart3                                   0x20001d58   Data          68  usart.o(.bss.huart3)
    huart6                                   0x20001d9c   Data          68  usart.o(.bss.huart6)
    max30102                                 0x20001de0   Data         808  main.o(.bss.max30102)
    uart_rx_buffer                           0x2000265c   Data         256  main.o(.bss.uart_rx_buffer)
    uwTick                                   0x2000635c   Data           4  stm32f4xx_hal.o(.bss.uwTick)
    xQueueRegistry                           0x20006a18   Data          64  queue.o(.bss.xQueueRegistry)



==============================================================================

Memory Map of the image

  Image Entry point : 0x080001ad

  Load Region LR_IROM1 (Base: 0x08000000, Size: 0x0000fbc0, Max: 0x00200000, ABSOLUTE)

    Execution Region ER_IROM1 (Exec base: 0x08000000, Load base: 0x08000000, Size: 0x0000fb9c, Max: 0x00200000, ABSOLUTE)

    Exec Addr    Load Addr    Size         Type   Attr      Idx    E Section Name        Object

    0x08000000   0x08000000   0x000001ac   Data   RO            3    RESET               startup_stm32f429xx.o
    0x080001ac   0x080001ac   0x00000008   Code   RO         2097  * !!!main             c_w.l(__main.o)
    0x080001b4   0x080001b4   0x00000034   Code   RO         2557    !!!scatter          c_w.l(__scatter.o)
    0x080001e8   0x080001e8   0x0000001a   Code   RO         2559    !!handler_copy      c_w.l(__scatter_copy.o)
    0x08000202   0x08000202   0x00000002   PAD
    0x08000204   0x08000204   0x0000001c   Code   RO         2561    !!handler_zi        c_w.l(__scatter_zi.o)
    0x08000220   0x08000220   0x00000000   Code   RO         2070    .ARM.Collect$$_printf_percent$$00000000  c_w.l(_printf_percent.o)
    0x08000220   0x08000220   0x00000006   Code   RO         2069    .ARM.Collect$$_printf_percent$$00000003  c_w.l(_printf_f.o)
    0x08000226   0x08000226   0x00000006   Code   RO         2068    .ARM.Collect$$_printf_percent$$00000009  c_w.l(_printf_d.o)
    0x0800022c   0x0800022c   0x00000004   Code   RO         2182    .ARM.Collect$$_printf_percent$$00000017  c_w.l(_printf_percent_end.o)
    0x08000230   0x08000230   0x00000002   Code   RO         2442    .ARM.Collect$$libinit$$00000000  c_w.l(libinit.o)
    0x08000232   0x08000232   0x00000004   Code   RO         2203    .ARM.Collect$$libinit$$00000001  c_w.l(libinit2.o)
    0x08000236   0x08000236   0x00000000   Code   RO         2206    .ARM.Collect$$libinit$$00000004  c_w.l(libinit2.o)
    0x08000236   0x08000236   0x00000000   Code   RO         2208    .ARM.Collect$$libinit$$00000006  c_w.l(libinit2.o)
    0x08000236   0x08000236   0x00000008   Code   RO         2209    .ARM.Collect$$libinit$$00000007  c_w.l(libinit2.o)
    0x0800023e   0x0800023e   0x00000000   Code   RO         2211    .ARM.Collect$$libinit$$0000000C  c_w.l(libinit2.o)
    0x0800023e   0x0800023e   0x00000000   Code   RO         2213    .ARM.Collect$$libinit$$0000000E  c_w.l(libinit2.o)
    0x0800023e   0x0800023e   0x00000000   Code   RO         2215    .ARM.Collect$$libinit$$00000010  c_w.l(libinit2.o)
    0x0800023e   0x0800023e   0x00000006   Code   RO         2216    .ARM.Collect$$libinit$$00000011  c_w.l(libinit2.o)
    0x08000244   0x08000244   0x00000000   Code   RO         2218    .ARM.Collect$$libinit$$00000013  c_w.l(libinit2.o)
    0x08000244   0x08000244   0x0000000c   Code   RO         2219    .ARM.Collect$$libinit$$00000014  c_w.l(libinit2.o)
    0x08000250   0x08000250   0x00000000   Code   RO         2220    .ARM.Collect$$libinit$$00000015  c_w.l(libinit2.o)
    0x08000250   0x08000250   0x00000000   Code   RO         2222    .ARM.Collect$$libinit$$00000017  c_w.l(libinit2.o)
    0x08000250   0x08000250   0x0000000a   Code   RO         2223    .ARM.Collect$$libinit$$00000018  c_w.l(libinit2.o)
    0x0800025a   0x0800025a   0x00000000   Code   RO         2224    .ARM.Collect$$libinit$$00000019  c_w.l(libinit2.o)
    0x0800025a   0x0800025a   0x00000000   Code   RO         2226    .ARM.Collect$$libinit$$0000001B  c_w.l(libinit2.o)
    0x0800025a   0x0800025a   0x00000000   Code   RO         2228    .ARM.Collect$$libinit$$0000001D  c_w.l(libinit2.o)
    0x0800025a   0x0800025a   0x00000000   Code   RO         2230    .ARM.Collect$$libinit$$0000001F  c_w.l(libinit2.o)
    0x0800025a   0x0800025a   0x00000000   Code   RO         2232    .ARM.Collect$$libinit$$00000021  c_w.l(libinit2.o)
    0x0800025a   0x0800025a   0x00000000   Code   RO         2234    .ARM.Collect$$libinit$$00000023  c_w.l(libinit2.o)
    0x0800025a   0x0800025a   0x00000000   Code   RO         2236    .ARM.Collect$$libinit$$00000025  c_w.l(libinit2.o)
    0x0800025a   0x0800025a   0x00000004   Code   RO         2237    .ARM.Collect$$libinit$$00000026  c_w.l(libinit2.o)
    0x0800025e   0x0800025e   0x00000000   Code   RO         2238    .ARM.Collect$$libinit$$00000027  c_w.l(libinit2.o)
    0x0800025e   0x0800025e   0x00000000   Code   RO         2242    .ARM.Collect$$libinit$$0000002E  c_w.l(libinit2.o)
    0x0800025e   0x0800025e   0x00000000   Code   RO         2244    .ARM.Collect$$libinit$$00000030  c_w.l(libinit2.o)
    0x0800025e   0x0800025e   0x00000000   Code   RO         2246    .ARM.Collect$$libinit$$00000032  c_w.l(libinit2.o)
    0x0800025e   0x0800025e   0x00000000   Code   RO         2248    .ARM.Collect$$libinit$$00000034  c_w.l(libinit2.o)
    0x0800025e   0x0800025e   0x00000002   Code   RO         2249    .ARM.Collect$$libinit$$00000035  c_w.l(libinit2.o)
    0x08000260   0x08000260   0x00000002   Code   RO         2548    .ARM.Collect$$libshutdown$$00000000  c_w.l(libshutdown.o)
    0x08000262   0x08000262   0x00000000   Code   RO         2444    .ARM.Collect$$libshutdown$$00000002  c_w.l(libshutdown2.o)
    0x08000262   0x08000262   0x00000004   Code   RO         2445    .ARM.Collect$$libshutdown$$00000003  c_w.l(libshutdown2.o)
    0x08000266   0x08000266   0x00000000   Code   RO         2446    .ARM.Collect$$libshutdown$$00000004  c_w.l(libshutdown2.o)
    0x08000266   0x08000266   0x00000000   Code   RO         2449    .ARM.Collect$$libshutdown$$00000007  c_w.l(libshutdown2.o)
    0x08000266   0x08000266   0x00000000   Code   RO         2452    .ARM.Collect$$libshutdown$$0000000A  c_w.l(libshutdown2.o)
    0x08000266   0x08000266   0x00000000   Code   RO         2454    .ARM.Collect$$libshutdown$$0000000C  c_w.l(libshutdown2.o)
    0x08000266   0x08000266   0x00000000   Code   RO         2457    .ARM.Collect$$libshutdown$$0000000F  c_w.l(libshutdown2.o)
    0x08000266   0x08000266   0x00000002   Code   RO         2458    .ARM.Collect$$libshutdown$$00000010  c_w.l(libshutdown2.o)
    0x08000268   0x08000268   0x00000000   Code   RO         2135    .ARM.Collect$$rtentry$$00000000  c_w.l(__rtentry.o)
    0x08000268   0x08000268   0x00000000   Code   RO         2267    .ARM.Collect$$rtentry$$00000002  c_w.l(__rtentry2.o)
    0x08000268   0x08000268   0x00000006   Code   RO         2279    .ARM.Collect$$rtentry$$00000004  c_w.l(__rtentry4.o)
    0x0800026e   0x0800026e   0x00000000   Code   RO         2269    .ARM.Collect$$rtentry$$00000009  c_w.l(__rtentry2.o)
    0x0800026e   0x0800026e   0x00000004   Code   RO         2270    .ARM.Collect$$rtentry$$0000000A  c_w.l(__rtentry2.o)
    0x08000272   0x08000272   0x00000000   Code   RO         2272    .ARM.Collect$$rtentry$$0000000C  c_w.l(__rtentry2.o)
    0x08000272   0x08000272   0x00000008   Code   RO         2273    .ARM.Collect$$rtentry$$0000000D  c_w.l(__rtentry2.o)
    0x0800027a   0x0800027a   0x00000002   Code   RO         2473    .ARM.Collect$$rtexit$$00000000  c_w.l(rtexit.o)
    0x0800027c   0x0800027c   0x00000000   Code   RO         2508    .ARM.Collect$$rtexit$$00000002  c_w.l(rtexit2.o)
    0x0800027c   0x0800027c   0x00000004   Code   RO         2509    .ARM.Collect$$rtexit$$00000003  c_w.l(rtexit2.o)
    0x08000280   0x08000280   0x00000006   Code   RO         2510    .ARM.Collect$$rtexit$$00000004  c_w.l(rtexit2.o)
    0x08000286   0x08000286   0x00000002   PAD
    0x08000288   0x08000288   0x00000040   Code   RO            4    .text               startup_stm32f429xx.o
    0x080002c8   0x080002c8   0x0000005e   Code   RO         1976    .text               c_w.l(h1_alloc.o)
    0x08000326   0x08000326   0x0000004e   Code   RO         1978    .text               c_w.l(h1_free.o)
    0x08000374   0x08000374   0x000000f0   Code   RO         2034    .text               c_w.l(lludivv7m.o)
    0x08000464   0x08000464   0x00000018   Code   RO         2040    .text               c_w.l(noretval__2printf.o)
    0x0800047c   0x0800047c   0x00000078   Code   RO         2046    .text               c_w.l(_printf_dec.o)
    0x080004f4   0x080004f4   0x0000010e   Code   RO         2056    .text               c_w.l(__printf_wp.o)
    0x08000602   0x08000602   0x0000001a   Code   RO         2073    .text               c_w.l(atoi.o)
    0x0800061c   0x0800061c   0x0000002c   Code   RO         2075    .text               c_w.l(puts.o)
    0x08000648   0x08000648   0x00000014   Code   RO         2077    .text               c_w.l(strchr.o)
    0x0800065c   0x0800065c   0x0000008a   Code   RO         2081    .text               c_w.l(rt_memcpy_v6.o)
    0x080006e6   0x080006e6   0x00000064   Code   RO         2083    .text               c_w.l(rt_memcpy_w.o)
    0x0800074a   0x0800074a   0x00000010   Code   RO         2087    .text               c_w.l(aeabi_memset4.o)
    0x0800075a   0x0800075a   0x0000004e   Code   RO         2091    .text               c_w.l(rt_memclr_w.o)
    0x080007a8   0x080007a8   0x0000007c   Code   RO         2093    .text               c_w.l(strcmpv7em.o)
    0x08000824   0x08000824   0x00000006   Code   RO         2095    .text               c_w.l(heapauxi.o)
    0x0800082a   0x0800082a   0x00000002   PAD
    0x0800082c   0x0800082c   0x00000008   Code   RO         2143    .text               c_w.l(rt_heap_descriptor_intlibspace.o)
    0x08000834   0x08000834   0x00000008   Code   RO         2148    .text               c_w.l(rt_errno_addr_intlibspace.o)
    0x0800083c   0x0800083c   0x00000004   Code   RO         2150    .text               c_w.l(hguard.o)
    0x08000840   0x08000840   0x0000008a   Code   RO         2152    .text               c_w.l(init_alloc.o)
    0x080008ca   0x080008ca   0x0000000e   Code   RO         2156    .text               c_w.l(h1_init.o)
    0x080008d8   0x080008d8   0x00000016   Code   RO         2168    .text               c_w.l(_rserrno.o)
    0x080008ee   0x080008ee   0x000000b2   Code   RO         2170    .text               c_w.l(_printf_intcommon.o)
    0x080009a0   0x080009a0   0x0000041c   Code   RO         2172    .text               c_w.l(_printf_fp_dec.o)
    0x08000dbc   0x08000dbc   0x00000030   Code   RO         2176    .text               c_w.l(_printf_char_common.o)
    0x08000dec   0x08000dec   0x00000024   Code   RO         2180    .text               c_w.l(_printf_char_file.o)
    0x08000e10   0x08000e10   0x000004f8   Code   RO         2183    .text               c_w.l(scanf_fp.o)
    0x08001308   0x08001308   0x00000040   Code   RO         2189    .text               c_w.l(_sgetc.o)
    0x08001348   0x08001348   0x000000b0   Code   RO         2191    .text               c_w.l(strtod.o)
    0x080013f8   0x080013f8   0x00000070   Code   RO         2193    .text               c_w.l(strtol.o)
    0x08001468   0x08001468   0x00000008   Code   RO         2263    .text               c_w.l(libspace.o)
    0x08001470   0x08001470   0x00000010   Code   RO         2281    .text               c_w.l(rt_ctype_table.o)
    0x08001480   0x08001480   0x00000008   Code   RO         2288    .text               c_w.l(rt_locale_intlibspace.o)
    0x08001488   0x08001488   0x00000000   Code   RO         2292    .text               c_w.l(maybetermalloc1.o)
    0x08001488   0x08001488   0x00000034   Code   RO         2294    .text               c_w.l(h1_extend.o)
    0x080014bc   0x080014bc   0x00000026   Code   RO         2298    .text               c_w.l(llshl.o)
    0x080014e2   0x080014e2   0x0000008a   Code   RO         2300    .text               c_w.l(lludiv10.o)
    0x0800156c   0x0800156c   0x00000012   Code   RO         2302    .text               c_w.l(isspace.o)
    0x0800157e   0x0800157e   0x00000002   PAD
    0x08001580   0x08001580   0x00000080   Code   RO         2304    .text               c_w.l(_printf_fp_infnan.o)
    0x08001600   0x08001600   0x0000009e   Code   RO         2310    .text               c_w.l(_strtoul.o)
    0x0800169e   0x0800169e   0x00000002   PAD
    0x080016a0   0x080016a0   0x000000e4   Code   RO         2312    .text               c_w.l(bigflt0.o)
    0x08001784   0x08001784   0x00000008   Code   RO         2342    .text               c_w.l(ferror.o)
    0x0800178c   0x0800178c   0x00000138   Code   RO         2344    .text               c_w.l(initio.o)
    0x080018c4   0x080018c4   0x0000000e   Code   RO         2353    .text               c_w.l(defsig_rtmem_outer.o)
    0x080018d2   0x080018d2   0x00000002   Code   RO         2388    .text               c_w.l(use_no_semi.o)
    0x080018d4   0x080018d4   0x00000000   Code   RO         2390    .text               c_w.l(indicate_semi.o)
    0x080018d4   0x080018d4   0x0000004a   Code   RO         2391    .text               c_w.l(sys_stackheap_outer.o)
    0x0800191e   0x0800191e   0x0000001c   Code   RO         2397    .text               c_w.l(_chval.o)
    0x0800193a   0x0800193a   0x00000002   PAD
    0x0800193c   0x0800193c   0x00000320   Code   RO         2399    .text               c_w.l(scanf_hexfp.o)
    0x08001c5c   0x08001c5c   0x00000134   Code   RO         2401    .text               c_w.l(scanf_infnan.o)
    0x08001d90   0x08001d90   0x00000046   Code   RO         2405    .text               c_w.l(setvbuf.o)
    0x08001dd6   0x08001dd6   0x00000002   PAD
    0x08001dd8   0x08001dd8   0x000000f0   Code   RO         2408    .text               c_w.l(fopen.o)
    0x08001ec8   0x08001ec8   0x0000004c   Code   RO         2410    .text               c_w.l(fclose.o)
    0x08001f14   0x08001f14   0x00000012   Code   RO         2419    .text               c_w.l(exit.o)
    0x08001f26   0x08001f26   0x0000000a   Code   RO         2421    .text               c_w.l(defsig_exit.o)
    0x08001f30   0x08001f30   0x0000000e   Code   RO         2427    .text               c_w.l(defsig_rtred_outer.o)
    0x08001f3e   0x08001f3e   0x00000002   PAD
    0x08001f40   0x08001f40   0x00000050   Code   RO         2431    .text               c_w.l(defsig_rtmem_inner.o)
    0x08001f90   0x08001f90   0x0000000c   Code   RO         2469    .text               c_w.l(sys_exit.o)
    0x08001f9c   0x08001f9c   0x000000f8   Code   RO         2481    .text               c_w.l(fseek.o)
    0x08002094   0x08002094   0x00000108   Code   RO         2483    .text               c_w.l(stdio.o)
    0x0800219c   0x0800219c   0x00000032   Code   RO         2487    .text               c_w.l(defsig_general.o)
    0x080021ce   0x080021ce   0x00000002   PAD
    0x080021d0   0x080021d0   0x00000034   Code   RO         2491    .text               c_w.l(defsig_rtred_inner.o)
    0x08002204   0x08002204   0x00000042   Code   RO         2514    .text               c_w.l(ftell.o)
    0x08002246   0x08002246   0x00000002   PAD
    0x08002248   0x08002248   0x00000002   Code   RO          136    .text.BusFault_Handler  stm32f4xx_it.o
    0x0800224a   0x0800224a   0x00000002   PAD
    0x0800224c   0x0800224c   0x00000002   Code   RO          140    .text.DebugMon_Handler  stm32f4xx_it.o
    0x0800224e   0x0800224e   0x00000002   PAD
    0x08002250   0x08002250   0x00000008   Code   RO          156    .text.EXTI15_10_IRQHandler  stm32f4xx_it.o
    0x08002258   0x08002258   0x00000006   Code   RO          142    .text.EXTI3_IRQHandler  stm32f4xx_it.o
    0x0800225e   0x0800225e   0x00000002   PAD
    0x08002260   0x08002260   0x00000006   Code   RO          144    .text.EXTI4_IRQHandler  stm32f4xx_it.o
    0x08002266   0x08002266   0x00000002   PAD
    0x08002268   0x08002268   0x00000006   Code   RO          146    .text.EXTI9_5_IRQHandler  stm32f4xx_it.o
    0x0800226e   0x0800226e   0x00000002   PAD
    0x08002270   0x08002270   0x0000000a   Code   RO           31    .text.Error_Handler  main.o
    0x0800227a   0x0800227a   0x00000002   PAD
    0x0800227c   0x0800227c   0x0000008e   Code   RO          541    .text.HAL_DMA_Abort  stm32f4xx_hal_dma.o
    0x0800230a   0x0800230a   0x00000002   PAD
    0x0800230c   0x0800230c   0x00000024   Code   RO          543    .text.HAL_DMA_Abort_IT  stm32f4xx_hal_dma.o
    0x08002330   0x08002330   0x00000028   Code   RO          700    .text.HAL_Delay     stm32f4xx_hal.o
    0x08002358   0x08002358   0x00000030   Code   RO           23    .text.HAL_GPIO_EXTI_Callback  main.o
    0x08002388   0x08002388   0x00000016   Code   RO          507    .text.HAL_GPIO_EXTI_IRQHandler  stm32f4xx_hal_gpio.o
    0x0800239e   0x0800239e   0x00000002   PAD
    0x080023a0   0x080023a0   0x000001a6   Code   RO          495    .text.HAL_GPIO_Init  stm32f4xx_hal_gpio.o
    0x08002546   0x08002546   0x00000002   PAD
    0x08002548   0x08002548   0x0000000a   Code   RO          501    .text.HAL_GPIO_WritePin  stm32f4xx_hal_gpio.o
    0x08002552   0x08002552   0x00000002   PAD
    0x08002554   0x08002554   0x0000000c   Code   RO          692    .text.HAL_GetTick   stm32f4xx_hal.o
    0x08002560   0x08002560   0x0000003c   Code   RO          908    .text.HAL_I2CEx_ConfigAnalogFilter  stm32f4xx_hal_i2c_ex.o
    0x0800259c   0x0800259c   0x00000040   Code   RO          910    .text.HAL_I2CEx_ConfigDigitalFilter  stm32f4xx_hal_i2c_ex.o
    0x080025dc   0x080025dc   0x00000176   Code   RO          774    .text.HAL_I2C_Init  stm32f4xx_hal_i2c.o
    0x08002752   0x08002752   0x00000002   PAD
    0x08002754   0x08002754   0x00000602   Code   RO          788    .text.HAL_I2C_Master_Receive  stm32f4xx_hal_i2c.o
    0x08002d56   0x08002d56   0x00000002   PAD
    0x08002d58   0x08002d58   0x00000478   Code   RO          782    .text.HAL_I2C_Master_Transmit  stm32f4xx_hal_i2c.o
    0x080031d0   0x080031d0   0x000000da   Code   RO           78    .text.HAL_I2C_MspInit  i2c.o
    0x080032aa   0x080032aa   0x00000002   PAD
    0x080032ac   0x080032ac   0x0000001a   Code   RO          690    .text.HAL_IncTick   stm32f4xx_hal.o
    0x080032c6   0x080032c6   0x00000002   PAD
    0x080032c8   0x080032c8   0x00000036   Code   RO          680    .text.HAL_Init      stm32f4xx_hal.o
    0x080032fe   0x080032fe   0x00000002   PAD
    0x08003300   0x08003300   0x000000b4   Code   RO          176    .text.HAL_InitTick  stm32f4xx_hal_timebase_tim.o
    0x080033b4   0x080033b4   0x00000042   Code   RO          167    .text.HAL_MspInit   stm32f4xx_hal_msp.o
    0x080033f6   0x080033f6   0x00000002   PAD
    0x080033f8   0x080033f8   0x00000026   Code   RO          638    .text.HAL_NVIC_EnableIRQ  stm32f4xx_hal_cortex.o
    0x0800341e   0x0800341e   0x00000002   PAD
    0x08003420   0x08003420   0x00000056   Code   RO          636    .text.HAL_NVIC_SetPriority  stm32f4xx_hal_cortex.o
    0x08003476   0x08003476   0x00000002   PAD
    0x08003478   0x08003478   0x00000020   Code   RO          634    .text.HAL_NVIC_SetPriorityGrouping  stm32f4xx_hal_cortex.o
    0x08003498   0x08003498   0x00000160   Code   RO          375    .text.HAL_RCC_ClockConfig  stm32f4xx_hal_rcc.o
    0x080035f8   0x080035f8   0x0000003e   Code   RO          393    .text.HAL_RCC_GetClockConfig  stm32f4xx_hal_rcc.o
    0x08003636   0x08003636   0x00000002   PAD
    0x08003638   0x08003638   0x00000026   Code   RO          387    .text.HAL_RCC_GetPCLK1Freq  stm32f4xx_hal_rcc.o
    0x0800365e   0x0800365e   0x00000002   PAD
    0x08003660   0x08003660   0x00000026   Code   RO          389    .text.HAL_RCC_GetPCLK2Freq  stm32f4xx_hal_rcc.o
    0x08003686   0x08003686   0x00000002   PAD
    0x08003688   0x08003688   0x0000006c   Code   RO          377    .text.HAL_RCC_GetSysClockFreq  stm32f4xx_hal_rcc.o
    0x080036f4   0x080036f4   0x00000374   Code   RO          373    .text.HAL_RCC_OscConfig  stm32f4xx_hal_rcc.o
    0x08003a68   0x08003a68   0x00000002   Code   RO         1225    .text.HAL_TIMEx_BreakCallback  stm32f4xx_hal_tim_ex.o
    0x08003a6a   0x08003a6a   0x00000002   PAD
    0x08003a6c   0x08003a6c   0x00000002   Code   RO         1221    .text.HAL_TIMEx_CommutCallback  stm32f4xx_hal_tim_ex.o
    0x08003a6e   0x08003a6e   0x00000002   PAD
    0x08003a70   0x08003a70   0x000000b6   Code   RO         1215    .text.HAL_TIMEx_MasterConfigSynchronization  stm32f4xx_hal_tim_ex.o
    0x08003b26   0x08003b26   0x00000002   PAD
    0x08003b28   0x08003b28   0x0000005a   Code   RO          920    .text.HAL_TIM_Base_Init  stm32f4xx_hal_tim.o
    0x08003b82   0x08003b82   0x00000002   PAD
    0x08003b84   0x08003b84   0x00000044   Code   RO           94    .text.HAL_TIM_Base_MspInit  tim.o
    0x08003bc8   0x08003bc8   0x000000aa   Code   RO          934    .text.HAL_TIM_Base_Start_IT  stm32f4xx_hal_tim.o
    0x08003c72   0x08003c72   0x00000002   PAD
    0x08003c74   0x08003c74   0x0000019c   Code   RO         1100    .text.HAL_TIM_ConfigClockSource  stm32f4xx_hal_tim.o
    0x08003e10   0x08003e10   0x00000002   Code   RO         1056    .text.HAL_TIM_IC_CaptureCallback  stm32f4xx_hal_tim.o
    0x08003e12   0x08003e12   0x00000002   PAD
    0x08003e14   0x08003e14   0x00000170   Code   RO         1054    .text.HAL_TIM_IRQHandler  stm32f4xx_hal_tim.o
    0x08003f84   0x08003f84   0x00000002   Code   RO         1058    .text.HAL_TIM_OC_DelayElapsedCallback  stm32f4xx_hal_tim.o
    0x08003f86   0x08003f86   0x00000002   PAD
    0x08003f88   0x08003f88   0x00000002   Code   RO         1060    .text.HAL_TIM_PWM_PulseFinishedCallback  stm32f4xx_hal_tim.o
    0x08003f8a   0x08003f8a   0x00000002   PAD
    0x08003f8c   0x08003f8c   0x00000012   Code   RO           33    .text.HAL_TIM_PeriodElapsedCallback  main.o
    0x08003f9e   0x08003f9e   0x00000002   PAD
    0x08003fa0   0x08003fa0   0x00000002   Code   RO         1064    .text.HAL_TIM_TriggerCallback  stm32f4xx_hal_tim.o
    0x08003fa2   0x08003fa2   0x00000002   PAD
    0x08003fa4   0x08003fa4   0x00000002   Code   RO         1323    .text.HAL_UARTEx_RxEventCallback  stm32f4xx_hal_uart.o
    0x08003fa6   0x08003fa6   0x00000002   PAD
    0x08003fa8   0x08003fa8   0x00000002   Code   RO         1321    .text.HAL_UART_ErrorCallback  stm32f4xx_hal_uart.o
    0x08003faa   0x08003faa   0x00000002   PAD
    0x08003fac   0x08003fac   0x00000564   Code   RO         1315    .text.HAL_UART_IRQHandler  stm32f4xx_hal_uart.o
    0x08004510   0x08004510   0x0000005e   Code   RO         1239    .text.HAL_UART_Init  stm32f4xx_hal_uart.o
    0x0800456e   0x0800456e   0x00000002   PAD
    0x08004570   0x08004570   0x00000124   Code   RO          113    .text.HAL_UART_MspInit  usart.o
    0x08004694   0x08004694   0x0000005e   Code   RO         1261    .text.HAL_UART_Receive_IT  stm32f4xx_hal_uart.o
    0x080046f2   0x080046f2   0x00000002   PAD
    0x080046f4   0x080046f4   0x00000074   Code   RO           25    .text.HAL_UART_RxCpltCallback  main.o
    0x08004768   0x08004768   0x00000286   Code   RO         1255    .text.HAL_UART_Transmit  stm32f4xx_hal_uart.o
    0x080049ee   0x080049ee   0x00000002   PAD
    0x080049f0   0x080049f0   0x00000002   Code   RO         1325    .text.HAL_UART_TxCpltCallback  stm32f4xx_hal_uart.o
    0x080049f2   0x080049f2   0x00000002   PAD
    0x080049f4   0x080049f4   0x00000002   Code   RO          132    .text.HardFault_Handler  stm32f4xx_it.o
    0x080049f6   0x080049f6   0x00000002   PAD
    0x080049f8   0x080049f8   0x00000130   Code   RO          282    .text.LCD_Address_Set  lcd_init.o
    0x08004b28   0x08004b28   0x00000048   Code   RO          252    .text.LCD_Fill      lcd.o
    0x08004b70   0x08004b70   0x00000828   Code   RO          284    .text.LCD_Init      lcd_init.o
    0x08005398   0x08005398   0x00000374   Code   RO          256    .text.LCD_ShowChar  lcd.o
    0x0800570c   0x0800570c   0x00000046   Code   RO          258    .text.LCD_ShowString  lcd.o
    0x08005752   0x08005752   0x00000002   PAD
    0x08005754   0x08005754   0x0000002e   Code   RO          278    .text.LCD_WR_DATA   lcd_init.o
    0x08005782   0x08005782   0x00000002   PAD
    0x08005784   0x08005784   0x0000010e   Code   RO          274    .text.LCD_Writ_Bus  lcd_init.o
    0x08005892   0x08005892   0x00000002   PAD
    0x08005894   0x08005894   0x00000024   Code   RO           60    .text.MX_FREERTOS_Init  freertos.o
    0x080058b8   0x080058b8   0x000001ac   Code   RO           51    .text.MX_GPIO_Init  gpio.o
    0x08005a64   0x08005a64   0x0000006e   Code   RO           74    .text.MX_I2C1_Init  i2c.o
    0x08005ad2   0x08005ad2   0x00000002   PAD
    0x08005ad4   0x08005ad4   0x0000006e   Code   RO           76    .text.MX_I2C2_Init  i2c.o
    0x08005b42   0x08005b42   0x00000002   PAD
    0x08005b44   0x08005b44   0x00000070   Code   RO           92    .text.MX_TIM2_Init  tim.o
    0x08005bb4   0x08005bb4   0x0000003c   Code   RO          107    .text.MX_USART2_UART_Init  usart.o
    0x08005bf0   0x08005bf0   0x0000003c   Code   RO          109    .text.MX_USART3_UART_Init  usart.o
    0x08005c2c   0x08005c2c   0x0000003c   Code   RO          111    .text.MX_USART6_UART_Init  usart.o
    0x08005c68   0x08005c68   0x00000002   Code   RO          134    .text.MemManage_Handler  stm32f4xx_it.o
    0x08005c6a   0x08005c6a   0x00000002   PAD
    0x08005c6c   0x08005c6c   0x00000058   Code   RO          240    .text.NEO6_Init     gps_neo6.o
    0x08005cc4   0x08005cc4   0x00000006   Code   RO          236    .text.NEO6_IsFix    gps_neo6.o
    0x08005cca   0x08005cca   0x00000002   PAD
    0x08005ccc   0x08005ccc   0x00000122   Code   RO          226    .text.NEO6_ParseGPGGA  gps_neo6.o
    0x08005dee   0x08005dee   0x00000002   PAD
    0x08005df0   0x08005df0   0x000001d6   Code   RO          228    .text.NEO6_ParseGPGSA  gps_neo6.o
    0x08005fc6   0x08005fc6   0x00000002   PAD
    0x08005fc8   0x08005fc8   0x00000208   Code   RO          222    .text.NEO6_ParseGPRMC  gps_neo6.o
    0x080061d0   0x080061d0   0x000000de   Code   RO          224    .text.NEO6_ParseGPVTG  gps_neo6.o
    0x080062ae   0x080062ae   0x00000002   PAD
    0x080062b0   0x080062b0   0x000000a0   Code   RO          234    .text.NEO6_ParseLine  gps_neo6.o
    0x08006350   0x08006350   0x00000056   Code   RO          216    .text.NEO6_ReceiveUartChar  gps_neo6.o
    0x080063a6   0x080063a6   0x00000002   PAD
    0x080063a8   0x080063a8   0x00000050   Code   RO          238    .text.NEO6_Task     gps_neo6.o
    0x080063f8   0x080063f8   0x00000002   Code   RO          130    .text.NMI_Handler   stm32f4xx_it.o
    0x080063fa   0x080063fa   0x00000006   PAD
    0x08006400   0x08006400   0x00000064   Code   RO         1928    .text.PendSV_Handler  port.o
    0x08006464   0x08006464   0x0000000c   PAD
    0x08006470   0x08006470   0x00000024   Code   RO         1912    .text.SVC_Handler   port.o
    0x08006494   0x08006494   0x00000008   Code   RO           62    .text.StartDefaultTask  freertos.o
    0x0800649c   0x0800649c   0x0000001e   Code   RO         1723    .text.SysTick_Handler  cmsis_os2.o
    0x080064ba   0x080064ba   0x00000002   PAD
    0x080064bc   0x080064bc   0x000000b0   Code   RO           29    .text.SystemClock_Config  main.o
    0x0800656c   0x0800656c   0x00000012   Code   RO         1359    .text.SystemInit    system_stm32f4xx.o
    0x0800657e   0x0800657e   0x00000002   PAD
    0x08006580   0x08006580   0x0000000c   Code   RO          148    .text.TIM1_UP_TIM10_IRQHandler  stm32f4xx_it.o
    0x0800658c   0x0800658c   0x0000000c   Code   RO          150    .text.TIM2_IRQHandler  stm32f4xx_it.o
    0x08006598   0x08006598   0x0000013c   Code   RO          924    .text.TIM_Base_SetConfig  stm32f4xx_hal_tim.o
    0x080066d4   0x080066d4   0x0000000c   Code   RO         1319    .text.UART_DMAAbortOnError  stm32f4xx_hal_uart.o
    0x080066e0   0x080066e0   0x000000fe   Code   RO         1317    .text.UART_Receive_IT  stm32f4xx_hal_uart.o
    0x080067de   0x080067de   0x00000002   PAD
    0x080067e0   0x080067e0   0x000000ee   Code   RO         1243    .text.UART_SetConfig  stm32f4xx_hal_uart.o
    0x080068ce   0x080068ce   0x00000002   PAD
    0x080068d0   0x080068d0   0x0000000c   Code   RO          152    .text.USART2_IRQHandler  stm32f4xx_it.o
    0x080068dc   0x080068dc   0x0000000c   Code   RO          154    .text.USART3_IRQHandler  stm32f4xx_it.o
    0x080068e8   0x080068e8   0x0000000c   Code   RO          158    .text.USART6_IRQHandler  stm32f4xx_it.o
    0x080068f4   0x080068f4   0x00000002   Code   RO          138    .text.UsageFault_Handler  stm32f4xx_it.o
    0x080068f6   0x080068f6   0x00000002   PAD
    0x080068f8   0x080068f8   0x00000014   Code   RO         1946    .text._sys_close    retarget_io.o
    0x0800690c   0x0800690c   0x00000004   Code   RO         1958    .text._sys_flen     retarget_io.o
    0x08006910   0x08006910   0x00000010   Code   RO         1954    .text._sys_istty    retarget_io.o
    0x08006920   0x08006920   0x00000062   Code   RO         1944    .text._sys_open     retarget_io.o
    0x08006982   0x08006982   0x00000002   PAD
    0x08006984   0x08006984   0x00000006   Code   RO         1956    .text._sys_seek     retarget_io.o
    0x0800698a   0x0800698a   0x00000002   PAD
    0x0800698c   0x0800698c   0x0000003e   Code   RO         1948    .text._sys_write    retarget_io.o
    0x080069ca   0x080069ca   0x00000002   PAD
    0x080069cc   0x080069cc   0x00000004   Code   RO         1952    .text._ttywrch      retarget_io.o
    0x080069d0   0x080069d0   0x00000028   Code   RO          117    .text.fputc         usart.o
    0x080069f8   0x080069f8   0x00000214   Code   RO           27    .text.main          main.o
    0x08006c0c   0x08006c0c   0x00000070   Code   RO          328    .text.max30102_clear_fifo  max30102_for_stm32_hal.o
    0x08006c7c   0x08006c7c   0x00000006   Code   RO          316    .text.max30102_has_interrupt  max30102_for_stm32_hal.o
    0x08006c82   0x08006c82   0x00000002   PAD
    0x08006c84   0x08006c84   0x00000010   Code   RO          296    .text.max30102_init  max30102_for_stm32_hal.o
    0x08006c94   0x08006c94   0x000000b6   Code   RO          318    .text.max30102_interrupt_handler  max30102_for_stm32_hal.o
    0x08006d4a   0x08006d4a   0x00000002   PAD
    0x08006d4c   0x08006d4c   0x00000008   Code   RO          314    .text.max30102_on_interrupt  max30102_for_stm32_hal.o
    0x08006d54   0x08006d54   0x00000002   Code   RO          294    .text.max30102_plot  max30102_for_stm32_hal.o
    0x08006d56   0x08006d56   0x00000002   PAD
    0x08006d58   0x08006d58   0x00000034   Code   RO          300    .text.max30102_read  max30102_for_stm32_hal.o
    0x08006d8c   0x08006d8c   0x000000fc   Code   RO          320    .text.max30102_read_fifo  max30102_for_stm32_hal.o
    0x08006e88   0x08006e88   0x00000032   Code   RO          302    .text.max30102_reset  max30102_for_stm32_hal.o
    0x08006eba   0x08006eba   0x00000002   PAD
    0x08006ebc   0x08006ebc   0x0000006e   Code   RO          334    .text.max30102_set_adc_resolution  max30102_for_stm32_hal.o
    0x08006f2a   0x08006f2a   0x00000002   PAD
    0x08006f2c   0x08006f2c   0x00000038   Code   RO          312    .text.max30102_set_die_temp_en  max30102_for_stm32_hal.o
    0x08006f64   0x08006f64   0x00000038   Code   RO          310    .text.max30102_set_die_temp_rdy  max30102_for_stm32_hal.o
    0x08006f9c   0x08006f9c   0x0000003e   Code   RO          344    .text.max30102_set_fifo_config  max30102_for_stm32_hal.o
    0x08006fda   0x08006fda   0x00000006   PAD
    0x08006fe0   0x08006fe0   0x00000058   Code   RO          336    .text.max30102_set_led_current_1  max30102_for_stm32_hal.o
    0x08007038   0x08007038   0x00000058   Code   RO          338    .text.max30102_set_led_current_2  max30102_for_stm32_hal.o
    0x08007090   0x08007090   0x0000006e   Code   RO          332    .text.max30102_set_led_pulse_width  max30102_for_stm32_hal.o
    0x080070fe   0x080070fe   0x00000002   PAD
    0x08007100   0x08007100   0x00000074   Code   RO          326    .text.max30102_set_mode  max30102_for_stm32_hal.o
    0x08007174   0x08007174   0x0000006e   Code   RO          330    .text.max30102_set_sampling_rate  max30102_for_stm32_hal.o
    0x080071e2   0x080071e2   0x00000002   PAD
    0x080071e4   0x080071e4   0x00001068   Code   RO          346    .text.maxim_heart_rate_and_oxygen_saturation  max30102_for_stm32_hal.o
    0x0800824c   0x0800824c   0x0000078e   Code   RO          354    .text.maxim_remove_close_peaks  max30102_for_stm32_hal.o
    0x080089da   0x080089da   0x00000006   PAD
    0x080089e0   0x080089e0   0x00000070   Code   RO          212    .text.nmea_to_decimal  gps_neo6.o
    0x08008a50   0x08008a50   0x00000020   Code   RO         1783    .text.osDelay       cmsis_os2.o
    0x08008a70   0x08008a70   0x00000028   Code   RO         1725    .text.osKernelInitialize  cmsis_os2.o
    0x08008a98   0x08008a98   0x0000003c   Code   RO         1731    .text.osKernelStart  cmsis_os2.o
    0x08008ad4   0x08008ad4   0x000000ae   Code   RO         1747    .text.osThreadNew   cmsis_os2.o
    0x08008b82   0x08008b82   0x00000002   PAD
    0x08008b84   0x08008b84   0x0000028a   Code   RO         1558    .text.prvAddNewTaskToReadyList  tasks.o
    0x08008e0e   0x08008e0e   0x00000002   PAD
    0x08008e10   0x08008e10   0x00000086   Code   RO         1590    .text.prvIdleTask   tasks.o
    0x08008e96   0x08008e96   0x00000002   PAD
    0x08008e98   0x08008e98   0x00000128   Code   RO         1556    .text.prvInitialiseNewTask  tasks.o
    0x08008fc0   0x08008fc0   0x00000028   Code   RO         1920    .text.prvPortStartFirstTask  port.o
    0x08008fe8   0x08008fe8   0x0000003e   Code   RO         1910    .text.prvTaskExitError  port.o
    0x08009026   0x08009026   0x00000002   PAD
    0x08009028   0x08009028   0x0000038a   Code   RO         1675    .text.prvTimerTask  timers.o
    0x080093b2   0x080093b2   0x00000002   PAD
    0x080093b4   0x080093b4   0x00000074   Code   RO         1455    .text.prvUnlockQueue  queue.o
    0x08009428   0x08009428   0x0000020a   Code   RO         1886    .text.pvPortMalloc  heap_4.o
    0x08009632   0x08009632   0x00000002   PAD
    0x08009634   0x08009634   0x00000028   Code   RO         1908    .text.pxPortInitialiseStack  port.o
    0x0800965c   0x0800965c   0x000000a4   Code   RO           17    .text.taskGPSEval   main.o
    0x08009700   0x08009700   0x00000016   Code   RO           15    .text.taskGPSRecv   main.o
    0x08009716   0x08009716   0x00000002   PAD
    0x08009718   0x08009718   0x000000fc   Code   RO           13    .text.taskLora      main.o
    0x08009814   0x08009814   0x000000a4   Code   RO           21    .text.taskMax30102  main.o
    0x080098b8   0x080098b8   0x00000040   Code   RO           19    .text.taskMax30102Int  main.o
    0x080098f8   0x080098f8   0x000000b6   Code   RO           11    .text.taskST7789    main.o
    0x080099ae   0x080099ae   0x00000002   PAD
    0x080099b0   0x080099b0   0x00000024   Code   RO         1419    .text.uxListRemove  list.o
    0x080099d4   0x080099d4   0x0000001a   Code   RO         1869    .text.vApplicationGetIdleTaskMemory  cmsis_os2.o
    0x080099ee   0x080099ee   0x00000002   PAD
    0x080099f0   0x080099f0   0x0000001c   Code   RO         1871    .text.vApplicationGetTimerTaskMemory  cmsis_os2.o
    0x08009a0c   0x08009a0c   0x00000016   Code   RO         1411    .text.vListInitialise  list.o
    0x08009a22   0x08009a22   0x00000002   PAD
    0x08009a24   0x08009a24   0x00000006   Code   RO         1413    .text.vListInitialiseItem  list.o
    0x08009a2a   0x08009a2a   0x00000002   PAD
    0x08009a2c   0x08009a2c   0x00000062   Code   RO         1417    .text.vListInsert   list.o
    0x08009a8e   0x08009a8e   0x00000002   PAD
    0x08009a90   0x08009a90   0x0000001c   Code   RO         1415    .text.vListInsertEnd  list.o
    0x08009aac   0x08009aac   0x00000014   Code   RO         1918    .text.vPortEnableVFP  port.o
    0x08009ac0   0x08009ac0   0x00000046   Code   RO         1924    .text.vPortEnterCritical  port.o
    0x08009b06   0x08009b06   0x00000002   PAD
    0x08009b08   0x08009b08   0x0000002e   Code   RO         1926    .text.vPortExitCritical  port.o
    0x08009b36   0x08009b36   0x00000002   PAD
    0x08009b38   0x08009b38   0x000000d4   Code   RO         1888    .text.vPortFree     heap_4.o
    0x08009c0c   0x08009c0c   0x00000034   Code   RO         1916    .text.vPortSetupTimerInterrupt  port.o
    0x08009c40   0x08009c40   0x000000b0   Code   RO         1489    .text.vQueueAddToRegistry  queue.o
    0x08009cf0   0x08009cf0   0x00000052   Code   RO         1493    .text.vQueueWaitForMessageRestricted  queue.o
    0x08009d42   0x08009d42   0x00000002   PAD
    0x08009d44   0x08009d44   0x00000080   Code   RO         1570    .text.vTaskDelay    tasks.o
    0x08009dc4   0x08009dc4   0x00000012   Code   RO         1620    .text.vTaskInternalSetTimeOutState  tasks.o
    0x08009dd6   0x08009dd6   0x00000002   PAD
    0x08009dd8   0x08009dd8   0x0000000e   Code   RO         1624    .text.vTaskMissedYield  tasks.o
    0x08009de6   0x08009de6   0x00000002   PAD
    0x08009de8   0x08009de8   0x00000074   Code   RO         1608    .text.vTaskPlaceOnEventList  tasks.o
    0x08009e5c   0x08009e5c   0x0000007a   Code   RO         1612    .text.vTaskPlaceOnEventListRestricted  tasks.o
    0x08009ed6   0x08009ed6   0x00000002   PAD
    0x08009ed8   0x08009ed8   0x000000f0   Code   RO         1588    .text.vTaskStartScheduler  tasks.o
    0x08009fc8   0x08009fc8   0x00000010   Code   RO         1566    .text.vTaskSuspendAll  tasks.o
    0x08009fd8   0x08009fd8   0x000000bc   Code   RO         1582    .text.vTaskSwitchContext  tasks.o
    0x0800a094   0x0800a094   0x00000184   Code   RO         1914    .text.xPortStartScheduler  port.o
    0x0800a218   0x0800a218   0x0000002e   Code   RO         1930    .text.xPortSysTickHandler  port.o
    0x0800a246   0x0800a246   0x00000002   PAD
    0x0800a248   0x0800a248   0x000000de   Code   RO         1431    .text.xQueueGenericCreateStatic  queue.o
    0x0800a326   0x0800a326   0x00000002   PAD
    0x0800a328   0x0800a328   0x0000022a   Code   RO         1445    .text.xQueueGenericSend  queue.o
    0x0800a552   0x0800a552   0x00000002   PAD
    0x0800a554   0x0800a554   0x000001a2   Code   RO         1461    .text.xQueueReceive  queue.o
    0x0800a6f6   0x0800a6f6   0x00000002   PAD
    0x0800a6f8   0x0800a6f8   0x000000a2   Code   RO         1622    .text.xTaskCheckForTimeOut  tasks.o
    0x0800a79a   0x0800a79a   0x00000002   PAD
    0x0800a79c   0x0800a79c   0x00000060   Code   RO         1560    .text.xTaskCreate   tasks.o
    0x0800a7fc   0x0800a7fc   0x00000076   Code   RO         1554    .text.xTaskCreateStatic  tasks.o
    0x0800a872   0x0800a872   0x00000002   PAD
    0x0800a874   0x0800a874   0x0000001e   Code   RO         1636    .text.xTaskGetSchedulerState  tasks.o
    0x0800a892   0x0800a892   0x00000002   PAD
    0x0800a894   0x0800a894   0x0000000c   Code   RO         1596    .text.xTaskGetTickCount  tasks.o
    0x0800a8a0   0x0800a8a0   0x00000104   Code   RO         1594    .text.xTaskIncrementTick  tasks.o
    0x0800a9a4   0x0800a9a4   0x0000008a   Code   RO         1640    .text.xTaskPriorityDisinherit  tasks.o
    0x0800aa2e   0x0800aa2e   0x00000002   PAD
    0x0800aa30   0x0800aa30   0x00000072   Code   RO         1614    .text.xTaskRemoveFromEventList  tasks.o
    0x0800aaa2   0x0800aaa2   0x00000002   PAD
    0x0800aaa4   0x0800aaa4   0x000000ee   Code   RO         1568    .text.xTaskResumeAll  tasks.o
    0x0800ab92   0x0800ab92   0x00000002   PAD
    0x0800ab94   0x0800ab94   0x000000b4   Code   RO         1673    .text.xTimerCreateTimerTask  timers.o
    0x0800ac48   0x0800ac48   0x0000003e   Code   RO         2315    CL$$btod_d2e        c_w.l(btod.o)
    0x0800ac86   0x0800ac86   0x00000046   Code   RO         2317    CL$$btod_d2e_denorm_low  c_w.l(btod.o)
    0x0800accc   0x0800accc   0x00000060   Code   RO         2316    CL$$btod_d2e_norm_op1  c_w.l(btod.o)
    0x0800ad2c   0x0800ad2c   0x00000338   Code   RO         2325    CL$$btod_div_common  c_w.l(btod.o)
    0x0800b064   0x0800b064   0x00000084   Code   RO         2323    CL$$btod_e2d        c_w.l(btod.o)
    0x0800b0e8   0x0800b0e8   0x000000dc   Code   RO         2322    CL$$btod_e2e        c_w.l(btod.o)
    0x0800b1c4   0x0800b1c4   0x0000002a   Code   RO         2319    CL$$btod_ediv       c_w.l(btod.o)
    0x0800b1ee   0x0800b1ee   0x0000002a   Code   RO         2321    CL$$btod_edivd      c_w.l(btod.o)
    0x0800b218   0x0800b218   0x0000002a   Code   RO         2318    CL$$btod_emul       c_w.l(btod.o)
    0x0800b242   0x0800b242   0x0000002a   Code   RO         2320    CL$$btod_emuld      c_w.l(btod.o)
    0x0800b26c   0x0800b26c   0x00000244   Code   RO         2324    CL$$btod_mult_common  c_w.l(btod.o)
    0x0800b4b0   0x0800b4b0   0x00000030   Code   RO         2378    i.__ARM_fpclassify  m_wm.l(fpclassify.o)
    0x0800b4e0   0x0800b4e0   0x000000f8   Code   RO         2380    i.__hardfp___mathlib_tofloat  m_wm.l(narrow.o)
    0x0800b5d8   0x0800b5d8   0x00000038   Code   RO         2127    i.__hardfp_atof     m_wm.l(atof.o)
    0x0800b610   0x0800b610   0x000000d0   Code   RO         2499    i.__hardfp_ldexp    m_wm.l(ldexp.o)
    0x0800b6e0   0x0800b6e0   0x00000020   Code   RO         2524    i.__mathlib_dbl_overflow  m_wm.l(dunder.o)
    0x0800b700   0x0800b700   0x00000020   Code   RO         2526    i.__mathlib_dbl_underflow  m_wm.l(dunder.o)
    0x0800b720   0x0800b720   0x00000012   Code   RO         2381    i.__mathlib_narrow  m_wm.l(narrow.o)
    0x0800b732   0x0800b732   0x00000014   Code   RO         2501    i.__support_ldexp   m_wm.l(ldexp.o)
    0x0800b746   0x0800b746   0x0000000e   Code   RO         2058    i._is_digit         c_w.l(__printf_wp.o)
    0x0800b754   0x0800b754   0x00000004   PAD
    0x0800b758   0x0800b758   0x0000008c   Code   RO         2465    i.frexp             m_wm.l(frexp.o)
    0x0800b7e4   0x0800b7e4   0x0000002c   Code   RO         2351    locale$$code        c_w.l(lc_numeric_c.o)
    0x0800b810   0x0800b810   0x0000002c   Code   RO         2417    locale$$code        c_w.l(lc_ctype_c.o)
    0x0800b83c   0x0800b83c   0x00000062   Code   RO         2099    x$fpl$d2f           fz_wm.l(d2f.o)
    0x0800b89e   0x0800b89e   0x00000002   PAD
    0x0800b8a0   0x0800b8a0   0x00000150   Code   RO         2101    x$fpl$dadd          fz_wm.l(daddsub_clz.o)
    0x0800b9f0   0x0800b9f0   0x00000010   Code   RO         2549    x$fpl$dcheck1       fz_wm.l(dcheck1.o)
    0x0800ba00   0x0800ba00   0x00000018   Code   RO         2493    x$fpl$dcmpinf       fz_wm.l(dcmpi.o)
    0x0800ba18   0x0800ba18   0x000002b4   Code   RO         2108    x$fpl$ddiv          fz_wm.l(ddiv.o)
    0x0800bccc   0x0800bccc   0x00000078   Code   RO         2459    x$fpl$deqf          fz_wm.l(deqf.o)
    0x0800bd44   0x0800bd44   0x0000005e   Code   RO         2111    x$fpl$dfix          fz_wm.l(dfix.o)
    0x0800bda2   0x0800bda2   0x0000002e   Code   RO         2116    x$fpl$dflt          fz_wm.l(dflt_clz.o)
    0x0800bdd0   0x0800bdd0   0x00000078   Code   RO         2495    x$fpl$dleqf         fz_wm.l(dleqf.o)
    0x0800be48   0x0800be48   0x00000154   Code   RO         2497    x$fpl$dmul          fz_wm.l(dmul.o)
    0x0800bf9c   0x0800bf9c   0x0000009c   Code   RO         2250    x$fpl$dnaninf       fz_wm.l(dnaninf.o)
    0x0800c038   0x0800c038   0x0000000c   Code   RO         2252    x$fpl$dretinf       fz_wm.l(dretinf.o)
    0x0800c044   0x0800c044   0x0000006c   Code   RO         2461    x$fpl$drleqf        fz_wm.l(drleqf.o)
    0x0800c0b0   0x0800c0b0   0x000001dc   Code   RO         2103    x$fpl$dsub          fz_wm.l(daddsub_clz.o)
    0x0800c28c   0x0800c28c   0x00000056   Code   RO         2121    x$fpl$f2d           fz_wm.l(f2d.o)
    0x0800c2e2   0x0800c2e2   0x0000008c   Code   RO         2254    x$fpl$fnaninf       fz_wm.l(fnaninf.o)
    0x0800c36e   0x0800c36e   0x0000001a   Code   RO         2368    x$fpl$fpinit        fz_wm.l(fpinit.o)
    0x0800c388   0x0800c388   0x0000000a   Code   RO         2256    x$fpl$fretinf       fz_wm.l(fretinf.o)
    0x0800c392   0x0800c392   0x00000006   Code   RO         2370    x$fpl$ieeestatus    fz_wm.l(istatus.o)
    0x0800c398   0x0800c398   0x00000004   Code   RO         2123    x$fpl$printf1       fz_wm.l(printf1.o)
    0x0800c39c   0x0800c39c   0x00000064   Code   RO         2551    x$fpl$retnan        fz_wm.l(retnan.o)
    0x0800c400   0x0800c400   0x0000005c   Code   RO         2518    x$fpl$scalbn        fz_wm.l(scalbn.o)
    0x0800c45c   0x0800c45c   0x00000004   Code   RO         2125    x$fpl$scanf1        fz_wm.l(scanf1.o)
    0x0800c460   0x0800c460   0x00000008   Code   RO         2372    x$fpl$scanf2        fz_wm.l(scanf2.o)
    0x0800c468   0x0800c468   0x00000030   Code   RO         2553    x$fpl$trapveneer    fz_wm.l(trapv.o)
    0x0800c498   0x0800c498   0x00000000   Code   RO         2258    x$fpl$usenofp       fz_wm.l(usenofp.o)
    0x0800c498   0x0800c498   0x00000094   Data   RO         2313    .constdata          c_w.l(bigflt0.o)
    0x0800c52c   0x0800c52c   0x00000010   Data   RO         1364    .rodata.AHBPrescTable  system_stm32f4xx.o
    0x0800c53c   0x0800c53c   0x00000008   Data   RO         1365    .rodata.APBPrescTable  system_stm32f4xx.o
    0x0800c544   0x0800c544   0x00000008   Data   RO         1962    .rodata.__stderr_name  retarget_io.o
    0x0800c54c   0x0800c54c   0x00000007   Data   RO         1960    .rodata.__stdin_name  retarget_io.o
    0x0800c553   0x0800c553   0x00000008   Data   RO         1961    .rodata.__stdout_name  retarget_io.o
    0x0800c55b   0x0800c55b   0x00000474   Data   RO          262    .rodata.ascii_1206  lcd.o
    0x0800c9cf   0x0800c9cf   0x000005f0   Data   RO          263    .rodata.ascii_1608  lcd.o
    0x0800cfbf   0x0800cfbf   0x000011d0   Data   RO          264    .rodata.ascii_2412  lcd.o
    0x0800e18f   0x0800e18f   0x000017c0   Data   RO          265    .rodata.ascii_3216  lcd.o
    0x0800f94f   0x0800f94f   0x00000001   PAD
    0x0800f950   0x0800f950   0x00000024   Data   RO           65    .rodata.defaultTask_attributes  freertos.o
    0x0800f974   0x0800f974   0x0000000c   Data   RO           64    .rodata.str1.1      freertos.o
    0x0800f980   0x0800f980   0x00000005   Data   RO         1713    .rodata.str1.1      timers.o
    0x0800f985   0x0800f985   0x000000b8   Data   RO          359    .rodata.uch_spo2_table  max30102_for_stm32_hal.o
    0x0800fa3d   0x0800fa3d   0x00000003   PAD
    0x0800fa40   0x0800fa40   0x00000020   Data   RO         2556    Region$$Table       anon$$obj.o
    0x0800fa60   0x0800fa60   0x00000008   Data   RO         2364    c$$dinf             fz_wm.l(fpconst.o)
    0x0800fa68   0x0800fa68   0x00000008   Data   RO         2367    c$$dmax             fz_wm.l(fpconst.o)
    0x0800fa70   0x0800fa70   0x0000001c   Data   RO         2350    locale$$data        c_w.l(lc_numeric_c.o)
    0x0800fa8c   0x0800fa8c   0x00000110   Data   RO         2416    locale$$data        c_w.l(lc_ctype_c.o)


    Execution Region RW_IRAM2 (Exec base: 0x10000000, Load base: 0x0800fbc0, Size: 0x00000000, Max: 0x00010000, ABSOLUTE)

    **** No section assigned to this execution region ****


    Execution Region RW_IRAM1 (Exec base: 0x20000000, Load base: 0x0800fba0, Size: 0x00007058, Max: 0x00030000, ABSOLUTE)

    Exec Addr    Load Addr    Size         Type   Attr      Idx    E Section Name        Object

    0x20000000   0x0800fba0   0x00000004   Data   RW         2198    .data               c_w.l(stdio_streams.o)
    0x20000004   0x0800fba4   0x00000004   Data   RW         2199    .data               c_w.l(stdio_streams.o)
    0x20000008   0x0800fba8   0x00000004   Data   RW         2200    .data               c_w.l(stdio_streams.o)
    0x2000000c   0x0800fbac   0x00000008   Data   RW          739    .data..L_MergedGlobals  stm32f4xx_hal.o
    0x20000014   0x0800fbb4   0x00000004   Data   RW         1363    .data.SystemCoreClock  system_stm32f4xx.o
    0x20000018   0x0800fbb8   0x00000001   Data   RW           35    .data.lora_tx_ready  main.o
    0x20000019   0x0800fbb9   0x00000003   PAD
    0x2000001c   0x0800fbbc   0x00000004   Data   RW         1934    .data.uxCriticalNesting  port.o
    0x20000020        -       0x00000054   Zero   RW         2195    .bss                c_w.l(stdio_streams.o)
    0x20000074        -       0x00000054   Zero   RW         2196    .bss                c_w.l(stdio_streams.o)
    0x200000c8        -       0x00000054   Zero   RW         2197    .bss                c_w.l(stdio_streams.o)
    0x2000011c        -       0x00000060   Zero   RW         2264    .bss                c_w.l(libspace.o)
    0x2000017c        -       0x00000008   Zero   RW           42    .bss..L_MergedGlobals  main.o
    0x20000184        -       0x00000078   Zero   RW         1663    .bss..L_MergedGlobals  tasks.o
    0x200001fc        -       0x0000003c   Zero   RW         1714    .bss..L_MergedGlobals  timers.o
    0x20000238        -       0x00000020   Zero   RW         1899    .bss..L_MergedGlobals  heap_4.o
    0x20000258        -       0x00000008   Zero   RW         1935    .bss..L_MergedGlobals  port.o
    0x20000260        -       0x00000028   Zero   RW         1664    .bss..L_MergedGlobals.1  tasks.o
    0x20000288        -       0x000001e8   Zero   RW           36    .bss.GpsData        main.o
    0x20000470        -       0x00000004   Zero   RW         1873    .bss.KernelState    cmsis_os2.o
    0x20000474        -       0x00000001   Zero   RW          243    .bss.UartReceivedChar  gps_neo6.o
    0x20000475   0x0800fbc0   0x00000003   PAD
    0x20000478        -       0x000007c0   Zero   RW          361    .bss.an_dx          max30102_for_stm32_hal.o
    0x20000c38        -       0x000007d0   Zero   RW          360    .bss.an_x           max30102_for_stm32_hal.o
    0x20001408        -       0x000007d0   Zero   RW          362    .bss.an_y           max30102_for_stm32_hal.o
    0x20001bd8        -       0x00000004   Zero   RW           66    .bss.defaultTaskHandle  freertos.o
    0x20001bdc        -       0x00000054   Zero   RW           82    .bss.hi2c1          i2c.o
    0x20001c30        -       0x00000054   Zero   RW           83    .bss.hi2c2          i2c.o
    0x20001c84        -       0x00000048   Zero   RW          182    .bss.htim1          stm32f4xx_hal_timebase_tim.o
    0x20001ccc        -       0x00000048   Zero   RW           98    .bss.htim2          tim.o
    0x20001d14        -       0x00000044   Zero   RW          119    .bss.huart2         usart.o
    0x20001d58        -       0x00000044   Zero   RW          120    .bss.huart3         usart.o
    0x20001d9c        -       0x00000044   Zero   RW          121    .bss.huart6         usart.o
    0x20001de0        -       0x00000328   Zero   RW           37    .bss.max30102       main.o
    0x20002108        -       0x000000a0   Zero   RW         1712    .bss.prvCheckForValidListAndQueue.ucStaticTimerQueueStorage  timers.o
    0x200021a8        -       0x00000050   Zero   RW         1711    .bss.prvCheckForValidListAndQueue.xStaticTimerQueue  timers.o
    0x200021f8        -       0x00000460   Zero   RW         1662    .bss.pxReadyTasksLists  tasks.o
    0x20002658        -       0x00000004   Zero   RW          242    .bss.strtoke.start  gps_neo6.o
    0x2000265c        -       0x00000100   Zero   RW           38    .bss.uart_rx_buffer  main.o
    0x2000275c        -       0x00003c00   Zero   RW         1898    .bss.ucHeap         heap_4.o
    0x2000635c        -       0x00000004   Zero   RW          738    .bss.uwTick         stm32f4xx_hal.o
    0x20006360        -       0x00000200   Zero   RW         1875    .bss.vApplicationGetIdleTaskMemory.Idle_Stack  cmsis_os2.o
    0x20006560        -       0x0000005c   Zero   RW         1874    .bss.vApplicationGetIdleTaskMemory.Idle_TCB  cmsis_os2.o
    0x200065bc        -       0x00000400   Zero   RW         1877    .bss.vApplicationGetTimerTaskMemory.Timer_Stack  cmsis_os2.o
    0x200069bc        -       0x0000005c   Zero   RW         1876    .bss.vApplicationGetTimerTaskMemory.Timer_TCB  cmsis_os2.o
    0x20006a18        -       0x00000040   Zero   RW         1495    .bss.xQueueRegistry  queue.o
    0x20006a58        -       0x00000200   Zero   RW            2    HEAP                startup_stm32f429xx.o
    0x20006c58        -       0x00000400   Zero   RW            1    STACK               startup_stm32f429xx.o


==============================================================================

Image component sizes


      Code (inc. data)   RO Data    RW Data    ZI Data      Debug   Object Name

       390          0          0          0       1724      44754   cmsis_os2.o
        44          0         48          0          4       2810   freertos.o
       428          0          0          0          0       4407   gpio.o
      2034         48          0          0          5      12049   gps_neo6.o
       734          0          0          0      15392       5607   heap_4.o
       438          0          0          0        168       5562   i2c.o
      1026          0      13300          0          0       5196   lcd.o
      2708          0          0          0          0       4939   lcd_init.o
       190          0          0          0          0       2331   list.o
      1748        292          0          1       1560      13521   main.o
      7610         16        184          0       5984      38345   max30102_for_stm32_hal.o
       900         16          0          4          8       4190   port.o
      1568          0          0          0         64      28279   queue.o
       210          0         23          0          0       2965   retarget_io.o
        64         26        428          0       1536        848   startup_stm32f429xx.o
       132          0          0          8          4       7697   stm32f4xx_hal.o
       156          0          0          0          0      10689   stm32f4xx_hal_cortex.o
       178          0          0          0          0      10600   stm32f4xx_hal_dma.o
       454          0          0          0          0       5304   stm32f4xx_hal_gpio.o
      3056          0          0          0          0      53714   stm32f4xx_hal_i2c.o
       124          0          0          0          0       4121   stm32f4xx_hal_i2c_ex.o
        66          0          0          0          0       3740   stm32f4xx_hal_msp.o
      1482          0          0          0          0       7469   stm32f4xx_hal_rcc.o
      1364          0          0          0          0      55037   stm32f4xx_hal_tim.o
       186          0          0          0          0      21242   stm32f4xx_hal_tim_ex.o
       180          0          0          0         72       7406   stm32f4xx_hal_timebase_tim.o
      2724          0          0          0          0      31719   stm32f4xx_hal_uart.o
        98          0          0          0          0       6138   stm32f4xx_it.o
        18          0         24          4          0       2694   system_stm32f4xx.o
      3090          8          0          0       1280      43048   tasks.o
       180          0          0          0         72       7415   tim.o
      1086         20          5          0        300      16126   timers.o
       512          0          0          0        204       8029   usart.o

    ----------------------------------------------------------------------
     35392        438      14048         20      28380     477991   Object Totals
         0          0         32          0          0          0   (incl. Generated)
       214         12          4          3          3          0   (incl. Padding)

    ----------------------------------------------------------------------

      Code (inc. data)   RO Data    RW Data    ZI Data      Debug   Library Member Name

         8          0          0          0          0         68   __main.o
       284          0          0          0          0        156   __printf_wp.o
         0          0          0          0          0          0   __rtentry.o
        12          0          0          0          0          0   __rtentry2.o
         6          0          0          0          0          0   __rtentry4.o
        52          8          0          0          0          0   __scatter.o
        26          0          0          0          0          0   __scatter_copy.o
        28          0          0          0          0          0   __scatter_zi.o
        28          0          0          0          0         68   _chval.o
        48          6          0          0          0         96   _printf_char_common.o
        36          4          0          0          0         80   _printf_char_file.o
         6          0          0          0          0          0   _printf_d.o
       120         16          0          0          0         92   _printf_dec.o
         6          0          0          0          0          0   _printf_f.o
      1052          0          0          0          0        148   _printf_fp_dec.o
       128         16          0          0          0         84   _printf_fp_infnan.o
       178          0          0          0          0         88   _printf_intcommon.o
         0          0          0          0          0          0   _printf_percent.o
         4          0          0          0          0          0   _printf_percent_end.o
        22          0          0          0          0        100   _rserrno.o
        64          0          0          0          0         84   _sgetc.o
       158          0          0          0          0         92   _strtoul.o
        16          0          0          0          0         68   aeabi_memset4.o
        26          0          0          0          0         80   atoi.o
       228          4        148          0          0         96   bigflt0.o
      2152        136          0          0          0        956   btod.o
        10          0          0          0          0         68   defsig_exit.o
        50          0          0          0          0         88   defsig_general.o
        80         58          0          0          0         76   defsig_rtmem_inner.o
        14          0          0          0          0         80   defsig_rtmem_outer.o
        52         38          0          0          0         76   defsig_rtred_inner.o
        14          0          0          0          0         80   defsig_rtred_outer.o
        18          0          0          0          0         80   exit.o
        76          0          0          0          0         88   fclose.o
         8          0          0          0          0         68   ferror.o
       240          6          0          0          0        128   fopen.o
       248          6          0          0          0         84   fseek.o
        66          0          0          0          0         76   ftell.o
        94          0          0          0          0         80   h1_alloc.o
        52          0          0          0          0         68   h1_extend.o
        78          0          0          0          0         80   h1_free.o
        14          0          0          0          0         84   h1_init.o
         6          0          0          0          0        152   heapauxi.o
         4          0          0          0          0        136   hguard.o
         0          0          0          0          0          0   indicate_semi.o
       138          0          0          0          0        168   init_alloc.o
       312         46          0          0          0        112   initio.o
        18          0          0          0          0         76   isspace.o
        44         10        272          0          0         76   lc_ctype_c.o
        44         10         28          0          0         76   lc_numeric_c.o
         2          0          0          0          0          0   libinit.o
        46          0          0          0          0          0   libinit2.o
         2          0          0          0          0          0   libshutdown.o
         6          0          0          0          0          0   libshutdown2.o
         8          4          0          0         96         68   libspace.o
        38          0          0          0          0         68   llshl.o
       138          0          0          0          0         80   lludiv10.o
       240          0          0          0          0        100   lludivv7m.o
         0          0          0          0          0          0   maybetermalloc1.o
        24          4          0          0          0         84   noretval__2printf.o
        44          4          0          0          0         84   puts.o
        16          4          0          0          0         76   rt_ctype_table.o
         8          4          0          0          0         68   rt_errno_addr_intlibspace.o
         8          4          0          0          0         68   rt_heap_descriptor_intlibspace.o
         8          4          0          0          0         68   rt_locale_intlibspace.o
        78          0          0          0          0         80   rt_memclr_w.o
       138          0          0          0          0         68   rt_memcpy_v6.o
       100          0          0          0          0         80   rt_memcpy_w.o
         2          0          0          0          0          0   rtexit.o
        10          0          0          0          0          0   rtexit2.o
      1272         16          0          0          0        168   scanf_fp.o
       800         14          0          0          0        100   scanf_hexfp.o
       308         16          0          0          0        100   scanf_infnan.o
        70          0          0          0          0         80   setvbuf.o
       264          6          0          0          0        160   stdio.o
         0          0          0         12        252          0   stdio_streams.o
        20          0          0          0          0         68   strchr.o
       124          0          0          0          0         88   strcmpv7em.o
       176         14          0          0          0        124   strtod.o
       112          0          0          0          0         88   strtol.o
        12          4          0          0          0         68   sys_exit.o
        74          0          0          0          0         80   sys_stackheap_outer.o
         2          0          0          0          0         68   use_no_semi.o
        98          4          0          0          0        140   d2f.o
       812         16          0          0          0        392   daddsub_clz.o
        16          4          0          0          0        116   dcheck1.o
        24          0          0          0          0        116   dcmpi.o
       692        140          0          0          0        264   ddiv.o
       120          4          0          0          0        140   deqf.o
        94          4          0          0          0        140   dfix.o
        46          0          0          0          0        116   dflt_clz.o
       120          4          0          0          0        140   dleqf.o
       340         12          0          0          0        152   dmul.o
       156          4          0          0          0        140   dnaninf.o
        12          0          0          0          0        116   dretinf.o
       108          0          0          0          0        128   drleqf.o
        86          4          0          0          0        132   f2d.o
       140          4          0          0          0        132   fnaninf.o
         0          0         16          0          0          0   fpconst.o
        26          0          0          0          0        116   fpinit.o
        10          0          0          0          0        116   fretinf.o
         6          0          0          0          0        116   istatus.o
         4          0          0          0          0        116   printf1.o
       100          0          0          0          0        116   retnan.o
        92          0          0          0          0        116   scalbn.o
         4          0          0          0          0        116   scanf1.o
         8          0          0          0          0        132   scanf2.o
        48          0          0          0          0        116   trapv.o
         0          0          0          0          0          0   usenofp.o
        56         10          0          0          0        132   atof.o
        64         16          0          0          0        248   dunder.o
        48          0          0          0          0        124   fpclassify.o
       140         22          0          0          0        132   frexp.o
       228          8          0          0          0        308   ldexp.o
       266         16          0          0          0        308   narrow.o

    ----------------------------------------------------------------------
     14508        734        464         12        348      11316   Library Totals
        26          0          0          0          0          0   (incl. Padding)

    ----------------------------------------------------------------------

      Code (inc. data)   RO Data    RW Data    ZI Data      Debug   Library Name

     10518        462        448         12        348       6640   c_w.l
      3162        200         16          0          0       3424   fz_wm.l
       802         72          0          0          0       1252   m_wm.l

    ----------------------------------------------------------------------
     14508        734        464         12        348      11316   Library Totals

    ----------------------------------------------------------------------

==============================================================================


      Code (inc. data)   RO Data    RW Data    ZI Data      Debug   

     49900       1172      14512         32      28728     481743   Grand Totals
     49900       1172      14512         32      28728     481743   ELF Image Totals
     49900       1172      14512         32          0          0   ROM Totals

==============================================================================

    Total RO  Size (Code + RO Data)                64412 (  62.90kB)
    Total RW  Size (RW Data + ZI Data)             28760 (  28.09kB)
    Total ROM Size (Code + RO Data + RW Data)      64444 (  62.93kB)

==============================================================================

