Component: Arm Compiler for Embedded 6.19 Tool: armlink [5e73cb00]

==============================================================================

Section Cross References

    startup_stm32f429xx.o(STACK) refers (Special) to heapauxi.o(.text) for __use_two_region_memory
    startup_stm32f429xx.o(HEAP) refers (Special) to heapauxi.o(.text) for __use_two_region_memory
    startup_stm32f429xx.o(RESET) refers (Special) to heapauxi.o(.text) for __use_two_region_memory
    startup_stm32f429xx.o(RESET) refers to startup_stm32f429xx.o(STACK) for __initial_sp
    startup_stm32f429xx.o(RESET) refers to startup_stm32f429xx.o(.text) for Reset_Handler
    startup_stm32f429xx.o(RESET) refers to lto-llvm-df4147.o(.text.NMI_Handler) for NMI_Handler
    startup_stm32f429xx.o(RESET) refers to lto-llvm-df4147.o(.text.HardFault_Handler) for HardFault_Handler
    startup_stm32f429xx.o(RESET) refers to lto-llvm-df4147.o(.text.MemManage_Handler) for MemManage_Handler
    startup_stm32f429xx.o(RESET) refers to lto-llvm-df4147.o(.text.BusFault_Handler) for BusFault_Handler
    startup_stm32f429xx.o(RESET) refers to lto-llvm-df4147.o(.text.UsageFault_Handler) for UsageFault_Handler
    startup_stm32f429xx.o(RESET) refers to lto-llvm-df4147.o(.text.SVC_Handler) for SVC_Handler
    startup_stm32f429xx.o(RESET) refers to lto-llvm-df4147.o(.text.DebugMon_Handler) for DebugMon_Handler
    startup_stm32f429xx.o(RESET) refers to lto-llvm-df4147.o(.text.PendSV_Handler) for PendSV_Handler
    startup_stm32f429xx.o(RESET) refers to lto-llvm-df4147.o(.text.SysTick_Handler) for SysTick_Handler
    startup_stm32f429xx.o(RESET) refers to lto-llvm-df4147.o(.text.EXTI3_IRQHandler) for EXTI3_IRQHandler
    startup_stm32f429xx.o(RESET) refers to lto-llvm-df4147.o(.text.EXTI4_IRQHandler) for EXTI4_IRQHandler
    startup_stm32f429xx.o(RESET) refers to lto-llvm-df4147.o(.text.DMA1_Stream1_IRQHandler) for DMA1_Stream1_IRQHandler
    startup_stm32f429xx.o(RESET) refers to lto-llvm-df4147.o(.text.DMA1_Stream3_IRQHandler) for DMA1_Stream3_IRQHandler
    startup_stm32f429xx.o(RESET) refers to lto-llvm-df4147.o(.text.DMA1_Stream5_IRQHandler) for DMA1_Stream5_IRQHandler
    startup_stm32f429xx.o(RESET) refers to lto-llvm-df4147.o(.text.DMA1_Stream6_IRQHandler) for DMA1_Stream6_IRQHandler
    startup_stm32f429xx.o(RESET) refers to lto-llvm-df4147.o(.text.USART2_IRQHandler) for USART2_IRQHandler
    startup_stm32f429xx.o(RESET) refers to lto-llvm-df4147.o(.text.USART3_IRQHandler) for USART3_IRQHandler
    startup_stm32f429xx.o(.text) refers (Special) to heapauxi.o(.text) for __use_two_region_memory
    startup_stm32f429xx.o(.text) refers to lto-llvm-df4147.o(.text.SystemInit) for SystemInit
    startup_stm32f429xx.o(.text) refers to __main.o(!!!main) for __main
    startup_stm32f429xx.o(.text) refers to startup_stm32f429xx.o(HEAP) for Heap_Mem
    startup_stm32f429xx.o(.text) refers to startup_stm32f429xx.o(STACK) for Stack_Mem
    __main.o(!!!main) refers to __rtentry.o(.ARM.Collect$$rtentry$$00000000) for __rt_entry
    __rtentry.o(.ARM.Collect$$rtentry$$00000000) refers (Special) to __rtentry2.o(.ARM.Collect$$rtentry$$0000000A) for __rt_entry_li
    __rtentry.o(.ARM.Collect$$rtentry$$00000000) refers (Special) to __rtentry2.o(.ARM.Collect$$rtentry$$0000000D) for __rt_entry_main
    __rtentry.o(.ARM.Collect$$rtentry$$00000000) refers (Special) to __rtentry2.o(.ARM.Collect$$rtentry$$0000000C) for __rt_entry_postli_1
    __rtentry.o(.ARM.Collect$$rtentry$$00000000) refers (Special) to __rtentry2.o(.ARM.Collect$$rtentry$$00000009) for __rt_entry_postsh_1
    __rtentry.o(.ARM.Collect$$rtentry$$00000000) refers (Special) to __rtentry2.o(.ARM.Collect$$rtentry$$00000002) for __rt_entry_presh_1
    __rtentry.o(.ARM.Collect$$rtentry$$00000000) refers (Special) to __rtentry4.o(.ARM.Collect$$rtentry$$00000004) for __rt_entry_sh
    __rtentry2.o(.ARM.Collect$$rtentry$$00000008) refers to boardinit2.o(.text) for _platform_post_stackheap_init
    __rtentry2.o(.ARM.Collect$$rtentry$$0000000A) refers to libinit.o(.ARM.Collect$$libinit$$00000000) for __rt_lib_init
    __rtentry2.o(.ARM.Collect$$rtentry$$0000000B) refers to boardinit3.o(.text) for _platform_post_lib_init
    __rtentry2.o(.ARM.Collect$$rtentry$$0000000D) refers to lto-llvm-df4147.o(.text.main) for main
    __rtentry2.o(.ARM.Collect$$rtentry$$0000000D) refers to exit.o(.text) for exit
    __rtentry2.o(.ARM.exidx) refers to __rtentry2.o(.ARM.Collect$$rtentry$$00000001) for .ARM.Collect$$rtentry$$00000001
    __rtentry2.o(.ARM.exidx) refers to __rtentry2.o(.ARM.Collect$$rtentry$$00000008) for .ARM.Collect$$rtentry$$00000008
    __rtentry2.o(.ARM.exidx) refers to __rtentry2.o(.ARM.Collect$$rtentry$$0000000A) for .ARM.Collect$$rtentry$$0000000A
    __rtentry2.o(.ARM.exidx) refers to __rtentry2.o(.ARM.Collect$$rtentry$$0000000B) for .ARM.Collect$$rtentry$$0000000B
    __rtentry2.o(.ARM.exidx) refers to __rtentry2.o(.ARM.Collect$$rtentry$$0000000D) for .ARM.Collect$$rtentry$$0000000D
[...]
    lto-llvm-df4147.o(.text.vPortFree) refers to lto-llvm-df4147.o(.text.xTaskResumeAll) for xTaskResumeAll
    lto-llvm-df4147.o(.ARM.exidx.text.vPortFree) refers to lto-llvm-df4147.o(.text.vPortFree) for [Anonymous Symbol]
    lto-llvm-df4147.o(.text.prvTaskExitError) refers to lto-llvm-df4147.o(.data.uxCriticalNesting) for uxCriticalNesting
    lto-llvm-df4147.o(.ARM.exidx.text.prvTaskExitError) refers to lto-llvm-df4147.o(.text.prvTaskExitError) for [Anonymous Symbol]
    lto-llvm-df4147.o(.text.SVC_Handler) refers to lto-llvm-df4147.o(.bss.pxCurrentTCB) for [Anonymous Symbol]
    lto-llvm-df4147.o(.ARM.exidx.text.SVC_Handler) refers to lto-llvm-df4147.o(.text.SVC_Handler) for [Anonymous Symbol]
    lto-llvm-df4147.o(.ARM.exidx.text.vPortEnableVFP) refers to lto-llvm-df4147.o(.text.vPortEnableVFP) for [Anonymous Symbol]
    lto-llvm-df4147.o(.ARM.exidx.text.prvPortStartFirstTask) refers to lto-llvm-df4147.o(.text.prvPortStartFirstTask) for [Anonymous Symbol]
    lto-llvm-df4147.o(.text.PendSV_Handler) refers to lto-llvm-df4147.o(.text.vTaskSwitchContext) for vTaskSwitchContext
    lto-llvm-df4147.o(.text.PendSV_Handler) refers to lto-llvm-df4147.o(.bss.pxCurrentTCB) for [Anonymous Symbol]
    lto-llvm-df4147.o(.ARM.exidx.text.PendSV_Handler) refers to lto-llvm-df4147.o(.text.PendSV_Handler) for [Anonymous Symbol]
    rt_memcpy_v6.o(.text) refers to rt_memcpy_w.o(.text) for __aeabi_memcpy4
    aeabi_memset4.o(.text) refers to rt_memclr_w.o(.text) for _memset_w
    aeabi_ldiv0_sigfpe.o(.text) refers to rt_div0.o(.text) for __rt_div0
    rt_div0.o(.text) refers to defsig_fpe_outer.o(.text) for __rt_SIGFPE
    defsig_fpe_outer.o(.text) refers to defsig_fpe_inner.o(.text) for __rt_SIGFPE_inner
    defsig_fpe_outer.o(.text) refers to defsig_exit.o(.text) for __sig_exit
    defsig_fpe_formal.o(.text) refers to rt_raise.o(.text) for __rt_raise


==============================================================================

Removing Unused input sections from the image.

    Removing lto-llvm-df4147.o(.text), (0 bytes).
    Removing lto-llvm-df4147.o(.ARM.exidx.text.taskSendLoRa), (8 bytes).
    Removing lto-llvm-df4147.o(.ARM.exidx.text.main), (8 bytes).
    Removing lto-llvm-df4147.o(.ARM.exidx.text.StartDefaultTask), (8 bytes).
    Removing lto-llvm-df4147.o(.text.fputc), (40 bytes).
    Removing lto-llvm-df4147.o(.ARM.exidx.text.fputc), (8 bytes).
    Removing lto-llvm-df4147.o(.ARM.exidx.text.NMI_Handler), (8 bytes).
    Removing lto-llvm-df4147.o(.ARM.exidx.text.HardFault_Handler), (8 bytes).
    Removing lto-llvm-df4147.o(.ARM.exidx.text.MemManage_Handler), (8 bytes).
    Removing lto-llvm-df4147.o(.ARM.exidx.text.BusFault_Handler), (8 bytes).
    Removing lto-llvm-df4147.o(.ARM.exidx.text.UsageFault_Handler), (8 bytes).
    Removing lto-llvm-df4147.o(.ARM.exidx.text.DebugMon_Handler), (8 bytes).
    Removing lto-llvm-df4147.o(.ARM.exidx.text.SysTick_Handler), (8 bytes).
    Removing lto-llvm-df4147.o(.ARM.exidx.text.EXTI3_IRQHandler), (8 bytes).
    Removing lto-llvm-df4147.o(.ARM.exidx.text.EXTI4_IRQHandler), (8 bytes).
    Removing lto-llvm-df4147.o(.ARM.exidx.text.DMA1_Stream1_IRQHandler), (8 bytes).
    Removing lto-llvm-df4147.o(.ARM.exidx.text.DMA1_Stream3_IRQHandler), (8 bytes).
    Removing lto-llvm-df4147.o(.ARM.exidx.text.DMA1_Stream5_IRQHandler), (8 bytes).
    Removing lto-llvm-df4147.o(.ARM.exidx.text.DMA1_Stream6_IRQHandler), (8 bytes).
    Removing lto-llvm-df4147.o(.ARM.exidx.text.USART2_IRQHandler), (8 bytes).
    Removing lto-llvm-df4147.o(.ARM.exidx.text.USART3_IRQHandler), (8 bytes).
    Removing lto-llvm-df4147.o(.ARM.exidx.text.HAL_GPIO_Init), (8 bytes).
    Removing lto-llvm-df4147.o(.ARM.exidx.text.HAL_GPIO_EXTI_IRQHandler), (8 bytes).
    Removing lto-llvm-df4147.o(.ARM.exidx.text.HAL_DMA_Init), (8 bytes).
    Removing lto-llvm-df4147.o(.ARM.exidx.text.HAL_DMA_Abort), (8 bytes).
    Removing lto-llvm-df4147.o(.ARM.exidx.text.HAL_DMA_IRQHandler), (8 bytes).
    Removing lto-llvm-df4147.o(.ARM.exidx.text.HAL_UART_Init), (8 bytes).
    Removing lto-llvm-df4147.o(.ARM.exidx.text.HAL_UART_Transmit), (8 bytes).
    Removing lto-llvm-df4147.o(.ARM.exidx.text.HAL_UART_IRQHandler), (8 bytes).
    Removing lto-llvm-df4147.o(.ARM.exidx.text.UART_Receive_IT), (8 bytes).
    Removing lto-llvm-df4147.o(.ARM.exidx.text.UART_DMAAbortOnError), (8 bytes).
    Removing lto-llvm-df4147.o(.ARM.exidx.text.SystemInit), (8 bytes).
    Removing lto-llvm-df4147.o(.ARM.exidx.text.xQueueGenericSend), (8 bytes).
    Removing lto-llvm-df4147.o(.ARM.exidx.text.prvUnlockQueue), (8 bytes).
    Removing lto-llvm-df4147.o(.ARM.exidx.text.xQueueReceive), (8 bytes).
    Removing lto-llvm-df4147.o(.ARM.exidx.text.vTaskSwitchContext), (8 bytes).
    Removing lto-llvm-df4147.o(.ARM.exidx.text.prvInitialiseNewTask), (8 bytes).
    Removing lto-llvm-df4147.o(.ARM.exidx.text.prvAddNewTaskToReadyList), (8 bytes).
    Removing lto-llvm-df4147.o(.ARM.exidx.text.xTaskResumeAll), (8 bytes).
    Removing lto-llvm-df4147.o(.ARM.exidx.text.xTaskIncrementTick), (8 bytes).
    Removing lto-llvm-df4147.o(.ARM.exidx.text.vTaskDelay), (8 bytes).
    Removing lto-llvm-df4147.o(.ARM.exidx.text.vTaskStartScheduler), (8 bytes).
    Removing lto-llvm-df4147.o(.ARM.exidx.text.prvIdleTask), (8 bytes).
    Removing lto-llvm-df4147.o(.ARM.exidx.text.xTaskRemoveFromEventList), (8 bytes).
    Removing lto-llvm-df4147.o(.ARM.exidx.text.xTaskPriorityDisinherit), (8 bytes).
    Removing lto-llvm-df4147.o(.ARM.exidx.text.prvTimerTask), (8 bytes).
    Removing lto-llvm-df4147.o(.ARM.exidx.text.pvPortMalloc), (8 bytes).
    Removing lto-llvm-df4147.o(.ARM.exidx.text.vPortFree), (8 bytes).
    Removing lto-llvm-df4147.o(.ARM.exidx.text.prvTaskExitError), (8 bytes).
    Removing lto-llvm-df4147.o(.ARM.exidx.text.SVC_Handler), (8 bytes).
    Removing lto-llvm-df4147.o(.ARM.exidx.text.vPortEnableVFP), (8 bytes).
    Removing lto-llvm-df4147.o(.ARM.exidx.text.prvPortStartFirstTask), (8 bytes).
    Removing lto-llvm-df4147.o(.ARM.exidx.text.PendSV_Handler), (8 bytes).
    Removing lto-llvm-df4147.o(.ARM.use_no_argv), (4 bytes).

54 unused section(s) (total 452 bytes) removed from the image.

==============================================================================

Image Symbol Table

    Local Symbols

    Symbol Name                              Value     Ov Type        Size  Object(Section)

    ../clib/angel/boardlib.s                 0x00000000   Number         0  boardinit1.o ABSOLUTE
    ../clib/angel/boardlib.s                 0x00000000   Number         0  boardinit2.o ABSOLUTE
    ../clib/angel/boardlib.s                 0x00000000   Number         0  boardinit3.o ABSOLUTE
    ../clib/angel/boardlib.s                 0x00000000   Number         0  boardshut.o ABSOLUTE
    ../clib/angel/handlers.s                 0x00000000   Number         0  __scatter_copy.o ABSOLUTE
    ../clib/angel/handlers.s                 0x00000000   Number         0  __scatter_zi.o ABSOLUTE
    ../clib/angel/kernel.s                   0x00000000   Number         0  __rtentry.o ABSOLUTE
    ../clib/angel/kernel.s                   0x00000000   Number         0  __rtentry2.o ABSOLUTE
    ../clib/angel/kernel.s                   0x00000000   Number         0  __rtentry4.o ABSOLUTE
    ../clib/angel/kernel.s                   0x00000000   Number         0  rtexit.o ABSOLUTE
    ../clib/angel/kernel.s                   0x00000000   Number         0  rtexit2.o ABSOLUTE
    ../clib/angel/rt.s                       0x00000000   Number         0  rt_raise.o ABSOLUTE
    ../clib/angel/rt.s                       0x00000000   Number         0  aeabi_ldiv0.o ABSOLUTE
    ../clib/angel/rt.s                       0x00000000   Number         0  aeabi_ldiv0_sigfpe.o ABSOLUTE
    ../clib/angel/rt.s                       0x00000000   Number         0  rt_div0.o ABSOLUTE
    ../clib/angel/scatter.s                  0x00000000   Number         0  __scatter.o ABSOLUTE
    ../clib/angel/startup.s                  0x00000000   Number         0  __main.o ABSOLUTE
    ../clib/angel/sys.s                      0x00000000   Number         0  sys_stackheap_outer.o ABSOLUTE
    ../clib/angel/sys.s                      0x00000000   Number         0  libspace.o ABSOLUTE
    ../clib/angel/sys.s                      0x00000000   Number         0  use_no_semi.o ABSOLUTE
    ../clib/angel/sys.s                      0x00000000   Number         0  indicate_semi.o ABSOLUTE
    ../clib/angel/sysapp.c                   0x00000000   Number         0  sys_exit.o ABSOLUTE
    ../clib/angel/sysapp.c                   0x00000000   Number         0  sys_exit_hlt.o ABSOLUTE
    ../clib/angel/sysapp.c                   0x00000000   Number         0  sys_command.o ABSOLUTE
    ../clib/angel/sysapp.c                   0x00000000   Number         0  sys_command_hlt.o ABSOLUTE
    ../clib/angel/sysapp.c                   0x00000000   Number         0  sys_wrch.o ABSOLUTE
    ../clib/angel/sysapp.c                   0x00000000   Number         0  sys_wrch_hlt.o ABSOLUTE
    ../clib/armsys.c                         0x00000000   Number         0  argv_veneer.o ABSOLUTE
    ../clib/armsys.c                         0x00000000   Number         0  argv_veneer.o ABSOLUTE
    ../clib/armsys.c                         0x00000000   Number         0  _get_argv_nomalloc.o ABSOLUTE
    ../clib/armsys.c                         0x00000000   Number         0  no_argv.o ABSOLUTE
    ../clib/heapalloc.c                      0x00000000   Number         0  hrguard.o ABSOLUTE
    ../clib/heapaux.c                        0x00000000   Number         0  heapauxi.o ABSOLUTE
    ../clib/libinit.s                        0x00000000   Number         0  libinit.o ABSOLUTE
    ../clib/libinit.s                        0x00000000   Number         0  libinit2.o ABSOLUTE
    ../clib/libinit.s                        0x00000000   Number         0  libshutdown.o ABSOLUTE
    ../clib/libinit.s                        0x00000000   Number         0  libshutdown2.o ABSOLUTE
    ../clib/longlong.s                       0x00000000   Number         0  lludivv7m.o ABSOLUTE
    ../clib/memcpset.s                       0x00000000   Number         0  rt_memcpy_v6.o ABSOLUTE
    ../clib/memcpset.s                       0x00000000   Number         0  aeabi_memset4.o ABSOLUTE
    ../clib/memcpset.s                       0x00000000   Number         0  rt_memcpy_w.o ABSOLUTE
    ../clib/memcpset.s                       0x00000000   Number         0  rt_memclr_w.o ABSOLUTE
    ../clib/signal.c                         0x00000000   Number         0  defsig_rtmem_outer.o ABSOLUTE
    ../clib/signal.c                         0x00000000   Number         0  defsig_rtmem_formal.o ABSOLUTE
    ../clib/signal.c                         0x00000000   Number         0  defsig_exit.o ABSOLUTE
    ../clib/signal.c                         0x00000000   Number         0  defsig_rtmem_inner.o ABSOLUTE
    ../clib/signal.c                         0x00000000   Number         0  __raise.o ABSOLUTE
    ../clib/signal.c                         0x00000000   Number         0  defsig_general.o ABSOLUTE
    ../clib/signal.c                         0x00000000   Number         0  defsig_abrt_inner.o ABSOLUTE
    ../clib/signal.c                         0x00000000   Number         0  defsig_fpe_inner.o ABSOLUTE
    ../clib/signal.c                         0x00000000   Number         0  defsig_rtred_inner.o ABSOLUTE
    ../clib/signal.c                         0x00000000   Number         0  defsig_stak_inner.o ABSOLUTE
    ../clib/signal.c                         0x00000000   Number         0  defsig_pvfn_inner.o ABSOLUTE
    ../clib/signal.c                         0x00000000   Number         0  defsig_cppl_inner.o ABSOLUTE
    ../clib/signal.c                         0x00000000   Number         0  defsig_segv_inner.o ABSOLUTE
    ../clib/signal.c                         0x00000000   Number         0  defsig_other.o ABSOLUTE
    ../clib/signal.c                         0x00000000   Number         0  defsig_fpe_outer.o ABSOLUTE
    ../clib/signal.c                         0x00000000   Number         0  defsig_fpe_formal.o ABSOLUTE
    ../clib/signal.s                         0x00000000   Number         0  defsig.o ABSOLUTE
    ../clib/stdlib.c                         0x00000000   Number         0  exit.o ABSOLUTE
    ../clib/string.c                         0x00000000   Number         0  strlen.o ABSOLUTE
    ../fplib/fpinit.s                        0x00000000   Number         0  fpinit.o ABSOLUTE
    dc.s                                     0x00000000   Number         0  dc.o ABSOLUTE
    ld-temp.o                                0x00000000   Number         0  lto-llvm-df4147.o ABSOLUTE
    startup_stm32f429xx.s                    0x00000000   Number         0  startup_stm32f429xx.o ABSOLUTE
    RESET                                    0x08000000   Section      428  startup_stm32f429xx.o(RESET)
    !!!main                                  0x080001ac   Section        8  __main.o(!!!main)
    !!!scatter                               0x080001b4   Section       52  __scatter.o(!!!scatter)
    !!handler_copy                           0x080001e8   Section       26  __scatter_copy.o(!!handler_copy)
    !!handler_zi                             0x08000204   Section       28  __scatter_zi.o(!!handler_zi)
    .ARM.Collect$$libinit$$00000000          0x08000220   Section        2  libinit.o(.ARM.Collect$$libinit$$00000000)
    .ARM.Collect$$libinit$$00000001          0x08000222   Section        4  libinit2.o(.ARM.Collect$$libinit$$00000001)
    .ARM.Collect$$libinit$$00000004          0x08000226   Section        0  libinit2.o(.ARM.Collect$$libinit$$00000004)
    .ARM.Collect$$libinit$$00000006          0x08000226   Section        0  libinit2.o(.ARM.Collect$$libinit$$00000006)
    .ARM.Collect$$libinit$$0000000C          0x08000226   Section        0  libinit2.o(.ARM.Collect$$libinit$$0000000C)
    .ARM.Collect$$libinit$$0000000E          0x08000226   Section        0  libinit2.o(.ARM.Collect$$libinit$$0000000E)
    .ARM.Collect$$libinit$$00000010          0x08000226   Section        0  libinit2.o(.ARM.Collect$$libinit$$00000010)
    .ARM.Collect$$libinit$$00000013          0x08000226   Section        0  libinit2.o(.ARM.Collect$$libinit$$00000013)
    .ARM.Collect$$libinit$$00000015          0x08000226   Section        0  libinit2.o(.ARM.Collect$$libinit$$00000015)
    .ARM.Collect$$libinit$$00000017          0x08000226   Section        0  libinit2.o(.ARM.Collect$$libinit$$00000017)
    .ARM.Collect$$libinit$$00000019          0x08000226   Section        0  libinit2.o(.ARM.Collect$$libinit$$00000019)
    .ARM.Collect$$libinit$$0000001B          0x08000226   Section        0  libinit2.o(.ARM.Collect$$libinit$$0000001B)
    .ARM.Collect$$libinit$$0000001D          0x08000226   Section        0  libinit2.o(.ARM.Collect$$libinit$$0000001D)
    .ARM.Collect$$libinit$$0000001F          0x08000226   Section        0  libinit2.o(.ARM.Collect$$libinit$$0000001F)
    .ARM.Collect$$libinit$$00000021          0x08000226   Section        0  libinit2.o(.ARM.Collect$$libinit$$00000021)
    .ARM.Collect$$libinit$$00000023          0x08000226   Section        0  libinit2.o(.ARM.Collect$$libinit$$00000023)
    .ARM.Collect$$libinit$$00000025          0x08000226   Section        0  libinit2.o(.ARM.Collect$$libinit$$00000025)
    .ARM.Collect$$libinit$$00000027          0x08000226   Section        0  libinit2.o(.ARM.Collect$$libinit$$00000027)
    .ARM.Collect$$libinit$$0000002E          0x08000226   Section        0  libinit2.o(.ARM.Collect$$libinit$$0000002E)
    .ARM.Collect$$libinit$$00000030          0x08000226   Section        0  libinit2.o(.ARM.Collect$$libinit$$00000030)
    .ARM.Collect$$libinit$$00000032          0x08000226   Section        0  libinit2.o(.ARM.Collect$$libinit$$00000032)
    .ARM.Collect$$libinit$$00000034          0x08000226   Section        0  libinit2.o(.ARM.Collect$$libinit$$00000034)
    .ARM.Collect$$libinit$$00000035          0x08000226   Section        2  libinit2.o(.ARM.Collect$$libinit$$00000035)
    .ARM.Collect$$libshutdown$$00000000      0x08000228   Section        2  libshutdown.o(.ARM.Collect$$libshutdown$$00000000)
    .ARM.Collect$$libshutdown$$00000002      0x0800022a   Section        0  libshutdown2.o(.ARM.Collect$$libshutdown$$00000002)
    .ARM.Collect$$libshutdown$$00000004      0x0800022a   Section        0  libshutdown2.o(.ARM.Collect$$libshutdown$$00000004)
    .ARM.Collect$$libshutdown$$00000007      0x0800022a   Section        0  libshutdown2.o(.ARM.Collect$$libshutdown$$00000007)
    .ARM.Collect$$libshutdown$$0000000A      0x0800022a   Section        0  libshutdown2.o(.ARM.Collect$$libshutdown$$0000000A)
    .ARM.Collect$$libshutdown$$0000000C      0x0800022a   Section        0  libshutdown2.o(.ARM.Collect$$libshutdown$$0000000C)
    .ARM.Collect$$libshutdown$$0000000F      0x0800022a   Section        0  libshutdown2.o(.ARM.Collect$$libshutdown$$0000000F)
    .ARM.Collect$$libshutdown$$00000010      0x0800022a   Section        2  libshutdown2.o(.ARM.Collect$$libshutdown$$00000010)
    .ARM.Collect$$rtentry$$00000000          0x0800022c   Section        0  __rtentry.o(.ARM.Collect$$rtentry$$00000000)
    .ARM.Collect$$rtentry$$00000002          0x0800022c   Section        0  __rtentry2.o(.ARM.Collect$$rtentry$$00000002)
    .ARM.Collect$$rtentry$$00000004          0x0800022c   Section        6  __rtentry4.o(.ARM.Collect$$rtentry$$00000004)
    .ARM.Collect$$rtentry$$00000009          0x08000232   Section        0  __rtentry2.o(.ARM.Collect$$rtentry$$00000009)
    .ARM.Collect$$rtentry$$0000000A          0x08000232   Section        4  __rtentry2.o(.ARM.Collect$$rtentry$$0000000A)
    .ARM.Collect$$rtentry$$0000000C          0x08000236   Section        0  __rtentry2.o(.ARM.Collect$$rtentry$$0000000C)
    .ARM.Collect$$rtentry$$0000000D          0x08000236   Section        8  __rtentry2.o(.ARM.Collect$$rtentry$$0000000D)
    .ARM.Collect$$rtexit$$00000000           0x0800023e   Section        2  rtexit.o(.ARM.Collect$$rtexit$$00000000)
    .ARM.Collect$$rtexit$$00000002           0x08000240   Section        0  rtexit2.o(.ARM.Collect$$rtexit$$00000002)
    .ARM.Collect$$rtexit$$00000003           0x08000240   Section        4  rtexit2.o(.ARM.Collect$$rtexit$$00000003)
    .ARM.Collect$$rtexit$$00000004           0x08000244   Section        6  rtexit2.o(.ARM.Collect$$rtexit$$00000004)
    $v0                                      0x0800024c   Number         0  startup_stm32f429xx.o(.text)
    .text                                    0x0800024c   Section       64  startup_stm32f429xx.o(.text)
    .text                                    0x0800028c   Section        0  heapauxi.o(.text)
    .text                                    0x08000292   Section       74  sys_stackheap_outer.o(.text)
    .text                                    0x080002dc   Section        0  exit.o(.text)
    .text                                    0x080002f0   Section        8  libspace.o(.text)
    .text                                    0x080002f8   Section        0  sys_exit.o(.text)
    .text                                    0x08000304   Section        2  use_no_semi.o(.text)
    .text                                    0x08000306   Section        0  indicate_semi.o(.text)
    .text                                    0x08000306   Section      240  lludivv7m.o(.text)
    .text                                    0x080003f6   Section      138  rt_memcpy_v6.o(.text)
    .text                                    0x08000480   Section       16  aeabi_memset4.o(.text)
    .text                                    0x08000490   Section      100  rt_memcpy_w.o(.text)
    .text                                    0x080004f4   Section       78  rt_memclr_w.o(.text)
    [Anonymous Symbol]                       0x08000544   Section        0  lto-llvm-df4147.o(.text.BusFault_Handler)
    [Anonymous Symbol]                       0x08000548   Section        0  lto-llvm-df4147.o(.text.DMA1_Stream1_IRQHandler)
    [Anonymous Symbol]                       0x08000554   Section        0  lto-llvm-df4147.o(.text.DMA1_Stream3_IRQHandler)
    [Anonymous Symbol]                       0x08000560   Section        0  lto-llvm-df4147.o(.text.DMA1_Stream5_IRQHandler)
    [Anonymous Symbol]                       0x0800056c   Section        0  lto-llvm-df4147.o(.text.DMA1_Stream6_IRQHandler)
    [Anonymous Symbol]                       0x08000578   Section        0  lto-llvm-df4147.o(.text.DebugMon_Handler)
    [Anonymous Symbol]                       0x0800057c   Section        0  lto-llvm-df4147.o(.text.EXTI3_IRQHandler)
    [Anonymous Symbol]                       0x08000584   Section        0  lto-llvm-df4147.o(.text.EXTI4_IRQHandler)
    HAL_DMA_Abort                            0x0800058d   Thumb Code   172  lto-llvm-df4147.o(.text.HAL_DMA_Abort)
    [Anonymous Symbol]                       0x0800058c   Section        0  lto-llvm-df4147.o(.text.HAL_DMA_Abort)
    HAL_DMA_IRQHandler                       0x08000639   Thumb Code   446  lto-llvm-df4147.o(.text.HAL_DMA_IRQHandler)
    [Anonymous Symbol]                       0x08000638   Section        0  lto-llvm-df4147.o(.text.HAL_DMA_IRQHandler)
    HAL_DMA_Init                             0x080007f9   Thumb Code   364  lto-llvm-df4147.o(.text.HAL_DMA_Init)
    [Anonymous Symbol]                       0x080007f8   Section        0  lto-llvm-df4147.o(.text.HAL_DMA_Init)
    DMA_CalcBaseAndBitshift.flagBitshiftOffset 0x08000964   Number         0  lto-llvm-df4147.o(.text.HAL_DMA_Init)
    HAL_GPIO_EXTI_IRQHandler                 0x0800096d   Thumb Code   326  lto-llvm-df4147.o(.text.HAL_GPIO_EXTI_IRQHandler)
    [Anonymous Symbol]                       0x0800096c   Section        0  lto-llvm-df4147.o(.text.HAL_GPIO_EXTI_IRQHandler)
    HAL_GPIO_Init                            0x08000ab5   Thumb Code   420  lto-llvm-df4147.o(.text.HAL_GPIO_Init)
    [Anonymous Symbol]                       0x08000ab4   Section        0  lto-llvm-df4147.o(.text.HAL_GPIO_Init)
    HAL_UART_IRQHandler                      0x08000c59   Thumb Code  1360  lto-llvm-df4147.o(.text.HAL_UART_IRQHandler)
    [Anonymous Symbol]                       0x08000c58   Section        0  lto-llvm-df4147.o(.text.HAL_UART_IRQHandler)
    HAL_UART_Init                            0x080011a9   Thumb Code   868  lto-llvm-df4147.o(.text.HAL_UART_Init)
    [Anonymous Symbol]                       0x080011a8   Section        0  lto-llvm-df4147.o(.text.HAL_UART_Init)
    APBPrescTable                            0x0800150c   Number         0  lto-llvm-df4147.o(.text.HAL_UART_Init)
    HAL_UART_Transmit                        0x08001515   Thumb Code   194  lto-llvm-df4147.o(.text.HAL_UART_Transmit)
    [Anonymous Symbol]                       0x08001514   Section        0  lto-llvm-df4147.o(.text.HAL_UART_Transmit)
    [Anonymous Symbol]                       0x080015d8   Section        0  lto-llvm-df4147.o(.text.HardFault_Handler)
    [Anonymous Symbol]                       0x080015dc   Section        0  lto-llvm-df4147.o(.text.MemManage_Handler)
    [Anonymous Symbol]                       0x080015e0   Section        0  lto-llvm-df4147.o(.text.NMI_Handler)
    [Anonymous Symbol]                       0x080015f0   Section        0  lto-llvm-df4147.o(.text.PendSV_Handler)
    pxCurrentTCBConst                        0x08001650   Number         0  lto-llvm-df4147.o(.text.PendSV_Handler)
    [Anonymous Symbol]                       0x08001660   Section        0  lto-llvm-df4147.o(.text.SVC_Handler)
    pxCurrentTCBConst2                       0x08001680   Number         0  lto-llvm-df4147.o(.text.SVC_Handler)
    StartDefaultTask                         0x08001685   Thumb Code    16  lto-llvm-df4147.o(.text.StartDefaultTask)
    [Anonymous Symbol]                       0x08001684   Section        0  lto-llvm-df4147.o(.text.StartDefaultTask)
    [Anonymous Symbol]                       0x08001694   Section        0  lto-llvm-df4147.o(.text.SysTick_Handler)
    [Anonymous Symbol]                       0x080016ec   Section        0  lto-llvm-df4147.o(.text.SystemInit)
    UART_DMAAbortOnError                     0x08001701   Thumb Code    10  lto-llvm-df4147.o(.text.UART_DMAAbortOnError)
    [Anonymous Symbol]                       0x08001700   Section        0  lto-llvm-df4147.o(.text.UART_DMAAbortOnError)
    UART_Receive_IT                          0x0800170d   Thumb Code   240  lto-llvm-df4147.o(.text.UART_Receive_IT)
    [Anonymous Symbol]                       0x0800170c   Section        0  lto-llvm-df4147.o(.text.UART_Receive_IT)
    [Anonymous Symbol]                       0x080017fc   Section        0  lto-llvm-df4147.o(.text.USART2_IRQHandler)
    [Anonymous Symbol]                       0x08001808   Section        0  lto-llvm-df4147.o(.text.USART3_IRQHandler)
    [Anonymous Symbol]                       0x08001814   Section        0  lto-llvm-df4147.o(.text.UsageFault_Handler)
    [Anonymous Symbol]                       0x08001818   Section        0  lto-llvm-df4147.o(.text.main)
    AHBPrescTable                            0x08002078   Number         0  lto-llvm-df4147.o(.text.main)
    prvAddNewTaskToReadyList                 0x080020a1   Thumb Code  1334  lto-llvm-df4147.o(.text.prvAddNewTaskToReadyList)
    [Anonymous Symbol]                       0x080020a0   Section        0  lto-llvm-df4147.o(.text.prvAddNewTaskToReadyList)
    prvIdleTask                              0x080025d9   Thumb Code   290  lto-llvm-df4147.o(.text.prvIdleTask)
    [Anonymous Symbol]                       0x080025d8   Section        0  lto-llvm-df4147.o(.text.prvIdleTask)
    prvInitialiseNewTask                     0x080026fd   Thumb Code   310  lto-llvm-df4147.o(.text.prvInitialiseNewTask)
    [Anonymous Symbol]                       0x080026fc   Section        0  lto-llvm-df4147.o(.text.prvInitialiseNewTask)
    prvPortStartFirstTask                    0x08002835   Thumb Code    40  lto-llvm-df4147.o(.text.prvPortStartFirstTask)
    [Anonymous Symbol]                       0x08002834   Section        0  lto-llvm-df4147.o(.text.prvPortStartFirstTask)
    prvTaskExitError                         0x0800285d   Thumb Code    62  lto-llvm-df4147.o(.text.prvTaskExitError)
    [Anonymous Symbol]                       0x0800285c   Section        0  lto-llvm-df4147.o(.text.prvTaskExitError)
    prvTimerTask                             0x0800289d   Thumb Code  2138  lto-llvm-df4147.o(.text.prvTimerTask)
    [Anonymous Symbol]                       0x0800289c   Section        0  lto-llvm-df4147.o(.text.prvTimerTask)
    prvUnlockQueue                           0x080030f9   Thumb Code   334  lto-llvm-df4147.o(.text.prvUnlockQueue)
    [Anonymous Symbol]                       0x080030f8   Section        0  lto-llvm-df4147.o(.text.prvUnlockQueue)
    pvPortMalloc                             0x08003249   Thumb Code   544  lto-llvm-df4147.o(.text.pvPortMalloc)
    [Anonymous Symbol]                       0x08003248   Section        0  lto-llvm-df4147.o(.text.pvPortMalloc)
    taskSendLoRa                             0x08003469   Thumb Code    80  lto-llvm-df4147.o(.text.taskSendLoRa)
    [Anonymous Symbol]                       0x08003468   Section        0  lto-llvm-df4147.o(.text.taskSendLoRa)
    vPortEnableVFP                           0x080034d5   Thumb Code    20  lto-llvm-df4147.o(.text.vPortEnableVFP)
    [Anonymous Symbol]                       0x080034d4   Section        0  lto-llvm-df4147.o(.text.vPortEnableVFP)
    vPortFree                                0x080034e9   Thumb Code   248  lto-llvm-df4147.o(.text.vPortFree)
    [Anonymous Symbol]                       0x080034e8   Section        0  lto-llvm-df4147.o(.text.vPortFree)
    vTaskDelay                               0x080035e1   Thumb Code   386  lto-llvm-df4147.o(.text.vTaskDelay)
    [Anonymous Symbol]                       0x080035e0   Section        0  lto-llvm-df4147.o(.text.vTaskDelay)
    vTaskStartScheduler                      0x08003765   Thumb Code  1352  lto-llvm-df4147.o(.text.vTaskStartScheduler)
    [Anonymous Symbol]                       0x08003764   Section        0  lto-llvm-df4147.o(.text.vTaskStartScheduler)
    __tagsym$$used.0                         0x08003cc4   Number         0  lto-llvm-df4147.o(.text.vTaskSwitchContext)
    [Anonymous Symbol]                       0x08003cc4   Section        0  lto-llvm-df4147.o(.text.vTaskSwitchContext)
    xQueueGenericSend                        0x08003d8d   Thumb Code   362  lto-llvm-df4147.o(.text.xQueueGenericSend)
    [Anonymous Symbol]                       0x08003d8c   Section        0  lto-llvm-df4147.o(.text.xQueueGenericSend)
    xQueueReceive                            0x08003ef9   Thumb Code   268  lto-llvm-df4147.o(.text.xQueueReceive)
    [Anonymous Symbol]                       0x08003ef8   Section        0  lto-llvm-df4147.o(.text.xQueueReceive)
    xTaskIncrementTick                       0x08004005   Thumb Code   434  lto-llvm-df4147.o(.text.xTaskIncrementTick)
    [Anonymous Symbol]                       0x08004004   Section        0  lto-llvm-df4147.o(.text.xTaskIncrementTick)
    xTaskPriorityDisinherit                  0x080041b9   Thumb Code   202  lto-llvm-df4147.o(.text.xTaskPriorityDisinherit)
    [Anonymous Symbol]                       0x080041b8   Section        0  lto-llvm-df4147.o(.text.xTaskPriorityDisinherit)
    xTaskRemoveFromEventList                 0x08004285   Thumb Code   242  lto-llvm-df4147.o(.text.xTaskRemoveFromEventList)
    [Anonymous Symbol]                       0x08004284   Section        0  lto-llvm-df4147.o(.text.xTaskRemoveFromEventList)
    xTaskResumeAll                           0x08004379   Thumb Code   642  lto-llvm-df4147.o(.text.xTaskResumeAll)
    [Anonymous Symbol]                       0x08004378   Section        0  lto-llvm-df4147.o(.text.xTaskResumeAll)
    $v0                                      0x080045fa   Number         0  fpinit.o(x$fpl$fpinit)
    x$fpl$fpinit                             0x080045fa   Section       26  fpinit.o(x$fpl$fpinit)
    SystemCoreClock                          0x20000000   Data           4  lto-llvm-df4147.o(.data.SystemCoreClock)
    [Anonymous Symbol]                       0x20000000   Section        0  lto-llvm-df4147.o(.data.SystemCoreClock)
    uxCriticalNesting                        0x20000004   Data           4  lto-llvm-df4147.o(.data.uxCriticalNesting)
    [Anonymous Symbol]                       0x20000004   Section        0  lto-llvm-df4147.o(.data.uxCriticalNesting)
    .bss                                     0x20000008   Section       96  libspace.o(.bss)
    KernelState                              0x20000068   Data           4  lto-llvm-df4147.o(.bss.KernelState)
    [Anonymous Symbol]                       0x20000068   Section        0  lto-llvm-df4147.o(.bss.KernelState)
    defaultTaskHandle                        0x2000006c   Data           4  lto-llvm-df4147.o(.bss.defaultTaskHandle)
    [Anonymous Symbol]                       0x2000006c   Section        0  lto-llvm-df4147.o(.bss.defaultTaskHandle)
    handleSYN6288                            0x20000070   Data           4  lto-llvm-df4147.o(.bss.handleSYN6288)
    [Anonymous Symbol]                       0x20000070   Section        0  lto-llvm-df4147.o(.bss.handleSYN6288)
    hdma_usart2_rx                           0x20000074   Data          96  lto-llvm-df4147.o(.bss.hdma_usart2_rx)
    [Anonymous Symbol]                       0x20000074   Section        0  lto-llvm-df4147.o(.bss.hdma_usart2_rx)
    hdma_usart2_tx                           0x200000d4   Data          96  lto-llvm-df4147.o(.bss.hdma_usart2_tx)
    [Anonymous Symbol]                       0x200000d4   Section        0  lto-llvm-df4147.o(.bss.hdma_usart2_tx)
    hdma_usart3_rx                           0x20000134   Data          96  lto-llvm-df4147.o(.bss.hdma_usart3_rx)
    [Anonymous Symbol]                       0x20000134   Section        0  lto-llvm-df4147.o(.bss.hdma_usart3_rx)
    hdma_usart3_tx                           0x20000194   Data          96  lto-llvm-df4147.o(.bss.hdma_usart3_tx)
    [Anonymous Symbol]                       0x20000194   Section        0  lto-llvm-df4147.o(.bss.hdma_usart3_tx)
    huart2                                   0x200001f4   Data          68  lto-llvm-df4147.o(.bss.huart2)
    [Anonymous Symbol]                       0x200001f4   Section        0  lto-llvm-df4147.o(.bss.huart2)
    huart3                                   0x20000238   Data          68  lto-llvm-df4147.o(.bss.huart3)
    [Anonymous Symbol]                       0x20000238   Section        0  lto-llvm-df4147.o(.bss.huart3)
    prvCheckForValidListAndQueue.ucStaticTimerQueueStorage 0x2000027c   Data         160  lto-llvm-df4147.o(.bss.prvCheckForValidListAndQueue.ucStaticTimerQueueStorage)
    [Anonymous Symbol]                       0x2000027c   Section        0  lto-llvm-df4147.o(.bss.prvCheckForValidListAndQueue.ucStaticTimerQueueStorage)
    prvCheckForValidListAndQueue.xStaticTimerQueue 0x2000031c   Data          80  lto-llvm-df4147.o(.bss.prvCheckForValidListAndQueue.xStaticTimerQueue)
    [Anonymous Symbol]                       0x2000031c   Section        0  lto-llvm-df4147.o(.bss.prvCheckForValidListAndQueue.xStaticTimerQueue)
    prvSampleTimeNow.xLastTime               0x2000036c   Data           4  lto-llvm-df4147.o(.bss.prvSampleTimeNow.xLastTime)
    [Anonymous Symbol]                       0x2000036c   Section        0  lto-llvm-df4147.o(.bss.prvSampleTimeNow.xLastTime)
    pxCurrentTCB                             0x20000370   Data           4  lto-llvm-df4147.o(.bss.pxCurrentTCB)
    [Anonymous Symbol]                       0x20000370   Section        0  lto-llvm-df4147.o(.bss.pxCurrentTCB)
    pxCurrentTimerList                       0x20000374   Data           4  lto-llvm-df4147.o(.bss.pxCurrentTimerList)
    [Anonymous Symbol]                       0x20000374   Section        0  lto-llvm-df4147.o(.bss.pxCurrentTimerList)
    pxDelayedTaskList                        0x20000378   Data           4  lto-llvm-df4147.o(.bss.pxDelayedTaskList)
    [Anonymous Symbol]                       0x20000378   Section        0  lto-llvm-df4147.o(.bss.pxDelayedTaskList)
    pxEnd                                    0x2000037c   Data           4  lto-llvm-df4147.o(.bss.pxEnd)
    [Anonymous Symbol]                       0x2000037c   Section        0  lto-llvm-df4147.o(.bss.pxEnd)
    pxOverflowDelayedTaskList                0x20000380   Data           4  lto-llvm-df4147.o(.bss.pxOverflowDelayedTaskList)
    [Anonymous Symbol]                       0x20000380   Section        0  lto-llvm-df4147.o(.bss.pxOverflowDelayedTaskList)
    pxOverflowTimerList                      0x20000384   Data           4  lto-llvm-df4147.o(.bss.pxOverflowTimerList)
    [Anonymous Symbol]                       0x20000384   Section        0  lto-llvm-df4147.o(.bss.pxOverflowTimerList)
    pxReadyTasksLists                        0x20000388   Data        1120  lto-llvm-df4147.o(.bss.pxReadyTasksLists)
    [Anonymous Symbol]                       0x20000388   Section        0  lto-llvm-df4147.o(.bss.pxReadyTasksLists)
    queueMode                                0x200007e8   Data           4  lto-llvm-df4147.o(.bss.queueMode)
    [Anonymous Symbol]                       0x200007e8   Section        0  lto-llvm-df4147.o(.bss.queueMode)
    ucHeap                                   0x200007ec   Data       15360  lto-llvm-df4147.o(.bss.ucHeap)
    [Anonymous Symbol]                       0x200007ec   Section        0  lto-llvm-df4147.o(.bss.ucHeap)
    ucMaxSysCallPriority                     0x200043ec   Data           1  lto-llvm-df4147.o(.bss.ucMaxSysCallPriority)
    [Anonymous Symbol]                       0x200043ec   Section        0  lto-llvm-df4147.o(.bss.ucMaxSysCallPriority)
    ulMaxPRIGROUPValue                       0x200043f0   Data           4  lto-llvm-df4147.o(.bss.ulMaxPRIGROUPValue)
    [Anonymous Symbol]                       0x200043f0   Section        0  lto-llvm-df4147.o(.bss.ulMaxPRIGROUPValue)
    uwTick                                   0x200043f4   Data           4  lto-llvm-df4147.o(.bss.uwTick)
    [Anonymous Symbol]                       0x200043f4   Section        0  lto-llvm-df4147.o(.bss.uwTick)
    uwTickPrio                               0x200043f8   Data           1  lto-llvm-df4147.o(.bss.uwTickPrio)
    [Anonymous Symbol]                       0x200043f8   Section        0  lto-llvm-df4147.o(.bss.uwTickPrio)
    uxCurrentNumberOfTasks                   0x200043fc   Data           4  lto-llvm-df4147.o(.bss.uxCurrentNumberOfTasks)
    [Anonymous Symbol]                       0x200043fc   Section        0  lto-llvm-df4147.o(.bss.uxCurrentNumberOfTasks)
    uxDeletedTasksWaitingCleanUp             0x20004400   Data           4  lto-llvm-df4147.o(.bss.uxDeletedTasksWaitingCleanUp)
    [Anonymous Symbol]                       0x20004400   Section        0  lto-llvm-df4147.o(.bss.uxDeletedTasksWaitingCleanUp)
    uxSchedulerSuspended                     0x20004404   Data           4  lto-llvm-df4147.o(.bss.uxSchedulerSuspended)
    [Anonymous Symbol]                       0x20004404   Section        0  lto-llvm-df4147.o(.bss.uxSchedulerSuspended)
    uxTaskNumber                             0x20004408   Data           4  lto-llvm-df4147.o(.bss.uxTaskNumber)
    [Anonymous Symbol]                       0x20004408   Section        0  lto-llvm-df4147.o(.bss.uxTaskNumber)
    uxTopReadyPriority                       0x2000440c   Data           4  lto-llvm-df4147.o(.bss.uxTopReadyPriority)
    [Anonymous Symbol]                       0x2000440c   Section        0  lto-llvm-df4147.o(.bss.uxTopReadyPriority)
    vApplicationGetIdleTaskMemory.Idle_Stack 0x20004410   Data         512  lto-llvm-df4147.o(.bss.vApplicationGetIdleTaskMemory.Idle_Stack)
    [Anonymous Symbol]                       0x20004410   Section        0  lto-llvm-df4147.o(.bss.vApplicationGetIdleTaskMemory.Idle_Stack)
    vApplicationGetIdleTaskMemory.Idle_TCB   0x20004610   Data          92  lto-llvm-df4147.o(.bss.vApplicationGetIdleTaskMemory.Idle_TCB)
    [Anonymous Symbol]                       0x20004610   Section        0  lto-llvm-df4147.o(.bss.vApplicationGetIdleTaskMemory.Idle_TCB)
    vApplicationGetTimerTaskMemory.Timer_Stack 0x2000466c   Data        1024  lto-llvm-df4147.o(.bss.vApplicationGetTimerTaskMemory.Timer_Stack)
    [Anonymous Symbol]                       0x2000466c   Section        0  lto-llvm-df4147.o(.bss.vApplicationGetTimerTaskMemory.Timer_Stack)
    vApplicationGetTimerTaskMemory.Timer_TCB 0x20004a6c   Data          92  lto-llvm-df4147.o(.bss.vApplicationGetTimerTaskMemory.Timer_TCB)
    [Anonymous Symbol]                       0x20004a6c   Section        0  lto-llvm-df4147.o(.bss.vApplicationGetTimerTaskMemory.Timer_TCB)
    xActiveTimerList1                        0x20004ac8   Data          20  lto-llvm-df4147.o(.bss.xActiveTimerList1)
    [Anonymous Symbol]                       0x20004ac8   Section        0  lto-llvm-df4147.o(.bss.xActiveTimerList1)
    xActiveTimerList2                        0x20004adc   Data          20  lto-llvm-df4147.o(.bss.xActiveTimerList2)
    [Anonymous Symbol]                       0x20004adc   Section        0  lto-llvm-df4147.o(.bss.xActiveTimerList2)
    xBlockAllocatedBit                       0x20004af0   Data           1  lto-llvm-df4147.o(.bss.xBlockAllocatedBit)
    [Anonymous Symbol]                       0x20004af0   Section        0  lto-llvm-df4147.o(.bss.xBlockAllocatedBit)
    xDelayedTaskList1                        0x20004af4   Data          20  lto-llvm-df4147.o(.bss.xDelayedTaskList1)
    [Anonymous Symbol]                       0x20004af4   Section        0  lto-llvm-df4147.o(.bss.xDelayedTaskList1)
    xDelayedTaskList2                        0x20004b08   Data          20  lto-llvm-df4147.o(.bss.xDelayedTaskList2)
    [Anonymous Symbol]                       0x20004b08   Section        0  lto-llvm-df4147.o(.bss.xDelayedTaskList2)
    xFreeBytesRemaining                      0x20004b1c   Data           4  lto-llvm-df4147.o(.bss.xFreeBytesRemaining)
    [Anonymous Symbol]                       0x20004b1c   Section        0  lto-llvm-df4147.o(.bss.xFreeBytesRemaining)
    xIdleTaskHandle                          0x20004b20   Data           4  lto-llvm-df4147.o(.bss.xIdleTaskHandle)
    [Anonymous Symbol]                       0x20004b20   Section        0  lto-llvm-df4147.o(.bss.xIdleTaskHandle)
    xMinimumEverFreeBytesRemaining           0x20004b24   Data           4  lto-llvm-df4147.o(.bss.xMinimumEverFreeBytesRemaining)
    [Anonymous Symbol]                       0x20004b24   Section        0  lto-llvm-df4147.o(.bss.xMinimumEverFreeBytesRemaining)
    xNextTaskUnblockTime                     0x20004b28   Data           4  lto-llvm-df4147.o(.bss.xNextTaskUnblockTime)
    [Anonymous Symbol]                       0x20004b28   Section        0  lto-llvm-df4147.o(.bss.xNextTaskUnblockTime)
    xNumOfOverflows                          0x20004b2c   Data           4  lto-llvm-df4147.o(.bss.xNumOfOverflows)
    [Anonymous Symbol]                       0x20004b2c   Section        0  lto-llvm-df4147.o(.bss.xNumOfOverflows)
    xNumberOfSuccessfulAllocations           0x20004b30   Data           4  lto-llvm-df4147.o(.bss.xNumberOfSuccessfulAllocations)
    [Anonymous Symbol]                       0x20004b30   Section        0  lto-llvm-df4147.o(.bss.xNumberOfSuccessfulAllocations)
    xNumberOfSuccessfulFrees                 0x20004b34   Data           4  lto-llvm-df4147.o(.bss.xNumberOfSuccessfulFrees)
    [Anonymous Symbol]                       0x20004b34   Section        0  lto-llvm-df4147.o(.bss.xNumberOfSuccessfulFrees)
    xPendedTicks                             0x20004b38   Data           4  lto-llvm-df4147.o(.bss.xPendedTicks)
    [Anonymous Symbol]                       0x20004b38   Section        0  lto-llvm-df4147.o(.bss.xPendedTicks)
    xPendingReadyList                        0x20004b3c   Data          20  lto-llvm-df4147.o(.bss.xPendingReadyList)
    [Anonymous Symbol]                       0x20004b3c   Section        0  lto-llvm-df4147.o(.bss.xPendingReadyList)
    xQueueRegistry                           0x20004b50   Data          64  lto-llvm-df4147.o(.bss.xQueueRegistry)
    [Anonymous Symbol]                       0x20004b50   Section        0  lto-llvm-df4147.o(.bss.xQueueRegistry)
    xSchedulerRunning                        0x20004b90   Data           4  lto-llvm-df4147.o(.bss.xSchedulerRunning)
    [Anonymous Symbol]                       0x20004b90   Section        0  lto-llvm-df4147.o(.bss.xSchedulerRunning)
    xStart                                   0x20004b94   Data           8  lto-llvm-df4147.o(.bss.xStart)
    [Anonymous Symbol]                       0x20004b94   Section        0  lto-llvm-df4147.o(.bss.xStart)
    xSuspendedTaskList                       0x20004b9c   Data          20  lto-llvm-df4147.o(.bss.xSuspendedTaskList)
    [Anonymous Symbol]                       0x20004b9c   Section        0  lto-llvm-df4147.o(.bss.xSuspendedTaskList)
    xTasksWaitingTermination                 0x20004bb0   Data          20  lto-llvm-df4147.o(.bss.xTasksWaitingTermination)
    [Anonymous Symbol]                       0x20004bb0   Section        0  lto-llvm-df4147.o(.bss.xTasksWaitingTermination)
    xTickCount                               0x20004bc4   Data           4  lto-llvm-df4147.o(.bss.xTickCount)
    [Anonymous Symbol]                       0x20004bc4   Section        0  lto-llvm-df4147.o(.bss.xTickCount)
    xTimerQueue                              0x20004bc8   Data           4  lto-llvm-df4147.o(.bss.xTimerQueue)
    [Anonymous Symbol]                       0x20004bc8   Section        0  lto-llvm-df4147.o(.bss.xTimerQueue)
    xTimerTaskHandle                         0x20004bcc   Data           4  lto-llvm-df4147.o(.bss.xTimerTaskHandle)
    [Anonymous Symbol]                       0x20004bcc   Section        0  lto-llvm-df4147.o(.bss.xTimerTaskHandle)
    xYieldPending                            0x20004bd0   Data           4  lto-llvm-df4147.o(.bss.xYieldPending)
    [Anonymous Symbol]                       0x20004bd0   Section        0  lto-llvm-df4147.o(.bss.xYieldPending)
    Heap_Mem                                 0x20004bd8   Data         512  startup_stm32f429xx.o(HEAP)
    HEAP                                     0x20004bd8   Section      512  startup_stm32f429xx.o(HEAP)
    Stack_Mem                                0x20004dd8   Data        1024  startup_stm32f429xx.o(STACK)
    STACK                                    0x20004dd8   Section     1024  startup_stm32f429xx.o(STACK)
    __initial_sp                             0x200051d8   Data           0  startup_stm32f429xx.o(STACK)

    Global Symbols

    Symbol Name                              Value     Ov Type        Size  Object(Section)

    BuildAttributes$$THM_ISAv4$E$P$D$K$B$S$7EM$VFPi3$EXTD16$VFPS$VFMA$PE$A:L22UL41UL21$X:L11$S22US41US21$IEEE1$IW$~IW$USESV6$~STKCKD$USESV7$~SHL$OTIME$ROPI$IEEEF$EBA8$UX$STANDARDLIB$REQ8$PRES8$EABIv2 0x00000000   Number         0  anon$$obj.o ABSOLUTE
    __ARM_exceptions_init                     - Undefined Weak Reference
    __alloca_initialize                       - Undefined Weak Reference
    __arm_preinit_                            - Undefined Weak Reference
    __arm_relocate_pie_                       - Undefined Weak Reference
    __cpp_initialize__aeabi_                  - Undefined Weak Reference
    __cxa_finalize                            - Undefined Weak Reference
    __rt_locale                               - Undefined Weak Reference
    __sigvec_lookup                           - Undefined Weak Reference
    _atexit_init                              - Undefined Weak Reference
    _call_atexit_fns                          - Undefined Weak Reference
    _clock_init                               - Undefined Weak Reference
    _fp_trap_init                             - Undefined Weak Reference
    _fp_trap_shutdown                         - Undefined Weak Reference
    _get_lc_collate                           - Undefined Weak Reference
    _get_lc_ctype                             - Undefined Weak Reference
    _get_lc_monetary                          - Undefined Weak Reference
    _get_lc_numeric                           - Undefined Weak Reference
    _get_lc_time                              - Undefined Weak Reference
    _getenv_init                              - Undefined Weak Reference
    _handle_redirection                       - Undefined Weak Reference
    _init_alloc                               - Undefined Weak Reference
    _init_user_alloc                          - Undefined Weak Reference
    _initio                                   - Undefined Weak Reference
    _rand_init                                - Undefined Weak Reference
    _signal_finish                            - Undefined Weak Reference
    _signal_init                              - Undefined Weak Reference
    _terminate_alloc                          - Undefined Weak Reference
    _terminate_user_alloc                     - Undefined Weak Reference
    _terminateio                              - Undefined Weak Reference
    __Vectors_Size                           0x000001ac   Number         0  startup_stm32f429xx.o ABSOLUTE
    __Vectors                                0x08000000   Data           4  startup_stm32f429xx.o(RESET)
    __Vectors_End                            0x080001ac   Data           0  startup_stm32f429xx.o(RESET)
    __main                                   0x080001ad   Thumb Code     8  __main.o(!!!main)
    __scatterload                            0x080001b5   Thumb Code     0  __scatter.o(!!!scatter)
    __scatterload_rt2                        0x080001b5   Thumb Code    44  __scatter.o(!!!scatter)
    __scatterload_rt2_thumb_only             0x080001b5   Thumb Code     0  __scatter.o(!!!scatter)
    __scatterload_null                       0x080001c3   Thumb Code     0  __scatter.o(!!!scatter)
    __scatterload_copy                       0x080001e9   Thumb Code    26  __scatter_copy.o(!!handler_copy)
    __scatterload_zeroinit                   0x08000205   Thumb Code    28  __scatter_zi.o(!!handler_zi)
    __rt_lib_init                            0x08000221   Thumb Code     0  libinit.o(.ARM.Collect$$libinit$$00000000)
    __rt_lib_init_fp_1                       0x08000223   Thumb Code     0  libinit2.o(.ARM.Collect$$libinit$$00000001)
    __rt_lib_init_alloca_1                   0x08000227   Thumb Code     0  libinit2.o(.ARM.Collect$$libinit$$00000030)
    __rt_lib_init_argv_1                     0x08000227   Thumb Code     0  libinit2.o(.ARM.Collect$$libinit$$0000002E)
    __rt_lib_init_atexit_1                   0x08000227   Thumb Code     0  libinit2.o(.ARM.Collect$$libinit$$0000001D)
    __rt_lib_init_clock_1                    0x08000227   Thumb Code     0  libinit2.o(.ARM.Collect$$libinit$$00000023)
    __rt_lib_init_cpp_1                      0x08000227   Thumb Code     0  libinit2.o(.ARM.Collect$$libinit$$00000034)
    __rt_lib_init_exceptions_1               0x08000227   Thumb Code     0  libinit2.o(.ARM.Collect$$libinit$$00000032)
    __rt_lib_init_fp_trap_1                  0x08000227   Thumb Code     0  libinit2.o(.ARM.Collect$$libinit$$00000021)
    __rt_lib_init_getenv_1                   0x08000227   Thumb Code     0  libinit2.o(.ARM.Collect$$libinit$$00000025)
    __rt_lib_init_heap_1                     0x08000227   Thumb Code     0  libinit2.o(.ARM.Collect$$libinit$$0000000C)
    __rt_lib_init_lc_collate_1               0x08000227   Thumb Code     0  libinit2.o(.ARM.Collect$$libinit$$00000013)
    __rt_lib_init_lc_ctype_1                 0x08000227   Thumb Code     0  libinit2.o(.ARM.Collect$$libinit$$00000015)
    __rt_lib_init_lc_monetary_1              0x08000227   Thumb Code     0  libinit2.o(.ARM.Collect$$libinit$$00000017)
    __rt_lib_init_lc_numeric_1               0x08000227   Thumb Code     0  libinit2.o(.ARM.Collect$$libinit$$00000019)
    __rt_lib_init_lc_time_1                  0x08000227   Thumb Code     0  libinit2.o(.ARM.Collect$$libinit$$0000001B)
    __rt_lib_init_preinit_1                  0x08000227   Thumb Code     0  libinit2.o(.ARM.Collect$$libinit$$00000006)
    __rt_lib_init_rand_1                     0x08000227   Thumb Code     0  libinit2.o(.ARM.Collect$$libinit$$00000010)
    __rt_lib_init_relocate_pie_1             0x08000227   Thumb Code     0  libinit2.o(.ARM.Collect$$libinit$$00000004)
    __rt_lib_init_return                     0x08000227   Thumb Code     0  libinit2.o(.ARM.Collect$$libinit$$00000035)
    __rt_lib_init_signal_1                   0x08000227   Thumb Code     0  libinit2.o(.ARM.Collect$$libinit$$0000001F)
    __rt_lib_init_stdio_1                    0x08000227   Thumb Code     0  libinit2.o(.ARM.Collect$$libinit$$00000027)
    __rt_lib_init_user_alloc_1               0x08000227   Thumb Code     0  libinit2.o(.ARM.Collect$$libinit$$0000000E)
    __rt_lib_shutdown                        0x08000229   Thumb Code     0  libshutdown.o(.ARM.Collect$$libshutdown$$00000000)
    __rt_lib_shutdown_cpp_1                  0x0800022b   Thumb Code     0  libshutdown2.o(.ARM.Collect$$libshutdown$$00000002)
    __rt_lib_shutdown_fp_trap_1              0x0800022b   Thumb Code     0  libshutdown2.o(.ARM.Collect$$libshutdown$$00000007)
    __rt_lib_shutdown_heap_1                 0x0800022b   Thumb Code     0  libshutdown2.o(.ARM.Collect$$libshutdown$$0000000F)
    __rt_lib_shutdown_return                 0x0800022b   Thumb Code     0  libshutdown2.o(.ARM.Collect$$libshutdown$$00000010)
    __rt_lib_shutdown_signal_1               0x0800022b   Thumb Code     0  libshutdown2.o(.ARM.Collect$$libshutdown$$0000000A)
    __rt_lib_shutdown_stdio_1                0x0800022b   Thumb Code     0  libshutdown2.o(.ARM.Collect$$libshutdown$$00000004)
    __rt_lib_shutdown_user_alloc_1           0x0800022b   Thumb Code     0  libshutdown2.o(.ARM.Collect$$libshutdown$$0000000C)
    __rt_entry                               0x0800022d   Thumb Code     0  __rtentry.o(.ARM.Collect$$rtentry$$00000000)
    __rt_entry_presh_1                       0x0800022d   Thumb Code     0  __rtentry2.o(.ARM.Collect$$rtentry$$00000002)
    __rt_entry_sh                            0x0800022d   Thumb Code     0  __rtentry4.o(.ARM.Collect$$rtentry$$00000004)
    __rt_entry_li                            0x08000233   Thumb Code     0  __rtentry2.o(.ARM.Collect$$rtentry$$0000000A)
    __rt_entry_postsh_1                      0x08000233   Thumb Code     0  __rtentry2.o(.ARM.Collect$$rtentry$$00000009)
    __rt_entry_main                          0x08000237   Thumb Code     0  __rtentry2.o(.ARM.Collect$$rtentry$$0000000D)
    __rt_entry_postli_1                      0x08000237   Thumb Code     0  __rtentry2.o(.ARM.Collect$$rtentry$$0000000C)
    __rt_exit                                0x0800023f   Thumb Code     0  rtexit.o(.ARM.Collect$$rtexit$$00000000)
    __rt_exit_ls                             0x08000241   Thumb Code     0  rtexit2.o(.ARM.Collect$$rtexit$$00000003)
    __rt_exit_prels_1                        0x08000241   Thumb Code     0  rtexit2.o(.ARM.Collect$$rtexit$$00000002)
    __rt_exit_exit                           0x08000245   Thumb Code     0  rtexit2.o(.ARM.Collect$$rtexit$$00000004)
    Reset_Handler                            0x0800024d   Thumb Code     8  startup_stm32f429xx.o(.text)
    ADC_IRQHandler                           0x08000267   Thumb Code     0  startup_stm32f429xx.o(.text)
    CAN1_RX0_IRQHandler                      0x08000267   Thumb Code     0  startup_stm32f429xx.o(.text)
    CAN1_RX1_IRQHandler                      0x08000267   Thumb Code     0  startup_stm32f429xx.o(.text)
    CAN1_SCE_IRQHandler                      0x08000267   Thumb Code     0  startup_stm32f429xx.o(.text)
    CAN1_TX_IRQHandler                       0x08000267   Thumb Code     0  startup_stm32f429xx.o(.text)
    CAN2_RX0_IRQHandler                      0x08000267   Thumb Code     0  startup_stm32f429xx.o(.text)
    CAN2_RX1_IRQHandler                      0x08000267   Thumb Code     0  startup_stm32f429xx.o(.text)
    CAN2_SCE_IRQHandler                      0x08000267   Thumb Code     0  startup_stm32f429xx.o(.text)
    CAN2_TX_IRQHandler                       0x08000267   Thumb Code     0  startup_stm32f429xx.o(.text)
    DCMI_IRQHandler                          0x08000267   Thumb Code     0  startup_stm32f429xx.o(.text)
    DMA1_Stream0_IRQHandler                  0x08000267   Thumb Code     0  startup_stm32f429xx.o(.text)
    DMA1_Stream2_IRQHandler                  0x08000267   Thumb Code     0  startup_stm32f429xx.o(.text)
    DMA1_Stream4_IRQHandler                  0x08000267   Thumb Code     0  startup_stm32f429xx.o(.text)
    DMA1_Stream7_IRQHandler                  0x08000267   Thumb Code     0  startup_stm32f429xx.o(.text)
    DMA2D_IRQHandler                         0x08000267   Thumb Code     0  startup_stm32f429xx.o(.text)
    DMA2_Stream0_IRQHandler                  0x08000267   Thumb Code     0  startup_stm32f429xx.o(.text)
    DMA2_Stream1_IRQHandler                  0x08000267   Thumb Code     0  startup_stm32f429xx.o(.text)
    DMA2_Stream2_IRQHandler                  0x08000267   Thumb Code     0  startup_stm32f429xx.o(.text)
    DMA2_Stream3_IRQHandler                  0x08000267   Thumb Code     0  startup_stm32f429xx.o(.text)
    DMA2_Stream4_IRQHandler                  0x08000267   Thumb Code     0  startup_stm32f429xx.o(.text)
    DMA2_Stream5_IRQHandler                  0x08000267   Thumb Code     0  startup_stm32f429xx.o(.text)
    DMA2_Stream6_IRQHandler                  0x08000267   Thumb Code     0  startup_stm32f429xx.o(.text)
    DMA2_Stream7_IRQHandler                  0x08000267   Thumb Code     0  startup_stm32f429xx.o(.text)
    ETH_IRQHandler                           0x08000267   Thumb Code     0  startup_stm32f429xx.o(.text)
    ETH_WKUP_IRQHandler                      0x08000267   Thumb Code     0  startup_stm32f429xx.o(.text)
    EXTI0_IRQHandler                         0x08000267   Thumb Code     0  startup_stm32f429xx.o(.text)
    EXTI15_10_IRQHandler                     0x08000267   Thumb Code     0  startup_stm32f429xx.o(.text)
    EXTI1_IRQHandler                         0x08000267   Thumb Code     0  startup_stm32f429xx.o(.text)
    EXTI2_IRQHandler                         0x08000267   Thumb Code     0  startup_stm32f429xx.o(.text)
    EXTI9_5_IRQHandler                       0x08000267   Thumb Code     0  startup_stm32f429xx.o(.text)
    FLASH_IRQHandler                         0x08000267   Thumb Code     0  startup_stm32f429xx.o(.text)
    FMC_IRQHandler                           0x08000267   Thumb Code     0  startup_stm32f429xx.o(.text)
    FPU_IRQHandler                           0x08000267   Thumb Code     0  startup_stm32f429xx.o(.text)
    HASH_RNG_IRQHandler                      0x08000267   Thumb Code     0  startup_stm32f429xx.o(.text)
    I2C1_ER_IRQHandler                       0x08000267   Thumb Code     0  startup_stm32f429xx.o(.text)
    I2C1_EV_IRQHandler                       0x08000267   Thumb Code     0  startup_stm32f429xx.o(.text)
    I2C2_ER_IRQHandler                       0x08000267   Thumb Code     0  startup_stm32f429xx.o(.text)
    I2C2_EV_IRQHandler                       0x08000267   Thumb Code     0  startup_stm32f429xx.o(.text)
    I2C3_ER_IRQHandler                       0x08000267   Thumb Code     0  startup_stm32f429xx.o(.text)
    I2C3_EV_IRQHandler                       0x08000267   Thumb Code     0  startup_stm32f429xx.o(.text)
    LTDC_ER_IRQHandler                       0x08000267   Thumb Code     0  startup_stm32f429xx.o(.text)
    LTDC_IRQHandler                          0x08000267   Thumb Code     0  startup_stm32f429xx.o(.text)
    OTG_FS_IRQHandler                        0x08000267   Thumb Code     0  startup_stm32f429xx.o(.text)
    OTG_FS_WKUP_IRQHandler                   0x08000267   Thumb Code     0  startup_stm32f429xx.o(.text)
    OTG_HS_EP1_IN_IRQHandler                 0x08000267   Thumb Code     0  startup_stm32f429xx.o(.text)
    OTG_HS_EP1_OUT_IRQHandler                0x08000267   Thumb Code     0  startup_stm32f429xx.o(.text)
    OTG_HS_IRQHandler                        0x08000267   Thumb Code     0  startup_stm32f429xx.o(.text)
    OTG_HS_WKUP_IRQHandler                   0x08000267   Thumb Code     0  startup_stm32f429xx.o(.text)
    PVD_IRQHandler                           0x08000267   Thumb Code     0  startup_stm32f429xx.o(.text)
    RCC_IRQHandler                           0x08000267   Thumb Code     0  startup_stm32f429xx.o(.text)
    RTC_Alarm_IRQHandler                     0x08000267   Thumb Code     0  startup_stm32f429xx.o(.text)
    RTC_WKUP_IRQHandler                      0x08000267   Thumb Code     0  startup_stm32f429xx.o(.text)
    SAI1_IRQHandler                          0x08000267   Thumb Code     0  startup_stm32f429xx.o(.text)
    SDIO_IRQHandler                          0x08000267   Thumb Code     0  startup_stm32f429xx.o(.text)
    SPI1_IRQHandler                          0x08000267   Thumb Code     0  startup_stm32f429xx.o(.text)
    SPI2_IRQHandler                          0x08000267   Thumb Code     0  startup_stm32f429xx.o(.text)
    SPI3_IRQHandler                          0x08000267   Thumb Code     0  startup_stm32f429xx.o(.text)
    SPI4_IRQHandler                          0x08000267   Thumb Code     0  startup_stm32f429xx.o(.text)
    SPI5_IRQHandler                          0x08000267   Thumb Code     0  startup_stm32f429xx.o(.text)
    SPI6_IRQHandler                          0x08000267   Thumb Code     0  startup_stm32f429xx.o(.text)
    TAMP_STAMP_IRQHandler                    0x08000267   Thumb Code     0  startup_stm32f429xx.o(.text)
    TIM1_BRK_TIM9_IRQHandler                 0x08000267   Thumb Code     0  startup_stm32f429xx.o(.text)
    TIM1_CC_IRQHandler                       0x08000267   Thumb Code     0  startup_stm32f429xx.o(.text)
    TIM1_TRG_COM_TIM11_IRQHandler            0x08000267   Thumb Code     0  startup_stm32f429xx.o(.text)
    TIM1_UP_TIM10_IRQHandler                 0x08000267   Thumb Code     0  startup_stm32f429xx.o(.text)
    TIM2_IRQHandler                          0x08000267   Thumb Code     0  startup_stm32f429xx.o(.text)
    TIM3_IRQHandler                          0x08000267   Thumb Code     0  startup_stm32f429xx.o(.text)
    TIM4_IRQHandler                          0x08000267   Thumb Code     0  startup_stm32f429xx.o(.text)
    TIM5_IRQHandler                          0x08000267   Thumb Code     0  startup_stm32f429xx.o(.text)
    TIM6_DAC_IRQHandler                      0x08000267   Thumb Code     0  startup_stm32f429xx.o(.text)
    TIM7_IRQHandler                          0x08000267   Thumb Code     0  startup_stm32f429xx.o(.text)
    TIM8_BRK_TIM12_IRQHandler                0x08000267   Thumb Code     0  startup_stm32f429xx.o(.text)
    TIM8_CC_IRQHandler                       0x08000267   Thumb Code     0  startup_stm32f429xx.o(.text)
    TIM8_TRG_COM_TIM14_IRQHandler            0x08000267   Thumb Code     0  startup_stm32f429xx.o(.text)
    TIM8_UP_TIM13_IRQHandler                 0x08000267   Thumb Code     0  startup_stm32f429xx.o(.text)
    UART4_IRQHandler                         0x08000267   Thumb Code     0  startup_stm32f429xx.o(.text)
    UART5_IRQHandler                         0x08000267   Thumb Code     0  startup_stm32f429xx.o(.text)
    UART7_IRQHandler                         0x08000267   Thumb Code     0  startup_stm32f429xx.o(.text)
    UART8_IRQHandler                         0x08000267   Thumb Code     0  startup_stm32f429xx.o(.text)
    USART1_IRQHandler                        0x08000267   Thumb Code     0  startup_stm32f429xx.o(.text)
    USART6_IRQHandler                        0x08000267   Thumb Code     0  startup_stm32f429xx.o(.text)
    WWDG_IRQHandler                          0x08000267   Thumb Code     0  startup_stm32f429xx.o(.text)
    __user_initial_stackheap                 0x08000269   Thumb Code     0  startup_stm32f429xx.o(.text)
    __use_two_region_memory                  0x0800028d   Thumb Code     2  heapauxi.o(.text)
    __rt_heap_escrow$2region                 0x0800028f   Thumb Code     2  heapauxi.o(.text)
    __rt_heap_expand$2region                 0x08000291   Thumb Code     2  heapauxi.o(.text)
    __user_setup_stackheap                   0x08000293   Thumb Code    74  sys_stackheap_outer.o(.text)
    exit                                     0x080002dd   Thumb Code    18  exit.o(.text)
    __user_libspace                          0x080002f1   Thumb Code     8  libspace.o(.text)
    __user_perproc_libspace                  0x080002f1   Thumb Code     0  libspace.o(.text)
    __user_perthread_libspace                0x080002f1   Thumb Code     0  libspace.o(.text)
    _sys_exit                                0x080002f9   Thumb Code     8  sys_exit.o(.text)
    __I$use$semihosting                      0x08000305   Thumb Code     0  use_no_semi.o(.text)
    __use_no_semihosting_swi                 0x08000305   Thumb Code     2  use_no_semi.o(.text)
    __aeabi_uldivmod                         0x08000307   Thumb Code     0  lludivv7m.o(.text)
    __semihosting_library_function           0x08000307   Thumb Code     0  indicate_semi.o(.text)
    _ll_udiv                                 0x08000307   Thumb Code   240  lludivv7m.o(.text)
    __aeabi_memcpy                           0x080003f7   Thumb Code     0  rt_memcpy_v6.o(.text)
    __rt_memcpy                              0x080003f7   Thumb Code   138  rt_memcpy_v6.o(.text)
    _memcpy_lastbytes                        0x0800045d   Thumb Code     0  rt_memcpy_v6.o(.text)
    __aeabi_memset4                          0x08000481   Thumb Code    16  aeabi_memset4.o(.text)
    __aeabi_memset8                          0x08000481   Thumb Code     0  aeabi_memset4.o(.text)
    __aeabi_memcpy4                          0x08000491   Thumb Code     0  rt_memcpy_w.o(.text)
    __aeabi_memcpy8                          0x08000491   Thumb Code     0  rt_memcpy_w.o(.text)
    __rt_memcpy_w                            0x08000491   Thumb Code   100  rt_memcpy_w.o(.text)
    _memcpy_lastbytes_aligned                0x080004d9   Thumb Code     0  rt_memcpy_w.o(.text)
    __aeabi_memclr4                          0x080004f5   Thumb Code     0  rt_memclr_w.o(.text)
    __aeabi_memclr8                          0x080004f5   Thumb Code     0  rt_memclr_w.o(.text)
    __rt_memclr_w                            0x080004f5   Thumb Code     0  rt_memclr_w.o(.text)
    _memset_w                                0x080004f9   Thumb Code    74  rt_memclr_w.o(.text)
    BusFault_Handler                         0x08000545   Thumb Code     2  lto-llvm-df4147.o(.text.BusFault_Handler)
    DMA1_Stream1_IRQHandler                  0x08000549   Thumb Code    12  lto-llvm-df4147.o(.text.DMA1_Stream1_IRQHandler)
    DMA1_Stream3_IRQHandler                  0x08000555   Thumb Code    12  lto-llvm-df4147.o(.text.DMA1_Stream3_IRQHandler)
    DMA1_Stream5_IRQHandler                  0x08000561   Thumb Code    12  lto-llvm-df4147.o(.text.DMA1_Stream5_IRQHandler)
    DMA1_Stream6_IRQHandler                  0x0800056d   Thumb Code    12  lto-llvm-df4147.o(.text.DMA1_Stream6_IRQHandler)
    DebugMon_Handler                         0x08000579   Thumb Code     2  lto-llvm-df4147.o(.text.DebugMon_Handler)
    EXTI3_IRQHandler                         0x0800057d   Thumb Code     6  lto-llvm-df4147.o(.text.EXTI3_IRQHandler)
    EXTI4_IRQHandler                         0x08000585   Thumb Code     6  lto-llvm-df4147.o(.text.EXTI4_IRQHandler)
    HardFault_Handler                        0x080015d9   Thumb Code     2  lto-llvm-df4147.o(.text.HardFault_Handler)
    MemManage_Handler                        0x080015dd   Thumb Code     2  lto-llvm-df4147.o(.text.MemManage_Handler)
    NMI_Handler                              0x080015e1   Thumb Code     2  lto-llvm-df4147.o(.text.NMI_Handler)
    PendSV_Handler                           0x080015f1   Thumb Code   100  lto-llvm-df4147.o(.text.PendSV_Handler)
    SVC_Handler                              0x08001661   Thumb Code    36  lto-llvm-df4147.o(.text.SVC_Handler)
    SysTick_Handler                          0x08001695   Thumb Code    86  lto-llvm-df4147.o(.text.SysTick_Handler)
    SystemInit                               0x080016ed   Thumb Code    18  lto-llvm-df4147.o(.text.SystemInit)
    USART2_IRQHandler                        0x080017fd   Thumb Code    12  lto-llvm-df4147.o(.text.USART2_IRQHandler)
    USART3_IRQHandler                        0x08001809   Thumb Code    12  lto-llvm-df4147.o(.text.USART3_IRQHandler)
    UsageFault_Handler                       0x08001815   Thumb Code     2  lto-llvm-df4147.o(.text.UsageFault_Handler)
    main                                     0x08001819   Thumb Code  2144  lto-llvm-df4147.o(.text.main)
    vTaskSwitchContext                       0x08003cc5   Thumb Code   198  lto-llvm-df4147.o(.text.vTaskSwitchContext)
    _fp_init                                 0x080045fb   Thumb Code    26  fpinit.o(x$fpl$fpinit)
    __fplib_config_fpu_vfp                   0x08004613   Thumb Code     0  fpinit.o(x$fpl$fpinit)
    __fplib_config_pureend_doubles           0x08004613   Thumb Code     0  fpinit.o(x$fpl$fpinit)
    Region$$Table$$Base                      0x08004614   Number         0  anon$$obj.o(Region$$Table)
    Region$$Table$$Limit                     0x08004634   Number         0  anon$$obj.o(Region$$Table)
    __libspace_start                         0x20000008   Data          96  libspace.o(.bss)
    __temporary_stack_top$libspace           0x20000068   Data           0  libspace.o(.bss)



==============================================================================

Memory Map of the image

  Image Entry point : 0x080001ad

  Load Region LR_IROM1 (Base: 0x08000000, Size: 0x00004640, Max: 0x00200000, ABSOLUTE)

    Execution Region ER_IROM1 (Exec base: 0x08000000, Load base: 0x08000000, Size: 0x00004634, Max: 0x00200000, ABSOLUTE)

    Exec Addr    Load Addr    Size         Type   Attr      Idx    E Section Name        Object

    0x08000000   0x08000000   0x000001ac   Data   RO            3    RESET               startup_stm32f429xx.o
    0x080001ac   0x080001ac   0x00000008   Code   RO           50  * !!!main             c_w.l(__main.o)
    0x080001b4   0x080001b4   0x00000034   Code   RO          405    !!!scatter          c_w.l(__scatter.o)
    0x080001e8   0x080001e8   0x0000001a   Code   RO          407    !!handler_copy      c_w.l(__scatter_copy.o)
    0x08000202   0x08000202   0x00000002   PAD
    0x08000204   0x08000204   0x0000001c   Code   RO          409    !!handler_zi        c_w.l(__scatter_zi.o)
    0x08000220   0x08000220   0x00000002   Code   RO           77    .ARM.Collect$$libinit$$00000000  c_w.l(libinit.o)
    0x08000222   0x08000222   0x00000004   Code   RO           83    .ARM.Collect$$libinit$$00000001  c_w.l(libinit2.o)
    0x08000226   0x08000226   0x00000000   Code   RO           86    .ARM.Collect$$libinit$$00000004  c_w.l(libinit2.o)
    0x08000226   0x08000226   0x00000000   Code   RO           88    .ARM.Collect$$libinit$$00000006  c_w.l(libinit2.o)
    0x08000226   0x08000226   0x00000000   Code   RO           91    .ARM.Collect$$libinit$$0000000C  c_w.l(libinit2.o)
    0x08000226   0x08000226   0x00000000   Code   RO           93    .ARM.Collect$$libinit$$0000000E  c_w.l(libinit2.o)
    0x08000226   0x08000226   0x00000000   Code   RO           95    .ARM.Collect$$libinit$$00000010  c_w.l(libinit2.o)
    0x08000226   0x08000226   0x00000000   Code   RO           98    .ARM.Collect$$libinit$$00000013  c_w.l(libinit2.o)
    0x08000226   0x08000226   0x00000000   Code   RO          100    .ARM.Collect$$libinit$$00000015  c_w.l(libinit2.o)
    0x08000226   0x08000226   0x00000000   Code   RO          102    .ARM.Collect$$libinit$$00000017  c_w.l(libinit2.o)
    0x08000226   0x08000226   0x00000000   Code   RO          104    .ARM.Collect$$libinit$$00000019  c_w.l(libinit2.o)
    0x08000226   0x08000226   0x00000000   Code   RO          106    .ARM.Collect$$libinit$$0000001B  c_w.l(libinit2.o)
    0x08000226   0x08000226   0x00000000   Code   RO          108    .ARM.Collect$$libinit$$0000001D  c_w.l(libinit2.o)
    0x08000226   0x08000226   0x00000000   Code   RO          110    .ARM.Collect$$libinit$$0000001F  c_w.l(libinit2.o)
    0x08000226   0x08000226   0x00000000   Code   RO          112    .ARM.Collect$$libinit$$00000021  c_w.l(libinit2.o)
    0x08000226   0x08000226   0x00000000   Code   RO          114    .ARM.Collect$$libinit$$00000023  c_w.l(libinit2.o)
    0x08000226   0x08000226   0x00000000   Code   RO          116    .ARM.Collect$$libinit$$00000025  c_w.l(libinit2.o)
    0x08000226   0x08000226   0x00000000   Code   RO          118    .ARM.Collect$$libinit$$00000027  c_w.l(libinit2.o)
    0x08000226   0x08000226   0x00000000   Code   RO          122    .ARM.Collect$$libinit$$0000002E  c_w.l(libinit2.o)
    0x08000226   0x08000226   0x00000000   Code   RO          124    .ARM.Collect$$libinit$$00000030  c_w.l(libinit2.o)
    0x08000226   0x08000226   0x00000000   Code   RO          126    .ARM.Collect$$libinit$$00000032  c_w.l(libinit2.o)
    0x08000226   0x08000226   0x00000000   Code   RO          128    .ARM.Collect$$libinit$$00000034  c_w.l(libinit2.o)
    0x08000226   0x08000226   0x00000002   Code   RO          129    .ARM.Collect$$libinit$$00000035  c_w.l(libinit2.o)
    0x08000228   0x08000228   0x00000002   Code   RO          151    .ARM.Collect$$libshutdown$$00000000  c_w.l(libshutdown.o)
    0x0800022a   0x0800022a   0x00000000   Code   RO          166    .ARM.Collect$$libshutdown$$00000002  c_w.l(libshutdown2.o)
    0x0800022a   0x0800022a   0x00000000   Code   RO          168    .ARM.Collect$$libshutdown$$00000004  c_w.l(libshutdown2.o)
    0x0800022a   0x0800022a   0x00000000   Code   RO          171    .ARM.Collect$$libshutdown$$00000007  c_w.l(libshutdown2.o)
    0x0800022a   0x0800022a   0x00000000   Code   RO          174    .ARM.Collect$$libshutdown$$0000000A  c_w.l(libshutdown2.o)
    0x0800022a   0x0800022a   0x00000000   Code   RO          176    .ARM.Collect$$libshutdown$$0000000C  c_w.l(libshutdown2.o)
    0x0800022a   0x0800022a   0x00000000   Code   RO          179    .ARM.Collect$$libshutdown$$0000000F  c_w.l(libshutdown2.o)
    0x0800022a   0x0800022a   0x00000002   Code   RO          180    .ARM.Collect$$libshutdown$$00000010  c_w.l(libshutdown2.o)
    0x0800022c   0x0800022c   0x00000000   Code   RO           52    .ARM.Collect$$rtentry$$00000000  c_w.l(__rtentry.o)
    0x0800022c   0x0800022c   0x00000000   Code   RO           54    .ARM.Collect$$rtentry$$00000002  c_w.l(__rtentry2.o)
    0x0800022c   0x0800022c   0x00000006   Code   RO           66    .ARM.Collect$$rtentry$$00000004  c_w.l(__rtentry4.o)
    0x08000232   0x08000232   0x00000000   Code   RO           56    .ARM.Collect$$rtentry$$00000009  c_w.l(__rtentry2.o)
    0x08000232   0x08000232   0x00000004   Code   RO           57    .ARM.Collect$$rtentry$$0000000A  c_w.l(__rtentry2.o)
    0x08000236   0x08000236   0x00000000   Code   RO           59    .ARM.Collect$$rtentry$$0000000C  c_w.l(__rtentry2.o)
    0x08000236   0x08000236   0x00000008   Code   RO           60    .ARM.Collect$$rtentry$$0000000D  c_w.l(__rtentry2.o)
    0x0800023e   0x0800023e   0x00000002   Code   RO           81    .ARM.Collect$$rtexit$$00000000  c_w.l(rtexit.o)
    0x08000240   0x08000240   0x00000000   Code   RO          131    .ARM.Collect$$rtexit$$00000002  c_w.l(rtexit2.o)
    0x08000240   0x08000240   0x00000004   Code   RO          132    .ARM.Collect$$rtexit$$00000003  c_w.l(rtexit2.o)
    0x08000244   0x08000244   0x00000006   Code   RO          133    .ARM.Collect$$rtexit$$00000004  c_w.l(rtexit2.o)
    0x0800024a   0x0800024a   0x00000002   PAD
    0x0800024c   0x0800024c   0x00000040   Code   RO            4    .text               startup_stm32f429xx.o
    0x0800028c   0x0800028c   0x00000006   Code   RO           48    .text               c_w.l(heapauxi.o)
    0x08000292   0x08000292   0x0000004a   Code   RO           68    .text               c_w.l(sys_stackheap_outer.o)
    0x080002dc   0x080002dc   0x00000012   Code   RO           70    .text               c_w.l(exit.o)
    0x080002ee   0x080002ee   0x00000002   PAD
    0x080002f0   0x080002f0   0x00000008   Code   RO           78    .text               c_w.l(libspace.o)
    0x080002f8   0x080002f8   0x0000000c   Code   RO          141    .text               c_w.l(sys_exit.o)
    0x08000304   0x08000304   0x00000002   Code   RO          156    .text               c_w.l(use_no_semi.o)
    0x08000306   0x08000306   0x00000000   Code   RO          158    .text               c_w.l(indicate_semi.o)
    0x08000306   0x08000306   0x000000f0   Code   RO          383    .text               c_w.l(lludivv7m.o)
    0x080003f6   0x080003f6   0x0000008a   Code   RO          385    .text               c_w.l(rt_memcpy_v6.o)
    0x08000480   0x08000480   0x00000010   Code   RO          387    .text               c_w.l(aeabi_memset4.o)
    0x08000490   0x08000490   0x00000064   Code   RO          393    .text               c_w.l(rt_memcpy_w.o)
    0x080004f4   0x080004f4   0x0000004e   Code   RO          395    .text               c_w.l(rt_memclr_w.o)
    0x08000542   0x08000542   0x00000002   PAD
    0x08000544   0x08000544   0x00000002   Code   RO          228    .text.BusFault_Handler  lto-llvm-df4147.o
    0x08000546   0x08000546   0x00000002   PAD
    0x08000548   0x08000548   0x0000000c   Code   RO          240    .text.DMA1_Stream1_IRQHandler  lto-llvm-df4147.o
    0x08000554   0x08000554   0x0000000c   Code   RO          242    .text.DMA1_Stream3_IRQHandler  lto-llvm-df4147.o
    0x08000560   0x08000560   0x0000000c   Code   RO          244    .text.DMA1_Stream5_IRQHandler  lto-llvm-df4147.o
    0x0800056c   0x0800056c   0x0000000c   Code   RO          246    .text.DMA1_Stream6_IRQHandler  lto-llvm-df4147.o
    0x08000578   0x08000578   0x00000002   Code   RO          232    .text.DebugMon_Handler  lto-llvm-df4147.o
    0x0800057a   0x0800057a   0x00000002   PAD
    0x0800057c   0x0800057c   0x00000006   Code   RO          236    .text.EXTI3_IRQHandler  lto-llvm-df4147.o
    0x08000582   0x08000582   0x00000002   PAD
    0x08000584   0x08000584   0x00000006   Code   RO          238    .text.EXTI4_IRQHandler  lto-llvm-df4147.o
    0x0800058a   0x0800058a   0x00000002   PAD
    0x0800058c   0x0800058c   0x000000ac   Code   RO          258    .text.HAL_DMA_Abort  lto-llvm-df4147.o
    0x08000638   0x08000638   0x000001be   Code   RO          260    .text.HAL_DMA_IRQHandler  lto-llvm-df4147.o
    0x080007f6   0x080007f6   0x00000002   PAD
    0x080007f8   0x080007f8   0x00000174   Code   RO          256    .text.HAL_DMA_Init  lto-llvm-df4147.o
    0x0800096c   0x0800096c   0x00000146   Code   RO          254    .text.HAL_GPIO_EXTI_IRQHandler  lto-llvm-df4147.o
    0x08000ab2   0x08000ab2   0x00000002   PAD
    0x08000ab4   0x08000ab4   0x000001a4   Code   RO          252    .text.HAL_GPIO_Init  lto-llvm-df4147.o
    0x08000c58   0x08000c58   0x00000550   Code   RO          266    .text.HAL_UART_IRQHandler  lto-llvm-df4147.o
    0x080011a8   0x080011a8   0x0000036c   Code   RO          262    .text.HAL_UART_Init  lto-llvm-df4147.o
    0x08001514   0x08001514   0x000000c2   Code   RO          264    .text.HAL_UART_Transmit  lto-llvm-df4147.o
    0x080015d6   0x080015d6   0x00000002   PAD
    0x080015d8   0x080015d8   0x00000002   Code   RO          224    .text.HardFault_Handler  lto-llvm-df4147.o
    0x080015da   0x080015da   0x00000002   PAD
    0x080015dc   0x080015dc   0x00000002   Code   RO          226    .text.MemManage_Handler  lto-llvm-df4147.o
    0x080015de   0x080015de   0x00000002   PAD
    0x080015e0   0x080015e0   0x00000002   Code   RO          222    .text.NMI_Handler   lto-llvm-df4147.o
    0x080015e2   0x080015e2   0x0000000e   PAD
    0x080015f0   0x080015f0   0x00000064   Code   RO          314    .text.PendSV_Handler  lto-llvm-df4147.o
    0x08001654   0x08001654   0x0000000c   PAD
    0x08001660   0x08001660   0x00000024   Code   RO          308    .text.SVC_Handler   lto-llvm-df4147.o
    0x08001684   0x08001684   0x00000010   Code   RO          218    .text.StartDefaultTask  lto-llvm-df4147.o
    0x08001694   0x08001694   0x00000056   Code   RO          234    .text.SysTick_Handler  lto-llvm-df4147.o
    0x080016ea   0x080016ea   0x00000002   PAD
    0x080016ec   0x080016ec   0x00000012   Code   RO          272    .text.SystemInit    lto-llvm-df4147.o
    0x080016fe   0x080016fe   0x00000002   PAD
    0x08001700   0x08001700   0x0000000a   Code   RO          270    .text.UART_DMAAbortOnError  lto-llvm-df4147.o
    0x0800170a   0x0800170a   0x00000002   PAD
    0x0800170c   0x0800170c   0x000000f0   Code   RO          268    .text.UART_Receive_IT  lto-llvm-df4147.o
    0x080017fc   0x080017fc   0x0000000c   Code   RO          248    .text.USART2_IRQHandler  lto-llvm-df4147.o
    0x08001808   0x08001808   0x0000000c   Code   RO          250    .text.USART3_IRQHandler  lto-llvm-df4147.o
    0x08001814   0x08001814   0x00000002   Code   RO          230    .text.UsageFault_Handler  lto-llvm-df4147.o
    0x08001816   0x08001816   0x00000002   PAD
    0x08001818   0x08001818   0x00000888   Code   RO          216    .text.main          lto-llvm-df4147.o
    0x080020a0   0x080020a0   0x00000536   Code   RO          284    .text.prvAddNewTaskToReadyList  lto-llvm-df4147.o
    0x080025d6   0x080025d6   0x00000002   PAD
    0x080025d8   0x080025d8   0x00000122   Code   RO          294    .text.prvIdleTask   lto-llvm-df4147.o
    0x080026fa   0x080026fa   0x00000002   PAD
    0x080026fc   0x080026fc   0x00000136   Code   RO          282    .text.prvInitialiseNewTask  lto-llvm-df4147.o
    0x08002832   0x08002832   0x00000002   PAD
    0x08002834   0x08002834   0x00000028   Code   RO          312    .text.prvPortStartFirstTask  lto-llvm-df4147.o
    0x0800285c   0x0800285c   0x0000003e   Code   RO          306    .text.prvTaskExitError  lto-llvm-df4147.o
    0x0800289a   0x0800289a   0x00000002   PAD
    0x0800289c   0x0800289c   0x0000085a   Code   RO          300    .text.prvTimerTask  lto-llvm-df4147.o
    0x080030f6   0x080030f6   0x00000002   PAD
    0x080030f8   0x080030f8   0x0000014e   Code   RO          276    .text.prvUnlockQueue  lto-llvm-df4147.o
    0x08003246   0x08003246   0x00000002   PAD
    0x08003248   0x08003248   0x00000220   Code   RO          302    .text.pvPortMalloc  lto-llvm-df4147.o
    0x08003468   0x08003468   0x0000006c   Code   RO          214    .text.taskSendLoRa  lto-llvm-df4147.o
    0x080034d4   0x080034d4   0x00000014   Code   RO          310    .text.vPortEnableVFP  lto-llvm-df4147.o
    0x080034e8   0x080034e8   0x000000f8   Code   RO          304    .text.vPortFree     lto-llvm-df4147.o
    0x080035e0   0x080035e0   0x00000182   Code   RO          290    .text.vTaskDelay    lto-llvm-df4147.o
    0x08003762   0x08003762   0x00000002   PAD
    0x08003764   0x08003764   0x00000560   Code   RO          292    .text.vTaskStartScheduler  lto-llvm-df4147.o
    0x08003cc4   0x08003cc4   0x000000c6   Code   RO          280    .text.vTaskSwitchContext  lto-llvm-df4147.o
    0x08003d8a   0x08003d8a   0x00000002   PAD
    0x08003d8c   0x08003d8c   0x0000016a   Code   RO          274    .text.xQueueGenericSend  lto-llvm-df4147.o
    0x08003ef6   0x08003ef6   0x00000002   PAD
    0x08003ef8   0x08003ef8   0x0000010c   Code   RO          278    .text.xQueueReceive  lto-llvm-df4147.o
    0x08004004   0x08004004   0x000001b2   Code   RO          288    .text.xTaskIncrementTick  lto-llvm-df4147.o
    0x080041b6   0x080041b6   0x00000002   PAD
    0x080041b8   0x080041b8   0x000000ca   Code   RO          298    .text.xTaskPriorityDisinherit  lto-llvm-df4147.o
    0x08004282   0x08004282   0x00000002   PAD
    0x08004284   0x08004284   0x000000f2   Code   RO          296    .text.xTaskRemoveFromEventList  lto-llvm-df4147.o
    0x08004376   0x08004376   0x00000002   PAD
    0x08004378   0x08004378   0x00000282   Code   RO          286    .text.xTaskResumeAll  lto-llvm-df4147.o
    0x080045fa   0x080045fa   0x0000001a   Code   RO          139    x$fpl$fpinit        fz_wm.l(fpinit.o)
    0x08004614   0x08004614   0x00000020   Data   RO          404    Region$$Table       anon$$obj.o


    Execution Region RW_IRAM2 (Exec base: 0x10000000, Load base: 0x08004640, Size: 0x00000000, Max: 0x00010000, ABSOLUTE)

    **** No section assigned to this execution region ****


    Execution Region RW_IRAM1 (Exec base: 0x20000000, Load base: 0x08004638, Size: 0x000051d8, Max: 0x00030000, ABSOLUTE)

    Exec Addr    Load Addr    Size         Type   Attr      Idx    E Section Name        Object

    0x20000000   0x08004638   0x00000004   Data   RW          375    .data.SystemCoreClock  lto-llvm-df4147.o
    0x20000004   0x0800463c   0x00000004   Data   RW          374    .data.uxCriticalNesting  lto-llvm-df4147.o
    0x20000008        -       0x00000060   Zero   RW           79    .bss                c_w.l(libspace.o)
    0x20000068        -       0x00000004   Zero   RW          359    .bss.KernelState    lto-llvm-df4147.o
    0x2000006c        -       0x00000004   Zero   RW          319    .bss.defaultTaskHandle  lto-llvm-df4147.o
    0x20000070        -       0x00000004   Zero   RW          317    .bss.handleSYN6288  lto-llvm-df4147.o
    0x20000074        -       0x00000060   Zero   RW          322    .bss.hdma_usart2_rx  lto-llvm-df4147.o
    0x200000d4        -       0x00000060   Zero   RW          323    .bss.hdma_usart2_tx  lto-llvm-df4147.o
    0x20000134        -       0x00000060   Zero   RW          320    .bss.hdma_usart3_rx  lto-llvm-df4147.o
    0x20000194        -       0x00000060   Zero   RW          321    .bss.hdma_usart3_tx  lto-llvm-df4147.o
    0x200001f4        -       0x00000044   Zero   RW          324    .bss.huart2         lto-llvm-df4147.o
    0x20000238        -       0x00000044   Zero   RW          325    .bss.huart3         lto-llvm-df4147.o
    0x2000027c        -       0x000000a0   Zero   RW          358    .bss.prvCheckForValidListAndQueue.ucStaticTimerQueueStorage  lto-llvm-df4147.o
    0x2000031c        -       0x00000050   Zero   RW          357    .bss.prvCheckForValidListAndQueue.xStaticTimerQueue  lto-llvm-df4147.o
    0x2000036c        -       0x00000004   Zero   RW          354    .bss.prvSampleTimeNow.xLastTime  lto-llvm-df4147.o
    0x20000370        -       0x00000004   Zero   RW          329    .bss.pxCurrentTCB   lto-llvm-df4147.o
    0x20000374        -       0x00000004   Zero   RW          352    .bss.pxCurrentTimerList  lto-llvm-df4147.o
    0x20000378        -       0x00000004   Zero   RW          337    .bss.pxDelayedTaskList  lto-llvm-df4147.o
    0x2000037c        -       0x00000004   Zero   RW          364    .bss.pxEnd          lto-llvm-df4147.o
    0x20000380        -       0x00000004   Zero   RW          338    .bss.pxOverflowDelayedTaskList  lto-llvm-df4147.o
    0x20000384        -       0x00000004   Zero   RW          353    .bss.pxOverflowTimerList  lto-llvm-df4147.o
    0x20000388        -       0x00000460   Zero   RW          340    .bss.pxReadyTasksLists  lto-llvm-df4147.o
    0x200007e8        -       0x00000004   Zero   RW          316    .bss.queueMode      lto-llvm-df4147.o
    0x200007ec        -       0x00003c00   Zero   RW          371    .bss.ucHeap         lto-llvm-df4147.o
    0x200043ec        -       0x00000001   Zero   RW          372    .bss.ucMaxSysCallPriority  lto-llvm-df4147.o
    0x200043ed   0x08004640   0x00000003   PAD
    0x200043f0        -       0x00000004   Zero   RW          373    .bss.ulMaxPRIGROUPValue  lto-llvm-df4147.o
    0x200043f4        -       0x00000004   Zero   RW          327    .bss.uwTick         lto-llvm-df4147.o
    0x200043f8        -       0x00000001   Zero   RW          326    .bss.uwTickPrio     lto-llvm-df4147.o
    0x200043f9   0x08004640   0x00000003   PAD
    0x200043fc        -       0x00000004   Zero   RW          333    .bss.uxCurrentNumberOfTasks  lto-llvm-df4147.o
    0x20004400        -       0x00000004   Zero   RW          332    .bss.uxDeletedTasksWaitingCleanUp  lto-llvm-df4147.o
    0x20004404        -       0x00000004   Zero   RW          335    .bss.uxSchedulerSuspended  lto-llvm-df4147.o
    0x20004408        -       0x00000004   Zero   RW          330    .bss.uxTaskNumber   lto-llvm-df4147.o
    0x2000440c        -       0x00000004   Zero   RW          341    .bss.uxTopReadyPriority  lto-llvm-df4147.o
    0x20004410        -       0x00000200   Zero   RW          361    .bss.vApplicationGetIdleTaskMemory.Idle_Stack  lto-llvm-df4147.o
    0x20004610        -       0x0000005c   Zero   RW          360    .bss.vApplicationGetIdleTaskMemory.Idle_TCB  lto-llvm-df4147.o
    0x2000466c        -       0x00000400   Zero   RW          363    .bss.vApplicationGetTimerTaskMemory.Timer_Stack  lto-llvm-df4147.o
    0x20004a6c        -       0x0000005c   Zero   RW          362    .bss.vApplicationGetTimerTaskMemory.Timer_TCB  lto-llvm-df4147.o
    0x20004ac8        -       0x00000014   Zero   RW          355    .bss.xActiveTimerList1  lto-llvm-df4147.o
    0x20004adc        -       0x00000014   Zero   RW          356    .bss.xActiveTimerList2  lto-llvm-df4147.o
    0x20004af0        -       0x00000001   Zero   RW          365    .bss.xBlockAllocatedBit  lto-llvm-df4147.o
    0x20004af1   0x08004640   0x00000003   PAD
    0x20004af4        -       0x00000014   Zero   RW          348    .bss.xDelayedTaskList1  lto-llvm-df4147.o
    0x20004b08        -       0x00000014   Zero   RW          349    .bss.xDelayedTaskList2  lto-llvm-df4147.o
    0x20004b1c        -       0x00000004   Zero   RW          366    .bss.xFreeBytesRemaining  lto-llvm-df4147.o
    0x20004b20        -       0x00000004   Zero   RW          343    .bss.xIdleTaskHandle  lto-llvm-df4147.o
    0x20004b24        -       0x00000004   Zero   RW          368    .bss.xMinimumEverFreeBytesRemaining  lto-llvm-df4147.o
    0x20004b28        -       0x00000004   Zero   RW          344    .bss.xNextTaskUnblockTime  lto-llvm-df4147.o
    0x20004b2c        -       0x00000004   Zero   RW          347    .bss.xNumOfOverflows  lto-llvm-df4147.o
    0x20004b30        -       0x00000004   Zero   RW          369    .bss.xNumberOfSuccessfulAllocations  lto-llvm-df4147.o
    0x20004b34        -       0x00000004   Zero   RW          370    .bss.xNumberOfSuccessfulFrees  lto-llvm-df4147.o
    0x20004b38        -       0x00000004   Zero   RW          346    .bss.xPendedTicks   lto-llvm-df4147.o
    0x20004b3c        -       0x00000014   Zero   RW          342    .bss.xPendingReadyList  lto-llvm-df4147.o
    0x20004b50        -       0x00000040   Zero   RW          328    .bss.xQueueRegistry  lto-llvm-df4147.o
    0x20004b90        -       0x00000004   Zero   RW          334    .bss.xSchedulerRunning  lto-llvm-df4147.o
    0x20004b94        -       0x00000008   Zero   RW          367    .bss.xStart         lto-llvm-df4147.o
    0x20004b9c        -       0x00000014   Zero   RW          339    .bss.xSuspendedTaskList  lto-llvm-df4147.o
    0x20004bb0        -       0x00000014   Zero   RW          331    .bss.xTasksWaitingTermination  lto-llvm-df4147.o
    0x20004bc4        -       0x00000004   Zero   RW          336    .bss.xTickCount     lto-llvm-df4147.o
    0x20004bc8        -       0x00000004   Zero   RW          350    .bss.xTimerQueue    lto-llvm-df4147.o
    0x20004bcc        -       0x00000004   Zero   RW          351    .bss.xTimerTaskHandle  lto-llvm-df4147.o
    0x20004bd0        -       0x00000004   Zero   RW          345    .bss.xYieldPending  lto-llvm-df4147.o
    0x20004bd4   0x08004640   0x00000004   PAD
    0x20004bd8        -       0x00000200   Zero   RW            2    HEAP                startup_stm32f429xx.o
    0x20004dd8        -       0x00000400   Zero   RW            1    STACK               startup_stm32f429xx.o


==============================================================================

Image component sizes


      Code (inc. data)   RO Data    RW Data    ZI Data      Debug   Object Name

     16490        138          0          8      19299     109908   lto-llvm-df4147.o
        64         26        428          0       1536        852   startup_stm32f429xx.o

    ----------------------------------------------------------------------
     16630        176        460          8      20848     110760   Object Totals
         0          0         32          0          0          0   (incl. Generated)
        76         12          0          0         13          0   (incl. Padding)

    ----------------------------------------------------------------------

      Code (inc. data)   RO Data    RW Data    ZI Data      Debug   Library Member Name

         8          0          0          0          0         68   __main.o
         0          0          0          0          0          0   __rtentry.o
        12          0          0          0          0          0   __rtentry2.o
         6          0          0          0          0          0   __rtentry4.o
        52          8          0          0          0          0   __scatter.o
        26          0          0          0          0          0   __scatter_copy.o
        28          0          0          0          0          0   __scatter_zi.o
        16          0          0          0          0         68   aeabi_memset4.o
        18          0          0          0          0         80   exit.o
         6          0          0          0          0        152   heapauxi.o
         0          0          0          0          0          0   indicate_semi.o
         2          0          0          0          0          0   libinit.o
         6          0          0          0          0          0   libinit2.o
         2          0          0          0          0          0   libshutdown.o
         2          0          0          0          0          0   libshutdown2.o
         8          4          0          0         96         68   libspace.o
       240          0          0          0          0        100   lludivv7m.o
        78          0          0          0          0         80   rt_memclr_w.o
       138          0          0          0          0         68   rt_memcpy_v6.o
       100          0          0          0          0         80   rt_memcpy_w.o
         2          0          0          0          0          0   rtexit.o
        10          0          0          0          0          0   rtexit2.o
        12          4          0          0          0         68   sys_exit.o
        74          0          0          0          0         80   sys_stackheap_outer.o
         2          0          0          0          0         68   use_no_semi.o
        26          0          0          0          0        116   fpinit.o

    ----------------------------------------------------------------------
       882         16          0          0         96       1096   Library Totals
         8          0          0          0          0          0   (incl. Padding)

    ----------------------------------------------------------------------

      Code (inc. data)   RO Data    RW Data    ZI Data      Debug   Library Name

       848         16          0          0         96        980   c_w.l
        26          0          0          0          0        116   fz_wm.l

    ----------------------------------------------------------------------
       882         16          0          0         96       1096   Library Totals

    ----------------------------------------------------------------------

==============================================================================


      Code (inc. data)   RO Data    RW Data    ZI Data      Debug   

     17512        192        460          8      20944     111440   Grand Totals
     17512        192        460          8      20944     111440   ELF Image Totals
     17512        192        460          8          0          0   ROM Totals

==============================================================================

    Total RO  Size (Code + RO Data)                17972 (  17.55kB)
    Total RW  Size (RW Data + ZI Data)             20952 (  20.46kB)
    Total ROM Size (Code + RO Data + RW Data)      17980 (  17.56kB)

==============================================================================

